Component: ARM Compiler 6.16 Tool: armlink [5dfeaa00]

==============================================================================

Section Cross References

    main.o(.text.HAL_GetTick) refers to rtx_kernel.o(.text.osKernelGetState) for osKernelGetState
    main.o(.text.HAL_GetTick) refers to rtx_kernel.o(.text.osKernelGetTickCount) for osKernelGetTickCount
    main.o(.text.HAL_GetTick) refers to system_stm32f4xx.o(.data.SystemCoreClock) for SystemCoreClock
    main.o(.text.HAL_GetTick) refers to main.o(.bss.HAL_GetTick.ticks) for HAL_GetTick.ticks
    main.o(.ARM.exidx.text.HAL_GetTick) refers to main.o(.text.HAL_GetTick) for [Anonymous Symbol]
    main.o(.text.main) refers to stm32f4xx_hal.o(.text.HAL_Init) for HAL_Init
    main.o(.text.main) refers to main.o(.text.SystemClock_Config) for SystemClock_Config
    main.o(.text.main) refers to system_stm32f4xx.o(.text.SystemCoreClockUpdate) for SystemCoreClockUpdate
    main.o(.text.main) refers to configuracion.o(.text.configuracion) for configuracion
    main.o(.text.main) refers to pwm.o(.text.Init_PWM_Pin) for Init_PWM_Pin
    main.o(.text.main) refers to adc.o(.text.ADC1_pins_F429ZI_config) for ADC1_pins_F429ZI_config
    main.o(.text.main) refers to mando.o(.text.Init_Mando_Pin) for Init_Mando_Pin
    main.o(.text.main) refers to puertagaraje.o(.text.init_servo) for init_servo
    main.o(.text.main) refers to puertagaraje.o(.text.init_PWM) for init_PWM
    main.o(.text.main) refers to rtx_kernel.o(.text.osKernelInitialize) for osKernelInitialize
    main.o(.text.main) refers to mando.o(.text.Init_ThMando) for Init_ThMando
    main.o(.text.main) refers to puertagaraje.o(.text.Init_ThGaraje) for Init_ThGaraje
    main.o(.text.main) refers to mando.o(.text.Init_ThRebotes) for Init_ThRebotes
    main.o(.text.main) refers to pwm.o(.text.Init_ThPWM) for Init_ThPWM
    main.o(.text.main) refers to rtx_kernel.o(.text.osKernelStart) for osKernelStart
    main.o(.ARM.exidx.text.main) refers to main.o(.text.main) for [Anonymous Symbol]
    main.o(.text.SystemClock_Config) refers to stm32f4xx_hal_rcc.o(.text.HAL_RCC_OscConfig) for HAL_RCC_OscConfig
    main.o(.text.SystemClock_Config) refers to stm32f4xx_hal_rcc.o(.text.HAL_RCC_ClockConfig) for HAL_RCC_ClockConfig
    main.o(.text.SystemClock_Config) refers to stm32f4xx_hal.o(.text.HAL_GetREVID) for HAL_GetREVID
    main.o(.ARM.exidx.text.SystemClock_Config) refers to main.o(.text.SystemClock_Config) for [Anonymous Symbol]
    pwm.o(.text.Init_PWM_Pin) refers to pwm.o(.bss.GPIO_InitStruct) for GPIO_InitStruct
    pwm.o(.text.Init_PWM_Pin) refers to stm32f4xx_hal_gpio.o(.text.HAL_GPIO_Init) for HAL_GPIO_Init
    pwm.o(.text.Init_PWM_Pin) refers to pwm.o(.bss.htim4) for htim4
    pwm.o(.text.Init_PWM_Pin) refers to stm32f4xx_hal_tim.o(.text.HAL_TIM_PWM_Init) for HAL_TIM_PWM_Init
    pwm.o(.text.Init_PWM_Pin) refers to pwm.o(.bss.Channel_Tim4_Config) for Channel_Tim4_Config
    pwm.o(.text.Init_PWM_Pin) refers to stm32f4xx_hal_tim.o(.text.HAL_TIM_PWM_ConfigChannel) for HAL_TIM_PWM_ConfigChannel
    pwm.o(.ARM.exidx.text.Init_PWM_Pin) refers to pwm.o(.text.Init_PWM_Pin) for [Anonymous Symbol]
    pwm.o(.text.Config_PWM_Pulse) refers to pwm.o(.bss.porcentaje) for porcentaje
    pwm.o(.text.Config_PWM_Pulse) refers to pwm.o(.bss.htim4) for htim4
    pwm.o(.text.Config_PWM_Pulse) refers to stm32f4xx_hal_tim.o(.text.HAL_TIM_PWM_DeInit) for HAL_TIM_PWM_DeInit
    pwm.o(.text.Config_PWM_Pulse) refers to stm32f4xx_hal_tim.o(.text.HAL_TIM_PWM_Stop) for HAL_TIM_PWM_Stop
    pwm.o(.text.Config_PWM_Pulse) refers to stm32f4xx_hal_tim.o(.text.HAL_TIM_OC_Init) for HAL_TIM_OC_Init
    pwm.o(.text.Config_PWM_Pulse) refers to stm32f4xx_hal_tim.o(.text.HAL_TIM_PWM_Init) for HAL_TIM_PWM_Init
    pwm.o(.text.Config_PWM_Pulse) refers to pwm.o(.bss.Channel_Tim4_Config) for Channel_Tim4_Config
    pwm.o(.text.Config_PWM_Pulse) refers to stm32f4xx_hal_tim.o(.text.HAL_TIM_PWM_ConfigChannel) for HAL_TIM_PWM_ConfigChannel
    pwm.o(.text.Config_PWM_Pulse) refers to stm32f4xx_hal_tim.o(.text.HAL_TIM_PWM_Start) for HAL_TIM_PWM_Start
    pwm.o(.ARM.exidx.text.Config_PWM_Pulse) refers to pwm.o(.text.Config_PWM_Pulse) for [Anonymous Symbol]
    pwm.o(.text.Init_ThPWM) refers to pwm.o(.text.ThPWM) for ThPWM
    pwm.o(.text.Init_ThPWM) refers to rtx_thread.o(.text.osThreadNew) for osThreadNew
    pwm.o(.text.Init_ThPWM) refers to pwm.o(.bss.tid_ThPWM) for tid_ThPWM
    pwm.o(.text.Init_ThPWM) refers to pwm.o(.text.Init_PWM_Pin) for Init_PWM_Pin
    pwm.o(.ARM.exidx.text.Init_ThPWM) refers to pwm.o(.text.Init_ThPWM) for [Anonymous Symbol]
    pwm.o(.text.ThPWM) refers to pwm.o(.bss.adc) for adc
    pwm.o(.text.ThPWM) refers to pwm.o(.bss.luzz) for luzz
    pwm.o(.text.ThPWM) refers to stm32f4xx_hal.o(.text.HAL_Delay) for HAL_Delay
    pwm.o(.text.ThPWM) refers to adc.o(.text.ADC_Init_Single_Conversion) for ADC_Init_Single_Conversion
    pwm.o(.text.ThPWM) refers to adc.o(.text.ADC_getVoltage) for ADC_getVoltage
[...]
    EvrRtxMessageQueueGet                    0x08001939   Thumb Code    32  rtx_evr.o(.text.EvrRtxMessageQueueGet)
    EvrRtxMessageQueueGetPending             0x08001959   Thumb Code    34  rtx_evr.o(.text.EvrRtxMessageQueueGetPending)
    EvrRtxMessageQueueGetTimeout             0x0800197d   Thumb Code    20  rtx_evr.o(.text.EvrRtxMessageQueueGetTimeout)
    EvrRtxMessageQueueInsertPending          0x08001991   Thumb Code    20  rtx_evr.o(.text.EvrRtxMessageQueueInsertPending)
    EvrRtxMessageQueueInserted               0x080019a5   Thumb Code    20  rtx_evr.o(.text.EvrRtxMessageQueueInserted)
    EvrRtxMessageQueueNotInserted            0x080019b9   Thumb Code    20  rtx_evr.o(.text.EvrRtxMessageQueueNotInserted)
    EvrRtxMessageQueueNotRetrieved           0x080019cd   Thumb Code    20  rtx_evr.o(.text.EvrRtxMessageQueueNotRetrieved)
    EvrRtxMessageQueuePut                    0x080019e1   Thumb Code    32  rtx_evr.o(.text.EvrRtxMessageQueuePut)
    EvrRtxMessageQueuePutPending             0x08001a01   Thumb Code    34  rtx_evr.o(.text.EvrRtxMessageQueuePutPending)
    EvrRtxMessageQueuePutTimeout             0x08001a25   Thumb Code    20  rtx_evr.o(.text.EvrRtxMessageQueuePutTimeout)
    EvrRtxMessageQueueRetrieved              0x08001a39   Thumb Code    20  rtx_evr.o(.text.EvrRtxMessageQueueRetrieved)
    EvrRtxMutexAcquire                       0x08001a4d   Thumb Code    20  rtx_evr.o(.text.EvrRtxMutexAcquire)
    EvrRtxMutexAcquirePending                0x08001a61   Thumb Code    20  rtx_evr.o(.text.EvrRtxMutexAcquirePending)
    EvrRtxMutexAcquireTimeout                0x08001a75   Thumb Code    20  rtx_evr.o(.text.EvrRtxMutexAcquireTimeout)
    EvrRtxMutexAcquired                      0x08001a89   Thumb Code    20  rtx_evr.o(.text.EvrRtxMutexAcquired)
    EvrRtxMutexCreated                       0x08001a9d   Thumb Code    20  rtx_evr.o(.text.EvrRtxMutexCreated)
    EvrRtxMutexDelete                        0x08001ab1   Thumb Code    20  rtx_evr.o(.text.EvrRtxMutexDelete)
    EvrRtxMutexDestroyed                     0x08001ac5   Thumb Code    20  rtx_evr.o(.text.EvrRtxMutexDestroyed)
    EvrRtxMutexError                         0x08001ad9   Thumb Code    16  rtx_evr.o(.text.EvrRtxMutexError)
    EvrRtxMutexNew                           0x08001ae9   Thumb Code    20  rtx_evr.o(.text.EvrRtxMutexNew)
    EvrRtxMutexNotAcquired                   0x08001afd   Thumb Code    20  rtx_evr.o(.text.EvrRtxMutexNotAcquired)
    EvrRtxMutexRelease                       0x08001b11   Thumb Code    20  rtx_evr.o(.text.EvrRtxMutexRelease)
    EvrRtxMutexReleased                      0x08001b25   Thumb Code    20  rtx_evr.o(.text.EvrRtxMutexReleased)
    EvrRtxSemaphoreAcquireTimeout            0x08001b39   Thumb Code    20  rtx_evr.o(.text.EvrRtxSemaphoreAcquireTimeout)
    EvrRtxThreadBlocked                      0x08001b4d   Thumb Code    20  rtx_evr.o(.text.EvrRtxThreadBlocked)
    EvrRtxThreadCreated                      0x08001b61   Thumb Code    28  rtx_evr.o(.text.EvrRtxThreadCreated)
    EvrRtxThreadDestroyed                    0x08001b7d   Thumb Code    20  rtx_evr.o(.text.EvrRtxThreadDestroyed)
    EvrRtxThreadError                        0x08001b91   Thumb Code    16  rtx_evr.o(.text.EvrRtxThreadError)
    EvrRtxThreadExit                         0x08001ba1   Thumb Code    20  rtx_evr.o(.text.EvrRtxThreadExit)
    EvrRtxThreadFlagsError                   0x08001bb5   Thumb Code    16  rtx_evr.o(.text.EvrRtxThreadFlagsError)
    EvrRtxThreadFlagsSet                     0x08001bc5   Thumb Code    20  rtx_evr.o(.text.EvrRtxThreadFlagsSet)
    EvrRtxThreadFlagsSetDone                 0x08001bd9   Thumb Code    20  rtx_evr.o(.text.EvrRtxThreadFlagsSetDone)
    EvrRtxThreadFlagsWait                    0x08001bed   Thumb Code    34  rtx_evr.o(.text.EvrRtxThreadFlagsWait)
    EvrRtxThreadFlagsWaitCompleted           0x08001c11   Thumb Code    32  rtx_evr.o(.text.EvrRtxThreadFlagsWaitCompleted)
    EvrRtxThreadFlagsWaitNotCompleted        0x08001c31   Thumb Code    20  rtx_evr.o(.text.EvrRtxThreadFlagsWaitNotCompleted)
    EvrRtxThreadFlagsWaitPending             0x08001c45   Thumb Code    34  rtx_evr.o(.text.EvrRtxThreadFlagsWaitPending)
    EvrRtxThreadFlagsWaitTimeout             0x08001c69   Thumb Code    20  rtx_evr.o(.text.EvrRtxThreadFlagsWaitTimeout)
    EvrRtxThreadGetId                        0x08001c7d   Thumb Code    20  rtx_evr.o(.text.EvrRtxThreadGetId)
    EvrRtxThreadJoined                       0x08001c91   Thumb Code    20  rtx_evr.o(.text.EvrRtxThreadJoined)
    EvrRtxThreadNew                          0x08001ca5   Thumb Code    34  rtx_evr.o(.text.EvrRtxThreadNew)
    EvrRtxThreadPreempted                    0x08001cc9   Thumb Code    20  rtx_evr.o(.text.EvrRtxThreadPreempted)
    EvrRtxThreadSwitched                     0x08001cdd   Thumb Code    20  rtx_evr.o(.text.EvrRtxThreadSwitched)
    EvrRtxThreadUnblocked                    0x08001cf1   Thumb Code    20  rtx_evr.o(.text.EvrRtxThreadUnblocked)
    EvrRtxThreadYield                        0x08001d05   Thumb Code    20  rtx_evr.o(.text.EvrRtxThreadYield)
    EvrRtxTimerCallback                      0x08001d19   Thumb Code    20  rtx_evr.o(.text.EvrRtxTimerCallback)
    EvrRtxTimerCreated                       0x08001d2d   Thumb Code    20  rtx_evr.o(.text.EvrRtxTimerCreated)
    EvrRtxTimerError                         0x08001d41   Thumb Code    16  rtx_evr.o(.text.EvrRtxTimerError)
    EvrRtxTimerNew                           0x08001d51   Thumb Code    32  rtx_evr.o(.text.EvrRtxTimerNew)
    EvrRtxTimerStart                         0x08001d71   Thumb Code    20  rtx_evr.o(.text.EvrRtxTimerStart)
    EvrRtxTimerStarted                       0x08001d85   Thumb Code    20  rtx_evr.o(.text.EvrRtxTimerStarted)
    EvrRtxTimerStop                          0x08001d99   Thumb Code    20  rtx_evr.o(.text.EvrRtxTimerStop)
    EvrRtxTimerStopped                       0x08001dad   Thumb Code    20  rtx_evr.o(.text.EvrRtxTimerStopped)
    HAL_ADC_ConfigChannel                    0x08001ddd   Thumb Code   296  stm32f4xx_hal_adc.o(.text.HAL_ADC_ConfigChannel)
    HAL_ADC_GetValue                         0x08001f05   Thumb Code     6  stm32f4xx_hal_adc.o(.text.HAL_ADC_GetValue)
    HAL_ADC_Init                             0x08001f0d   Thumb Code    78  stm32f4xx_hal_adc.o(.text.HAL_ADC_Init)
    HAL_ADC_MspInit                          0x08001f5d   Thumb Code     2  stm32f4xx_hal_adc.o(.text.HAL_ADC_MspInit)
    HAL_ADC_PollForConversion                0x08001f61   Thumb Code   180  stm32f4xx_hal_adc.o(.text.HAL_ADC_PollForConversion)
    HAL_ADC_Start                            0x08002015   Thumb Code   276  stm32f4xx_hal_adc.o(.text.HAL_ADC_Start)
    HAL_Delay                                0x08002129   Thumb Code    40  stm32f4xx_hal.o(.text.HAL_Delay)
    HAL_GPIO_EXTI_Callback                   0x08002151   Thumb Code    76  mando.o(.text.HAL_GPIO_EXTI_Callback)
    HAL_GPIO_EXTI_IRQHandler                 0x0800219d   Thumb Code    26  stm32f4xx_hal_gpio.o(.text.HAL_GPIO_EXTI_IRQHandler)
    HAL_GPIO_Init                            0x080021b9   Thumb Code   410  stm32f4xx_hal_gpio.o(.text.HAL_GPIO_Init)
    HAL_GPIO_ReadPin                         0x08002355   Thumb Code    10  stm32f4xx_hal_gpio.o(.text.HAL_GPIO_ReadPin)
    HAL_GPIO_WritePin                        0x08002361   Thumb Code    10  stm32f4xx_hal_gpio.o(.text.HAL_GPIO_WritePin)
    HAL_GetREVID                             0x0800236d   Thumb Code    14  stm32f4xx_hal.o(.text.HAL_GetREVID)
    HAL_GetTick                              0x0800237d   Thumb Code    80  main.o(.text.HAL_GetTick)
    HAL_Init                                 0x080023cd   Thumb Code    46  stm32f4xx_hal.o(.text.HAL_Init)
    HAL_InitTick                             0x080023fd   Thumb Code    80  stm32f4xx_hal.o(.text.HAL_InitTick)
    HAL_MspInit                              0x0800244d   Thumb Code     2  stm32f4xx_hal.o(.text.HAL_MspInit)
    HAL_NVIC_EnableIRQ                       0x08002451   Thumb Code     8  stm32f4xx_hal_cortex.o(.text.HAL_NVIC_EnableIRQ)
    HAL_NVIC_SetPriority                     0x08002459   Thumb Code    30  stm32f4xx_hal_cortex.o(.text.HAL_NVIC_SetPriority)
    HAL_NVIC_SetPriorityGrouping             0x08002479   Thumb Code     8  stm32f4xx_hal_cortex.o(.text.HAL_NVIC_SetPriorityGrouping)
    HAL_RCC_ClockConfig                      0x08002481   Thumb Code   352  stm32f4xx_hal_rcc.o(.text.HAL_RCC_ClockConfig)
    HAL_RCC_GetSysClockFreq                  0x080025e1   Thumb Code   106  stm32f4xx_hal_rcc.o(.text.HAL_RCC_GetSysClockFreq)
    HAL_RCC_OscConfig                        0x0800264d   Thumb Code   820  stm32f4xx_hal_rcc.o(.text.HAL_RCC_OscConfig)
    HAL_SYSTICK_Config                       0x08002981   Thumb Code     8  stm32f4xx_hal_cortex.o(.text.HAL_SYSTICK_Config)
    HAL_TIM_OC_Init                          0x08002989   Thumb Code    54  stm32f4xx_hal_tim.o(.text.HAL_TIM_OC_Init)
    HAL_TIM_OC_MspInit                       0x080029c1   Thumb Code     2  stm32f4xx_hal_tim.o(.text.HAL_TIM_OC_MspInit)
    HAL_TIM_PWM_ConfigChannel                0x080029c5   Thumb Code   160  stm32f4xx_hal_tim.o(.text.HAL_TIM_PWM_ConfigChannel)
    HAL_TIM_PWM_DeInit                       0x08002a65   Thumb Code    60  stm32f4xx_hal_tim.o(.text.HAL_TIM_PWM_DeInit)
    HAL_TIM_PWM_Init                         0x08002aa1   Thumb Code    54  stm32f4xx_hal_tim.o(.text.HAL_TIM_PWM_Init)
    HAL_TIM_PWM_MspDeInit                    0x08002ad9   Thumb Code     2  stm32f4xx_hal_tim.o(.text.HAL_TIM_PWM_MspDeInit)
    HAL_TIM_PWM_MspInit                      0x08002add   Thumb Code     2  stm32f4xx_hal_tim.o(.text.HAL_TIM_PWM_MspInit)
    HAL_TIM_PWM_Start                        0x08002ae1   Thumb Code    60  stm32f4xx_hal_tim.o(.text.HAL_TIM_PWM_Start)
    HAL_TIM_PWM_Stop                         0x08002b1d   Thumb Code    96  stm32f4xx_hal_tim.o(.text.HAL_TIM_PWM_Stop)
    ITM_SendChar                             0x08002b7d   Thumb Code    46  retarget_io.o(.text.ITM_SendChar)
    Init_Mando_Pin                           0x08002be9   Thumb Code    78  mando.o(.text.Init_Mando_Pin)
    Init_PWM_Pin                             0x08002c39   Thumb Code   150  pwm.o(.text.Init_PWM_Pin)
    Init_ThGaraje                            0x08002cd1   Thumb Code    44  puertagaraje.o(.text.Init_ThGaraje)
    Init_ThMando                             0x08002cfd   Thumb Code    38  mando.o(.text.Init_ThMando)
    Init_ThPWM                               0x08002d25   Thumb Code    44  pwm.o(.text.Init_ThPWM)
    Init_ThRebotes                           0x08002d51   Thumb Code    44  mando.o(.text.Init_ThRebotes)
    OS_Tick_AcknowledgeIRQ                   0x08003005   Thumb Code    12  os_systick.o(.text.OS_Tick_AcknowledgeIRQ)
    OS_Tick_Enable                           0x08003011   Thumb Code    50  os_systick.o(.text.OS_Tick_Enable)
    OS_Tick_GetIRQn                          0x08003045   Thumb Code     6  os_systick.o(.text.OS_Tick_GetIRQn)
    OS_Tick_Setup                            0x0800304d   Thumb Code    72  os_systick.o(.text.OS_Tick_Setup)
    SystemCoreClockUpdate                    0x080031b1   Thumb Code   126  system_stm32f4xx.o(.text.SystemCoreClockUpdate)
    SystemInit                               0x08003231   Thumb Code    26  system_stm32f4xx.o(.text.SystemInit)
    TIM_Base_SetConfig                       0x0800324d   Thumb Code   292  stm32f4xx_hal_tim.o(.text.TIM_Base_SetConfig)
    TIM_CCxChannelCmd                        0x08003371   Thumb Code    36  stm32f4xx_hal_tim.o(.text.TIM_CCxChannelCmd)
    TIM_OC2_SetConfig                        0x080033f9   Thumb Code   106  stm32f4xx_hal_tim.o(.text.TIM_OC2_SetConfig)
    ThGaraje                                 0x0800351d   Thumb Code   122  puertagaraje.o(.text.ThGaraje)
    ThPWM                                    0x08003599   Thumb Code    96  pwm.o(.text.ThPWM)
    ThRebotes                                0x080035f9   Thumb Code    38  mando.o(.text.ThRebotes)
    __user_perthread_libspace                0x080037c9   Thumb Code    86  rtx_lib.o(.text.__user_perthread_libspace)
    _mutex_acquire                           0x08003821   Thumb Code    26  rtx_lib.o(.text._mutex_acquire)
    _mutex_free                              0x0800383d   Thumb Code    10  rtx_lib.o(.text._mutex_free)
    _mutex_initialize                        0x08003849   Thumb Code    32  rtx_lib.o(.text._mutex_initialize)
    _mutex_release                           0x08003869   Thumb Code    22  rtx_lib.o(.text._mutex_release)
    _platform_post_stackheap_init            0x08003881   Thumb Code     8  rtx_lib.o(.text._platform_post_stackheap_init)
    _sys_close                               0x08003889   Thumb Code    18  retarget_io.o(.text._sys_close)
    _sys_flen                                0x0800389d   Thumb Code     4  retarget_io.o(.text._sys_flen)
    _sys_istty                               0x080038a1   Thumb Code    16  retarget_io.o(.text._sys_istty)
    _sys_open                                0x080038b1   Thumb Code    76  retarget_io.o(.text._sys_open)
    _sys_seek                                0x08003915   Thumb Code     6  retarget_io.o(.text._sys_seek)
    _sys_write                               0x0800391d   Thumb Code    66  retarget_io.o(.text._sys_write)
    configuracion                            0x08003b15   Thumb Code   100  configuracion.o(.text.configuracion)
    init_PWM                                 0x08003b79   Thumb Code    84  puertagaraje.o(.text.init_PWM)
    init_servo                               0x08003bcd   Thumb Code    90  puertagaraje.o(.text.init_servo)
    main                                     0x08003ddd   Thumb Code    62  main.o(.text.main)
    move_servo                               0x08003e1d   Thumb Code    30  puertagaraje.o(.text.move_servo)
    osKernelGetState                         0x08003e3d   Thumb Code    38  rtx_kernel.o(.text.osKernelGetState)
    osKernelGetTickCount                     0x08003e65   Thumb Code    32  rtx_kernel.o(.text.osKernelGetTickCount)
    osKernelInitialize                       0x08003e85   Thumb Code    50  rtx_kernel.o(.text.osKernelInitialize)
    osKernelStart                            0x08003eb9   Thumb Code    46  rtx_kernel.o(.text.osKernelStart)
    osMessageQueueGet                        0x08003ee9   Thumb Code    66  rtx_msgqueue.o(.text.osMessageQueueGet)
    osMessageQueuePut                        0x08003f2d   Thumb Code    66  rtx_msgqueue.o(.text.osMessageQueuePut)
    osMutexAcquire                           0x08003f71   Thumb Code    56  rtx_mutex.o(.text.osMutexAcquire)
    osMutexDelete                            0x08003fa9   Thumb Code    52  rtx_mutex.o(.text.osMutexDelete)
    osMutexNew                               0x08003fdd   Thumb Code    50  rtx_mutex.o(.text.osMutexNew)
    osMutexRelease                           0x08004011   Thumb Code    52  rtx_mutex.o(.text.osMutexRelease)
    osRtxErrorNotify                         0x08004045   Thumb Code     2  rtx_config.o(.text.osRtxErrorNotify)
    osRtxIdleThread                          0x08004051   Thumb Code     2  rtx_config.o(.text.osRtxIdleThread)
    osRtxKernelErrorNotify                   0x08004055   Thumb Code    20  rtx_kernel.o(.text.osRtxKernelErrorNotify)
    osRtxKernelPreInit                       0x08004081   Thumb Code     2  rtx_kernel.o(.text.osRtxKernelPreInit)
    osRtxMemoryAlloc                         0x08004091   Thumb Code   182  rtx_memory.o(.text.osRtxMemoryAlloc)
    osRtxMemoryFree                          0x08004149   Thumb Code   120  rtx_memory.o(.text.osRtxMemoryFree)
    osRtxMemoryInit                          0x080041c1   Thumb Code   100  rtx_memory.o(.text.osRtxMemoryInit)
    osRtxMemoryPoolAlloc                     0x08004225   Thumb Code    42  rtx_mempool.o(.text.osRtxMemoryPoolAlloc)
    osRtxMemoryPoolFree                      0x08004251   Thumb Code    66  rtx_mempool.o(.text.osRtxMemoryPoolFree)
    osRtxMemoryPoolInit                      0x08004295   Thumb Code    96  rtx_mempool.o(.text.osRtxMemoryPoolInit)
    osRtxMessageQueueTimerSetup              0x0800440d   Thumb Code    48  rtx_msgqueue.o(.text.osRtxMessageQueueTimerSetup)
    osRtxMutexOwnerRelease                   0x08004445   Thumb Code   106  rtx_mutex.o(.text.osRtxMutexOwnerRelease)
    osRtxMutexOwnerRestore                   0x080044b1   Thumb Code    80  rtx_mutex.o(.text.osRtxMutexOwnerRestore)
    osRtxPendSV_Handler                      0x08004511   Thumb Code   100  rtx_system.o(.text.osRtxPendSV_Handler)
    osRtxPostProcess                         0x08004575   Thumb Code    44  rtx_system.o(.text.osRtxPostProcess)
    osRtxThreadDelayTick                     0x080046e1   Thumb Code   246  rtx_thread.o(.text.osRtxThreadDelayTick)
    osRtxThreadDispatch                      0x08004811   Thumb Code    94  rtx_thread.o(.text.osRtxThreadDispatch)
    osRtxThreadListGet                       0x0800492d   Thumb Code    24  rtx_thread.o(.text.osRtxThreadListGet)
    osRtxThreadListPut                       0x08004945   Thumb Code    52  rtx_thread.o(.text.osRtxThreadListPut)
    osRtxThreadListRemove                    0x08004979   Thumb Code    26  rtx_thread.o(.text.osRtxThreadListRemove)
    osRtxThreadListSort                      0x080049a9   Thumb Code    48  rtx_thread.o(.text.osRtxThreadListSort)
    osRtxThreadReadyPut                      0x08004a19   Thumb Code    24  rtx_thread.o(.text.osRtxThreadReadyPut)
    osRtxThreadRegPtr                        0x08004a31   Thumb Code    16  rtx_thread.o(.text.osRtxThreadRegPtr)
    osRtxThreadStartup                       0x08004a5d   Thumb Code    80  rtx_thread.o(.text.osRtxThreadStartup)
    osRtxThreadSwitch                        0x08004aad   Thumb Code    22  rtx_thread.o(.text.osRtxThreadSwitch)
    osRtxThreadWaitEnter                     0x08004ac5   Thumb Code    92  rtx_thread.o(.text.osRtxThreadWaitEnter)
    osRtxThreadWaitExit                      0x08004b21   Thumb Code    42  rtx_thread.o(.text.osRtxThreadWaitExit)
    osRtxTick_Handler                        0x08004b4d   Thumb Code   138  rtx_system.o(.text.osRtxTick_Handler)
    osRtxTimerSetup                          0x08004bdd   Thumb Code    38  rtx_timer.o(.text.osRtxTimerSetup)
    osRtxTimerThread                         0x08004c05   Thumb Code    42  rtx_timer.o(.text.osRtxTimerThread)
    osThreadExit                             0x08004cb9   Thumb Code    26  rtx_thread.o(.text.osThreadExit)
    osThreadFlagsSet                         0x08004cd5   Thumb Code    48  rtx_thread.o(.text.osThreadFlagsSet)
    osThreadFlagsWait                        0x08004d05   Thumb Code    60  rtx_thread.o(.text.osThreadFlagsWait)
    osThreadGetId                            0x08004d41   Thumb Code    32  rtx_thread.o(.text.osThreadGetId)
    osThreadNew                              0x08004d61   Thumb Code    58  rtx_thread.o(.text.osThreadNew)
    osThreadYield                            0x08004d9d   Thumb Code    48  rtx_thread.o(.text.osThreadYield)
    osTimerNew                               0x08004dcd   Thumb Code    68  rtx_timer.o(.text.osTimerNew)
    osTimerStart                             0x08004e11   Thumb Code    56  rtx_timer.o(.text.osTimerStart)
    osTimerStop                              0x08004e49   Thumb Code    52  rtx_timer.o(.text.osTimerStop)
    stop_servo                               0x08004ead   Thumb Code    44  puertagaraje.o(.text.stop_servo)
    _fputc$unlocked                          0x08005d61   Thumb Code    26  fputc.o(i.fputc)
    _fp_init                                 0x08005d7b   Thumb Code    26  fpinit.o(x$fpl$fpinit)
    __fplib_config_fpu_vfp                   0x08005d93   Thumb Code     0  fpinit.o(x$fpl$fpinit)
    __fplib_config_pureend_doubles           0x08005d93   Thumb Code     0  fpinit.o(x$fpl$fpinit)
    osRtxConfig                              0x08005d94   Data         112  rtx_lib.o(.rodata)
    os_cb_sections                           0x08005e04   Data          56  rtx_lib.o(.rodata)
    AHBPrescTable                            0x08005e3c   Data          16  system_stm32f4xx.o(.rodata.AHBPrescTable)
    EventRecorderInfo                        0x08005e4c   Data          24  eventrecorder.o(.rodata.EventRecorderInfo)
    __stderr_name                            0x08005e64   Data           8  retarget_io.o(.rodata.__stderr_name)
    __stdin_name                             0x08005e6c   Data           7  retarget_io.o(.rodata.__stdin_name)
    __stdout_name                            0x08005e73   Data           8  retarget_io.o(.rodata.__stdout_name)
    osRtxUserSVC                             0x08005e7c   Data           4  rtx_lib.o(.rodata.osRtxUserSVC)
    Region$$Table$$Base                      0x08005f1c   Number         0  anon$$obj.o(Region$$Table)
    Region$$Table$$Limit                     0x08005f3c   Number         0  anon$$obj.o(Region$$Table)
    __aeabi_stdin                            0x20000000   Data           4  stdio_streams.o(.data)
    __aeabi_stdout                           0x20000004   Data           4  stdio_streams.o(.data)
    __aeabi_stderr                           0x20000008   Data           4  stdio_streams.o(.data)
    _stream_list_lock                        0x2000000c   Data           4  streamlock.o(.data)
    SystemCoreClock                          0x20000010   Data           4  system_stm32f4xx.o(.data.SystemCoreClock)
    osRtxInfo                                0x20000014   Data         164  rtx_kernel.o(.data.os)
    uwTickFreq                               0x200000bc   Data           1  stm32f4xx_hal.o(.data.uwTickFreq)
    uwTickPrio                               0x200000c0   Data           4  stm32f4xx_hal.o(.data.uwTickPrio)
    __stdin                                  0x20000100   Data          84  stdio_streams.o(.bss)
    __stdout                                 0x20000154   Data          84  stdio_streams.o(.bss)
    __stderr                                 0x200001a8   Data          84  stdio_streams.o(.bss)
    __libspace_start                         0x200001fc   Data          96  libspace.o(.bss)
    __temporary_stack_top$libspace           0x2000025c   Data           0  libspace.o(.bss)
    cnt_pulsaciones                          0x2000031c   Data           4  puertagaraje.o(.bss.cnt_pulsaciones)
    id_time_out                              0x200003b8   Data           4  puertagaraje.o(.bss.id_time_out)
    luzz                                     0x200003bc   Data           4  pwm.o(.bss.luzz)
    .bss.os.msgqueue.cb$$Base                0x20008a9c   Number         0  rtx_lib.o(.bss.os.msgqueue.cb)
    .bss.os.msgqueue.cb$$Limit               0x20008ad0   Number         0  rtx_lib.o(.bss.os.msgqueue.cb)
    .bss.os.thread.cb$$Base                  0x20008b20   Number         0  rtx_lib.o(.bss.os.thread.cb)
    .bss.os.thread.cb$$Limit                 0x20008ba8   Number         0  rtx_lib.o(.bss.os.thread.cb)
    periodic_id                              0x20008fac   Data           4  puertagaraje.o(.bss.periodic_id)
    porcentaje                               0x20008fb0   Data           1  pwm.o(.bss.porcentaje)
    rebotes_id                               0x20008fb4   Data           4  mando.o(.bss.rebotes_id)
    tid_Rebotes                              0x20008fbc   Data           4  mando.o(.bss.tid_Rebotes)
    tid_ThGaraje                             0x20008fc0   Data           4  puertagaraje.o(.bss.tid_ThGaraje)
    tid_ThMando                              0x20008fc4   Data           4  mando.o(.bss.tid_ThMando)
    tid_ThPWM                                0x20008fc8   Data           4  pwm.o(.bss.tid_ThPWM)



==============================================================================

Memory Map of the image

  Image Entry point : 0x080001ad

  Load Region LR_IROM1 (Base: 0x08000000, Size: 0x00006040, Max: 0x00200000, ABSOLUTE)

    Execution Region ER_IROM1 (Exec base: 0x08000000, Load base: 0x08000000, Size: 0x00005f3c, Max: 0x00200000, ABSOLUTE)

    Exec Addr    Load Addr    Size         Type   Attr      Idx    E Section Name        Object

    0x08000000   0x08000000   0x000001ac   Data   RO         2274    RESET               startup_stm32f429xx.o
    0x080001ac   0x080001ac   0x00000008   Code   RO         2316  * !!!main             c_w.l(__main.o)
    0x080001b4   0x080001b4   0x00000034   Code   RO         2667    !!!scatter          c_w.l(__scatter.o)
    0x080001e8   0x080001e8   0x0000001a   Code   RO         2669    !!handler_copy      c_w.l(__scatter_copy.o)
    0x08000202   0x08000202   0x00000002   PAD
    0x08000204   0x08000204   0x0000001c   Code   RO         2671    !!handler_zi        c_w.l(__scatter_zi.o)
    0x08000220   0x08000220   0x00000002   Code   RO         2452    .ARM.Collect$$libinit$$00000000  c_w.l(libinit.o)
    0x08000222   0x08000222   0x00000004   Code   RO         2453    .ARM.Collect$$libinit$$00000001  c_w.l(libinit2.o)
    0x08000226   0x08000226   0x00000000   Code   RO         2456    .ARM.Collect$$libinit$$00000004  c_w.l(libinit2.o)
    0x08000226   0x08000226   0x00000008   Code   RO         2457    .ARM.Collect$$libinit$$00000005  c_w.l(libinit2.o)
    0x0800022e   0x0800022e   0x00000000   Code   RO         2459    .ARM.Collect$$libinit$$0000000A  c_w.l(libinit2.o)
    0x0800022e   0x0800022e   0x00000000   Code   RO         2461    .ARM.Collect$$libinit$$0000000C  c_w.l(libinit2.o)
    0x0800022e   0x0800022e   0x00000000   Code   RO         2463    .ARM.Collect$$libinit$$0000000E  c_w.l(libinit2.o)
    0x0800022e   0x0800022e   0x00000000   Code   RO         2466    .ARM.Collect$$libinit$$00000011  c_w.l(libinit2.o)
    0x0800022e   0x0800022e   0x00000000   Code   RO         2468    .ARM.Collect$$libinit$$00000013  c_w.l(libinit2.o)
    0x0800022e   0x0800022e   0x00000000   Code   RO         2470    .ARM.Collect$$libinit$$00000015  c_w.l(libinit2.o)
    0x0800022e   0x0800022e   0x00000000   Code   RO         2472    .ARM.Collect$$libinit$$00000017  c_w.l(libinit2.o)
    0x0800022e   0x0800022e   0x00000000   Code   RO         2474    .ARM.Collect$$libinit$$00000019  c_w.l(libinit2.o)
    0x0800022e   0x0800022e   0x00000000   Code   RO         2476    .ARM.Collect$$libinit$$0000001B  c_w.l(libinit2.o)
    0x0800022e   0x0800022e   0x00000000   Code   RO         2478    .ARM.Collect$$libinit$$0000001D  c_w.l(libinit2.o)
    0x0800022e   0x0800022e   0x00000000   Code   RO         2480    .ARM.Collect$$libinit$$0000001F  c_w.l(libinit2.o)
    0x0800022e   0x0800022e   0x00000000   Code   RO         2482    .ARM.Collect$$libinit$$00000021  c_w.l(libinit2.o)
    0x0800022e   0x0800022e   0x00000000   Code   RO         2484    .ARM.Collect$$libinit$$00000023  c_w.l(libinit2.o)
    0x0800022e   0x0800022e   0x00000004   Code   RO         2485    .ARM.Collect$$libinit$$00000024  c_w.l(libinit2.o)
    0x08000232   0x08000232   0x00000000   Code   RO         2486    .ARM.Collect$$libinit$$00000025  c_w.l(libinit2.o)
    0x08000232   0x08000232   0x00000000   Code   RO         2490    .ARM.Collect$$libinit$$0000002C  c_w.l(libinit2.o)
    0x08000232   0x08000232   0x00000000   Code   RO         2492    .ARM.Collect$$libinit$$0000002E  c_w.l(libinit2.o)
    0x08000232   0x08000232   0x00000000   Code   RO         2494    .ARM.Collect$$libinit$$00000030  c_w.l(libinit2.o)
    0x08000232   0x08000232   0x00000000   Code   RO         2496    .ARM.Collect$$libinit$$00000032  c_w.l(libinit2.o)
    0x08000232   0x08000232   0x00000002   Code   RO         2497    .ARM.Collect$$libinit$$00000033  c_w.l(libinit2.o)
    0x08000234   0x08000234   0x00000002   Code   RO         2648    .ARM.Collect$$libshutdown$$00000000  c_w.l(libshutdown.o)
    0x08000236   0x08000236   0x00000000   Code   RO         2499    .ARM.Collect$$libshutdown$$00000002  c_w.l(libshutdown2.o)
    0x08000236   0x08000236   0x00000004   Code   RO         2500    .ARM.Collect$$libshutdown$$00000003  c_w.l(libshutdown2.o)
    0x0800023a   0x0800023a   0x00000000   Code   RO         2501    .ARM.Collect$$libshutdown$$00000004  c_w.l(libshutdown2.o)
    0x0800023a   0x0800023a   0x00000000   Code   RO         2504    .ARM.Collect$$libshutdown$$00000007  c_w.l(libshutdown2.o)
    0x0800023a   0x0800023a   0x00000000   Code   RO         2507    .ARM.Collect$$libshutdown$$0000000A  c_w.l(libshutdown2.o)
    0x0800023a   0x0800023a   0x00000000   Code   RO         2509    .ARM.Collect$$libshutdown$$0000000C  c_w.l(libshutdown2.o)
    0x0800023a   0x0800023a   0x00000004   Code   RO         2510    .ARM.Collect$$libshutdown$$0000000D  c_w.l(libshutdown2.o)
    0x0800023e   0x0800023e   0x00000000   Code   RO         2512    .ARM.Collect$$libshutdown$$0000000F  c_w.l(libshutdown2.o)
    0x0800023e   0x0800023e   0x00000002   Code   RO         2513    .ARM.Collect$$libshutdown$$00000010  c_w.l(libshutdown2.o)
    0x08000240   0x08000240   0x00000000   Code   RO         2318    .ARM.Collect$$rtentry$$00000000  c_w.l(__rtentry.o)
    0x08000240   0x08000240   0x00000000   Code   RO         2334    .ARM.Collect$$rtentry$$00000002  c_w.l(__rtentry2.o)
    0x08000240   0x08000240   0x00000006   Code   RO         2346    .ARM.Collect$$rtentry$$00000004  c_w.l(__rtentry4.o)
    0x08000246   0x08000246   0x00000008   Code   RO         2335    .ARM.Collect$$rtentry$$00000008  c_w.l(__rtentry2.o)
    0x0800024e   0x0800024e   0x00000004   Code   RO         2337    .ARM.Collect$$rtentry$$0000000A  c_w.l(__rtentry2.o)
    0x08000252   0x08000252   0x00000000   Code   RO         2339    .ARM.Collect$$rtentry$$0000000C  c_w.l(__rtentry2.o)
    0x08000252   0x08000252   0x00000008   Code   RO         2340    .ARM.Collect$$rtentry$$0000000D  c_w.l(__rtentry2.o)
    0x0800025a   0x0800025a   0x00000002   Code   RO         2519    .ARM.Collect$$rtexit$$00000000  c_w.l(rtexit.o)
    0x0800025c   0x0800025c   0x00000000   Code   RO         2577    .ARM.Collect$$rtexit$$00000002  c_w.l(rtexit2.o)
    0x0800025c   0x0800025c   0x00000004   Code   RO         2578    .ARM.Collect$$rtexit$$00000003  c_w.l(rtexit2.o)
    0x08000260   0x08000260   0x00000006   Code   RO         2579    .ARM.Collect$$rtexit$$00000004  c_w.l(rtexit2.o)
    0x08000266   0x08000266   0x00000002   PAD
    0x08000268   0x08000268   0x000000c8   Code   RO          142    .text               irq_armv7m.o
    0x08000330   0x08000330   0x00000040   Code   RO         2275    .text               startup_stm32f429xx.o
    0x08000370   0x08000370   0x000000f0   Code   RO         2298    .text               c_w.l(lludivv7m.o)
    0x08000460   0x08000460   0x00000018   Code   RO         2302    .text               c_w.l(noretval__2printf.o)
    0x08000478   0x08000478   0x0000008a   Code   RO         2304    .text               c_w.l(rt_memcpy_v6.o)
    0x08000502   0x08000502   0x00000010   Code   RO         2306    .text               c_w.l(aeabi_memset4.o)
    0x08000512   0x08000512   0x00000044   Code   RO         2308    .text               c_w.l(rt_memclr.o)
    0x08000556   0x08000556   0x0000004e   Code   RO         2310    .text               c_w.l(rt_memclr_w.o)
    0x080005a4   0x080005a4   0x00000004   PAD
    0x080005a8   0x080005a8   0x0000007c   Code   RO         2312    .text               c_w.l(strcmpv7em.o)
    0x08000624   0x08000624   0x00000006   Code   RO         2314    .text               c_w.l(heapauxi.o)
    0x0800062a   0x0800062a   0x00000064   Code   RO         2331    .text               c_w.l(rt_memcpy_w.o)
    0x0800068e   0x0800068e   0x00000002   PAD
    0x08000690   0x08000690   0x00000030   Code   RO         2350    .text               c_w.l(_printf_char_common.o)
    0x080006c0   0x080006c0   0x000001c8   Code   RO         2364    .text               c_w.l(initio_locked.o)
    0x08000888   0x08000888   0x0000004a   Code   RO         2366    .text               c_w.l(sys_stackheap_outer.o)
    0x080008d2   0x080008d2   0x00000076   Code   RO         2372    .text               c_w.l(h1_free_threads.o)
    0x08000948   0x08000948   0x00000028   Code   RO         2424    .text               c_w.l(__printf_nopercent.o)
    0x08000970   0x08000970   0x000001d6   Code   RO         2426    .text               c_w.l(flsbuf.o)
    0x08000b46   0x08000b46   0x0000004c   Code   RO         2433    .text               c_w.l(fclose.o)
    0x08000b92   0x08000b92   0x00000068   Code   RO         2435    .text               c_w.l(setvbuf_locked.o)
    0x08000bfa   0x08000bfa   0x00000002   PAD
    0x08000bfc   0x08000bfc   0x0000014c   Code   RO         2437    .text               c_w.l(fopen_locked.o)
    0x08000d48   0x08000d48   0x00000012   Code   RO         2439    .text               c_w.l(exit.o)
    0x08000d5a   0x08000d5a   0x0000000e   Code   RO         2445    .text               c_w.l(defsig_rtred_outer.o)
    0x08000d68   0x08000d68   0x00000008   Code   RO         2516    .text               c_w.l(libspace.o)
    0x08000d70   0x08000d70   0x0000000a   Code   RO         2528    .text               c_w.l(rt_heap_descriptor_twolibspace.o)
    0x08000d7a   0x08000d7a   0x00000004   Code   RO         2530    .text               c_w.l(hguard.o)
    0x08000d7e   0x08000d7e   0x0000008a   Code   RO         2532    .text               c_w.l(init_alloc.o)
    0x08000e08   0x08000e08   0x000000a6   Code   RO         2540    .text               c_w.l(h1_alloc_threads.o)
    0x08000eae   0x08000eae   0x00000002   PAD
    0x08000eb0   0x08000eb0   0x00000040   Code   RO         2550    .text               c_w.l(_printf_char_file_locked.o)
    0x08000ef0   0x08000ef0   0x000000f8   Code   RO         2552    .text               c_w.l(fseek.o)
    0x08000fe8   0x08000fe8   0x000000f0   Code   RO         2554    .text               c_w.l(stdio.o)
    0x080010d8   0x080010d8   0x0000000a   Code   RO         2560    .text               c_w.l(defsig_exit.o)
    0x080010e2   0x080010e2   0x00000002   PAD
    0x080010e4   0x080010e4   0x00000034   Code   RO         2564    .text               c_w.l(defsig_rtred_inner.o)
    0x08001118   0x08001118   0x0000000c   Code   RO         2572    .text               c_w.l(sys_exit.o)
    0x08001124   0x08001124   0x00000000   Code   RO         2584    .text               c_w.l(maybetermalloc2.o)
    0x08001124   0x08001124   0x00000012   Code   RO         2589    .text               c_w.l(h1_init_threads.o)
    0x08001136   0x08001136   0x00000052   Code   RO         2591    .text               c_w.l(h1_extend_threads.o)
    0x08001188   0x08001188   0x00000042   Code   RO         2597    .text               c_w.l(ftell.o)
    0x080011ca   0x080011ca   0x00000032   Code   RO         2605    .text               c_w.l(defsig_general.o)
    0x080011fc   0x080011fc   0x0000000e   Code   RO         2607    .text               c_w.l(defsig_rtmem_outer.o)
    0x0800120a   0x0800120a   0x0000000e   Code   RO         2620    .text               c_w.l(sys_wrch.o)
    0x08001218   0x08001218   0x00000002   Code   RO         2628    .text               c_w.l(use_no_semi.o)
    0x0800121a   0x0800121a   0x00000000   Code   RO         2630    .text               c_w.l(indicate_semi.o)
    0x0800121a   0x0800121a   0x00000004   Code   RO         2636    .text               c_w.l(rt_errno_addr_twolibspace.o)
    0x0800121e   0x0800121e   0x00000010   Code   RO         2640    .text               c_w.l(term_alloc.o)
    0x0800122e   0x0800122e   0x00000002   PAD
    0x08001230   0x08001230   0x00000050   Code   RO         2642    .text               c_w.l(defsig_rtmem_inner.o)
    0x08001280   0x08001280   0x0000000a   Code   RO         2651    .text               c_w.l(h1_final_threads.o)
    0x0800128a   0x0800128a   0x00000002   PAD
    0x0800128c   0x0800128c   0x00000070   Code   RO           59    .text.ADC1_pins_F429ZI_config  adc.o
    0x080012fc   0x080012fc   0x00000108   Code   RO         1475    .text.ADC_Init      stm32f4xx_hal_adc.o
    0x08001404   0x08001404   0x00000036   Code   RO           61    .text.ADC_Init_Single_Conversion  adc.o
    0x0800143a   0x0800143a   0x00000002   PAD
    0x0800143c   0x0800143c   0x00000058   Code   RO           63    .text.ADC_getVoltage  adc.o
    0x08001494   0x08001494   0x00000014   Code   RO          119    .text.Callback_TimeOut  puertagaraje.o
    0x080014a8   0x080014a8   0x00000014   Code   RO           89    .text.Callback_TimerRebotes  mando.o
    0x080014bc   0x080014bc   0x0000005c   Code   RO          121    .text.Callback_TimerServo  puertagaraje.o
    0x08001518   0x08001518   0x000000b0   Code   RO           20    .text.Config_PWM_Pulse  pwm.o
    0x080015c8   0x080015c8   0x0000000c   Code   RO           85    .text.EXTI15_10_IRQHandler  mando.o
    0x080015d4   0x080015d4   0x0000002e   Code   RO         1328    .text.EventCheckFilter  eventrecorder.o
    0x08001602   0x08001602   0x00000002   PAD
    0x08001604   0x08001604   0x00000028   Code   RO         1314    .text.EventGetTS    eventrecorder.o
    0x0800162c   0x0800162c   0x00000036   Code   RO         1332    .text.EventRecord2  eventrecorder.o
    0x08001662   0x08001662   0x00000002   PAD
    0x08001664   0x08001664   0x00000068   Code   RO         1334    .text.EventRecord4  eventrecorder.o
    0x080016cc   0x080016cc   0x000000ac   Code   RO         1316    .text.EventRecordItem  eventrecorder.o
    0x08001778   0x08001778   0x0000000c   Code   RO         1306    .text.EventRecorderTimerGetCount  eventrecorder.o
    0x08001784   0x08001784   0x00000014   Code   RO          386    .text.EvrRtxDelayCompleted  rtx_evr.o
    0x08001798   0x08001798   0x00000014   Code   RO          434    .text.EvrRtxEventFlagsWaitTimeout  rtx_evr.o
    0x080017ac   0x080017ac   0x00000010   Code   RO          248    .text.EvrRtxKernelError  rtx_evr.o
    0x080017bc   0x080017bc   0x00000010   Code   RO          292    .text.EvrRtxKernelErrorNotify  rtx_evr.o
    0x080017cc   0x080017cc   0x00000014   Code   RO          258    .text.EvrRtxKernelGetState  rtx_evr.o
    0x080017e0   0x080017e0   0x00000014   Code   RO          284    .text.EvrRtxKernelGetTickCount  rtx_evr.o
    0x080017f4   0x080017f4   0x00000014   Code   RO          250    .text.EvrRtxKernelInitialize  rtx_evr.o
    0x08001808   0x08001808   0x00000014   Code   RO          252    .text.EvrRtxKernelInitialized  rtx_evr.o
    0x0800181c   0x0800181c   0x00000014   Code   RO          260    .text.EvrRtxKernelStart  rtx_evr.o
    0x08001830   0x08001830   0x00000014   Code   RO          262    .text.EvrRtxKernelStarted  rtx_evr.o
    0x08001844   0x08001844   0x00000020   Code   RO          238    .text.EvrRtxMemoryAlloc  rtx_evr.o
    0x08001864   0x08001864   0x00000014   Code   RO          244    .text.EvrRtxMemoryBlockAlloc  rtx_evr.o
    0x08001878   0x08001878   0x00000022   Code   RO          246    .text.EvrRtxMemoryBlockFree  rtx_evr.o
    0x0800189a   0x0800189a   0x00000002   PAD
    0x0800189c   0x0800189c   0x00000020   Code   RO          242    .text.EvrRtxMemoryBlockInit  rtx_evr.o
    0x080018bc   0x080018bc   0x00000022   Code   RO          240    .text.EvrRtxMemoryFree  rtx_evr.o
    0x080018de   0x080018de   0x00000002   PAD
    0x080018e0   0x080018e0   0x0000001e   Code   RO          236    .text.EvrRtxMemoryInit  rtx_evr.o
    0x080018fe   0x080018fe   0x00000002   PAD
    0x08001900   0x08001900   0x00000014   Code   RO          512    .text.EvrRtxMemoryPoolAllocTimeout  rtx_evr.o
    0x08001914   0x08001914   0x00000014   Code   RO          540    .text.EvrRtxMessageQueueCreated  rtx_evr.o
    0x08001928   0x08001928   0x00000010   Code   RO          536    .text.EvrRtxMessageQueueError  rtx_evr.o
    0x08001938   0x08001938   0x00000020   Code   RO          556    .text.EvrRtxMessageQueueGet  rtx_evr.o
    0x08001958   0x08001958   0x00000022   Code   RO          558    .text.EvrRtxMessageQueueGetPending  rtx_evr.o
    0x0800197a   0x0800197a   0x00000002   PAD
    0x0800197c   0x0800197c   0x00000014   Code   RO          560    .text.EvrRtxMessageQueueGetTimeout  rtx_evr.o
    0x08001990   0x08001990   0x00000014   Code   RO          550    .text.EvrRtxMessageQueueInsertPending  rtx_evr.o
    0x080019a4   0x080019a4   0x00000014   Code   RO          552    .text.EvrRtxMessageQueueInserted  rtx_evr.o
    0x080019b8   0x080019b8   0x00000014   Code   RO          554    .text.EvrRtxMessageQueueNotInserted  rtx_evr.o
    0x080019cc   0x080019cc   0x00000014   Code   RO          564    .text.EvrRtxMessageQueueNotRetrieved  rtx_evr.o
    0x080019e0   0x080019e0   0x00000020   Code   RO          544    .text.EvrRtxMessageQueuePut  rtx_evr.o
    0x08001a00   0x08001a00   0x00000022   Code   RO          546    .text.EvrRtxMessageQueuePutPending  rtx_evr.o
    0x08001a22   0x08001a22   0x00000002   PAD
    0x08001a24   0x08001a24   0x00000014   Code   RO          548    .text.EvrRtxMessageQueuePutTimeout  rtx_evr.o
    0x08001a38   0x08001a38   0x00000014   Code   RO          562    .text.EvrRtxMessageQueueRetrieved  rtx_evr.o
    0x08001a4c   0x08001a4c   0x00000014   Code   RO          452    .text.EvrRtxMutexAcquire  rtx_evr.o
    0x08001a60   0x08001a60   0x00000014   Code   RO          454    .text.EvrRtxMutexAcquirePending  rtx_evr.o
    0x08001a74   0x08001a74   0x00000014   Code   RO          456    .text.EvrRtxMutexAcquireTimeout  rtx_evr.o
    0x08001a88   0x08001a88   0x00000014   Code   RO          458    .text.EvrRtxMutexAcquired  rtx_evr.o
    0x08001a9c   0x08001a9c   0x00000014   Code   RO          448    .text.EvrRtxMutexCreated  rtx_evr.o
    0x08001ab0   0x08001ab0   0x00000014   Code   RO          468    .text.EvrRtxMutexDelete  rtx_evr.o
    0x08001ac4   0x08001ac4   0x00000014   Code   RO          470    .text.EvrRtxMutexDestroyed  rtx_evr.o
    0x08001ad8   0x08001ad8   0x00000010   Code   RO          444    .text.EvrRtxMutexError  rtx_evr.o
    0x08001ae8   0x08001ae8   0x00000014   Code   RO          446    .text.EvrRtxMutexNew  rtx_evr.o
    0x08001afc   0x08001afc   0x00000014   Code   RO          460    .text.EvrRtxMutexNotAcquired  rtx_evr.o
    0x08001b10   0x08001b10   0x00000014   Code   RO          462    .text.EvrRtxMutexRelease  rtx_evr.o
    0x08001b24   0x08001b24   0x00000014   Code   RO          464    .text.EvrRtxMutexReleased  rtx_evr.o
    0x08001b38   0x08001b38   0x00000014   Code   RO          484    .text.EvrRtxSemaphoreAcquireTimeout  rtx_evr.o
    0x08001b4c   0x08001b4c   0x00000014   Code   RO          336    .text.EvrRtxThreadBlocked  rtx_evr.o
    0x08001b60   0x08001b60   0x0000001c   Code   RO          298    .text.EvrRtxThreadCreated  rtx_evr.o
    0x08001b7c   0x08001b7c   0x00000014   Code   RO          348    .text.EvrRtxThreadDestroyed  rtx_evr.o
    0x08001b90   0x08001b90   0x00000010   Code   RO          294    .text.EvrRtxThreadError  rtx_evr.o
    0x08001ba0   0x08001ba0   0x00000014   Code   RO          344    .text.EvrRtxThreadExit  rtx_evr.o
    0x08001bb4   0x08001bb4   0x00000010   Code   RO          354    .text.EvrRtxThreadFlagsError  rtx_evr.o
    0x08001bc4   0x08001bc4   0x00000014   Code   RO          356    .text.EvrRtxThreadFlagsSet  rtx_evr.o
    0x08001bd8   0x08001bd8   0x00000014   Code   RO          358    .text.EvrRtxThreadFlagsSetDone  rtx_evr.o
    0x08001bec   0x08001bec   0x00000022   Code   RO          366    .text.EvrRtxThreadFlagsWait  rtx_evr.o
    0x08001c0e   0x08001c0e   0x00000002   PAD
    0x08001c10   0x08001c10   0x00000020   Code   RO          372    .text.EvrRtxThreadFlagsWaitCompleted  rtx_evr.o
    0x08001c30   0x08001c30   0x00000014   Code   RO          374    .text.EvrRtxThreadFlagsWaitNotCompleted  rtx_evr.o
    0x08001c44   0x08001c44   0x00000022   Code   RO          368    .text.EvrRtxThreadFlagsWaitPending  rtx_evr.o
    0x08001c66   0x08001c66   0x00000002   PAD
    0x08001c68   0x08001c68   0x00000014   Code   RO          370    .text.EvrRtxThreadFlagsWaitTimeout  rtx_evr.o
    0x08001c7c   0x08001c7c   0x00000014   Code   RO          302    .text.EvrRtxThreadGetId  rtx_evr.o
    0x08001c90   0x08001c90   0x00000014   Code   RO          334    .text.EvrRtxThreadJoined  rtx_evr.o
    0x08001ca4   0x08001ca4   0x00000022   Code   RO          296    .text.EvrRtxThreadNew  rtx_evr.o
    0x08001cc6   0x08001cc6   0x00000002   PAD
    0x08001cc8   0x08001cc8   0x00000014   Code   RO          340    .text.EvrRtxThreadPreempted  rtx_evr.o
    0x08001cdc   0x08001cdc   0x00000014   Code   RO          342    .text.EvrRtxThreadSwitched  rtx_evr.o
    0x08001cf0   0x08001cf0   0x00000014   Code   RO          338    .text.EvrRtxThreadUnblocked  rtx_evr.o
    0x08001d04   0x08001d04   0x00000014   Code   RO          316    .text.EvrRtxThreadYield  rtx_evr.o
    0x08001d18   0x08001d18   0x00000014   Code   RO          390    .text.EvrRtxTimerCallback  rtx_evr.o
    0x08001d2c   0x08001d2c   0x00000014   Code   RO          394    .text.EvrRtxTimerCreated  rtx_evr.o
    0x08001d40   0x08001d40   0x00000010   Code   RO          388    .text.EvrRtxTimerError  rtx_evr.o
    0x08001d50   0x08001d50   0x00000020   Code   RO          392    .text.EvrRtxTimerNew  rtx_evr.o
    0x08001d70   0x08001d70   0x00000014   Code   RO          398    .text.EvrRtxTimerStart  rtx_evr.o
    0x08001d84   0x08001d84   0x00000014   Code   RO          400    .text.EvrRtxTimerStarted  rtx_evr.o
    0x08001d98   0x08001d98   0x00000014   Code   RO          402    .text.EvrRtxTimerStop  rtx_evr.o
    0x08001dac   0x08001dac   0x00000014   Code   RO          404    .text.EvrRtxTimerStopped  rtx_evr.o
    0x08001dc0   0x08001dc0   0x00000008   Code   RO         1330    .text.GetContext    eventrecorder.o
    0x08001dc8   0x08001dc8   0x00000012   Code   RO         1344    .text.GetRecordIndex  eventrecorder.o
    0x08001dda   0x08001dda   0x00000002   PAD
    0x08001ddc   0x08001ddc   0x00000128   Code   RO         1515    .text.HAL_ADC_ConfigChannel  stm32f4xx_hal_adc.o
    0x08001f04   0x08001f04   0x00000006   Code   RO         1511    .text.HAL_ADC_GetValue  stm32f4xx_hal_adc.o
    0x08001f0a   0x08001f0a   0x00000002   PAD
    0x08001f0c   0x08001f0c   0x0000004e   Code   RO         1471    .text.HAL_ADC_Init  stm32f4xx_hal_adc.o
    0x08001f5a   0x08001f5a   0x00000002   PAD
    0x08001f5c   0x08001f5c   0x00000002   Code   RO         1473    .text.HAL_ADC_MspInit  stm32f4xx_hal_adc.o
    0x08001f5e   0x08001f5e   0x00000002   PAD
    0x08001f60   0x08001f60   0x000000b4   Code   RO         1485    .text.HAL_ADC_PollForConversion  stm32f4xx_hal_adc.o
    0x08002014   0x08002014   0x00000114   Code   RO         1481    .text.HAL_ADC_Start  stm32f4xx_hal_adc.o
    0x08002128   0x08002128   0x00000028   Code   RO         1422    .text.HAL_Delay     stm32f4xx_hal.o
    0x08002150   0x08002150   0x0000004c   Code   RO           87    .text.HAL_GPIO_EXTI_Callback  mando.o
    0x0800219c   0x0800219c   0x0000001a   Code   RO         1707    .text.HAL_GPIO_EXTI_IRQHandler  stm32f4xx_hal_gpio.o
    0x080021b6   0x080021b6   0x00000002   PAD
    0x080021b8   0x080021b8   0x0000019a   Code   RO         1695    .text.HAL_GPIO_Init  stm32f4xx_hal_gpio.o
    0x08002352   0x08002352   0x00000002   PAD
    0x08002354   0x08002354   0x0000000a   Code   RO         1699    .text.HAL_GPIO_ReadPin  stm32f4xx_hal_gpio.o
    0x0800235e   0x0800235e   0x00000002   PAD
    0x08002360   0x08002360   0x0000000a   Code   RO         1701    .text.HAL_GPIO_WritePin  stm32f4xx_hal_gpio.o
    0x0800236a   0x0800236a   0x00000002   PAD
    0x0800236c   0x0800236c   0x0000000e   Code   RO         1430    .text.HAL_GetREVID  stm32f4xx_hal.o
    0x0800237a   0x0800237a   0x00000002   PAD
    0x0800237c   0x0800237c   0x00000050   Code   RO            2    .text.HAL_GetTick   main.o
    0x080023cc   0x080023cc   0x0000002e   Code   RO         1402    .text.HAL_Init      stm32f4xx_hal.o
    0x080023fa   0x080023fa   0x00000002   PAD
    0x080023fc   0x080023fc   0x00000050   Code   RO         1404    .text.HAL_InitTick  stm32f4xx_hal.o
    0x0800244c   0x0800244c   0x00000002   Code   RO         1406    .text.HAL_MspInit   stm32f4xx_hal.o
    0x0800244e   0x0800244e   0x00000002   PAD
    0x08002450   0x08002450   0x00000008   Code   RO         1581    .text.HAL_NVIC_EnableIRQ  stm32f4xx_hal_cortex.o
    0x08002458   0x08002458   0x0000001e   Code   RO         1573    .text.HAL_NVIC_SetPriority  stm32f4xx_hal_cortex.o
    0x08002476   0x08002476   0x00000002   PAD
    0x08002478   0x08002478   0x00000008   Code   RO         1569    .text.HAL_NVIC_SetPriorityGrouping  stm32f4xx_hal_cortex.o
    0x08002480   0x08002480   0x00000160   Code   RO         1791    .text.HAL_RCC_ClockConfig  stm32f4xx_hal_rcc.o
    0x080025e0   0x080025e0   0x0000006a   Code   RO         1793    .text.HAL_RCC_GetSysClockFreq  stm32f4xx_hal_rcc.o
    0x0800264a   0x0800264a   0x00000002   PAD
    0x0800264c   0x0800264c   0x00000334   Code   RO         1789    .text.HAL_RCC_OscConfig  stm32f4xx_hal_rcc.o
    0x08002980   0x08002980   0x00000008   Code   RO         1593    .text.HAL_SYSTICK_Config  stm32f4xx_hal_cortex.o
    0x08002988   0x08002988   0x00000036   Code   RO         1917    .text.HAL_TIM_OC_Init  stm32f4xx_hal_tim.o
    0x080029be   0x080029be   0x00000002   PAD
    0x080029c0   0x080029c0   0x00000002   Code   RO         1919    .text.HAL_TIM_OC_MspInit  stm32f4xx_hal_tim.o
    0x080029c2   0x080029c2   0x00000002   PAD
    0x080029c4   0x080029c4   0x000000a0   Code   RO         2055    .text.HAL_TIM_PWM_ConfigChannel  stm32f4xx_hal_tim.o
    0x08002a64   0x08002a64   0x0000003c   Code   RO         1947    .text.HAL_TIM_PWM_DeInit  stm32f4xx_hal_tim.o
    0x08002aa0   0x08002aa0   0x00000036   Code   RO         1943    .text.HAL_TIM_PWM_Init  stm32f4xx_hal_tim.o
    0x08002ad6   0x08002ad6   0x00000002   PAD
    0x08002ad8   0x08002ad8   0x00000002   Code   RO         1949    .text.HAL_TIM_PWM_MspDeInit  stm32f4xx_hal_tim.o
    0x08002ada   0x08002ada   0x00000002   PAD
    0x08002adc   0x08002adc   0x00000002   Code   RO         1945    .text.HAL_TIM_PWM_MspInit  stm32f4xx_hal_tim.o
    0x08002ade   0x08002ade   0x00000002   PAD
    0x08002ae0   0x08002ae0   0x0000003c   Code   RO         1951    .text.HAL_TIM_PWM_Start  stm32f4xx_hal_tim.o
    0x08002b1c   0x08002b1c   0x00000060   Code   RO         1953    .text.HAL_TIM_PWM_Stop  stm32f4xx_hal_tim.o
    0x08002b7c   0x08002b7c   0x0000002e   Code   RO         1366    .text.ITM_SendChar  retarget_io.o
    0x08002baa   0x08002baa   0x00000002   PAD
    0x08002bac   0x08002bac   0x00000012   Code   RO         1338    .text.IncrementOverflowTS  eventrecorder.o
    0x08002bbe   0x08002bbe   0x00000002   PAD
    0x08002bc0   0x08002bc0   0x00000012   Code   RO         1352    .text.IncrementRecordsDumped  eventrecorder.o
    0x08002bd2   0x08002bd2   0x00000002   PAD
    0x08002bd4   0x08002bd4   0x00000012   Code   RO         1350    .text.IncrementRecordsWritten  eventrecorder.o
    0x08002be6   0x08002be6   0x00000002   PAD
    0x08002be8   0x08002be8   0x0000004e   Code   RO           73    .text.Init_Mando_Pin  mando.o
    0x08002c36   0x08002c36   0x00000002   PAD
    0x08002c38   0x08002c38   0x00000096   Code   RO           18    .text.Init_PWM_Pin  pwm.o
    0x08002cce   0x08002cce   0x00000002   PAD
    0x08002cd0   0x08002cd0   0x0000002c   Code   RO          103    .text.Init_ThGaraje  puertagaraje.o
    0x08002cfc   0x08002cfc   0x00000026   Code   RO           75    .text.Init_ThMando  mando.o
    0x08002d22   0x08002d22   0x00000002   PAD
    0x08002d24   0x08002d24   0x0000002c   Code   RO           22    .text.Init_ThPWM    pwm.o
    0x08002d50   0x08002d50   0x0000002c   Code   RO           81    .text.Init_ThRebotes  mando.o
    0x08002d7c   0x08002d7c   0x00000054   Code   RO           79    .text.Init_Timer_Rebotes  mando.o
    0x08002dd0   0x08002dd0   0x0000003a   Code   RO          107    .text.Init_servo_TimeOut  puertagaraje.o
    0x08002e0a   0x08002e0a   0x00000002   PAD
    0x08002e0c   0x08002e0c   0x0000003a   Code   RO          111    .text.Init_servo_Timer_periodic  puertagaraje.o
    0x08002e46   0x08002e46   0x00000002   PAD
    0x08002e48   0x08002e48   0x0000000c   Code   RO          596    .text.IsException   rtx_kernel.o
    0x08002e54   0x08002e54   0x0000000c   Code   RO          816    .text.IsException   rtx_msgqueue.o
    0x08002e60   0x08002e60   0x0000000c   Code   RO          894    .text.IsException   rtx_mutex.o
    0x08002e6c   0x08002e6c   0x0000000c   Code   RO         1086    .text.IsException   rtx_thread.o
    0x08002e78   0x08002e78   0x0000000c   Code   RO         1218    .text.IsException   rtx_timer.o
    0x08002e84   0x08002e84   0x00000018   Code   RO          598    .text.IsIrqMasked   rtx_kernel.o
    0x08002e9c   0x08002e9c   0x00000018   Code   RO          818    .text.IsIrqMasked   rtx_msgqueue.o
    0x08002eb4   0x08002eb4   0x00000018   Code   RO          896    .text.IsIrqMasked   rtx_mutex.o
    0x08002ecc   0x08002ecc   0x00000018   Code   RO         1088    .text.IsIrqMasked   rtx_thread.o
    0x08002ee4   0x08002ee4   0x00000018   Code   RO         1220    .text.IsIrqMasked   rtx_timer.o
    0x08002efc   0x08002efc   0x0000000c   Code   RO          602    .text.IsPrivileged  rtx_kernel.o
    0x08002f08   0x08002f08   0x00000024   Code   RO         1346    .text.LockRecord    eventrecorder.o
    0x08002f2c   0x08002f2c   0x00000004   Code   RO          720    .text.MemBlockPtr   rtx_memory.o
    0x08002f30   0x08002f30   0x00000002   Code   RO          718    .text.MemHeadPtr    rtx_memory.o
    0x08002f32   0x08002f32   0x00000002   PAD
    0x08002f34   0x08002f34   0x0000002a   Code   RO          866    .text.MessageQueueGet  rtx_msgqueue.o
    0x08002f5e   0x08002f5e   0x00000002   PAD
    0x08002f60   0x08002f60   0x00000054   Code   RO          856    .text.MessageQueuePut  rtx_msgqueue.o
    0x08002fb4   0x08002fb4   0x00000024   Code   RO          852    .text.MessageQueueRemove  rtx_msgqueue.o
    0x08002fd8   0x08002fd8   0x0000002c   Code   RO         1579    .text.NVIC_EncodePriority  stm32f4xx_hal_cortex.o
    0x08003004   0x08003004   0x0000000c   Code   RO         1270    .text.OS_Tick_AcknowledgeIRQ  os_systick.o
    0x08003010   0x08003010   0x00000032   Code   RO         1266    .text.OS_Tick_Enable  os_systick.o
    0x08003042   0x08003042   0x00000002   PAD
    0x08003044   0x08003044   0x00000006   Code   RO         1272    .text.OS_Tick_GetIRQn  os_systick.o
    0x0800304a   0x0800304a   0x00000002   PAD
    0x0800304c   0x0800304c   0x00000048   Code   RO         1264    .text.OS_Tick_Setup  os_systick.o
    0x08003094   0x08003094   0x00000030   Code   RO          644    .text.SVC_Setup     rtx_kernel.o
    0x080030c4   0x080030c4   0x00000010   Code   RO         1010    .text.SetPendSV     rtx_system.o
    0x080030d4   0x080030d4   0x0000000c   Code   RO         1058    .text.StackOffsetR0  rtx_thread.o
    0x080030e0   0x080030e0   0x0000002e   Code   RO         1595    .text.SysTick_Config  stm32f4xx_hal_cortex.o
    0x0800310e   0x0800310e   0x00000002   PAD
    0x08003110   0x08003110   0x000000a0   Code   RO            6    .text.SystemClock_Config  main.o
    0x080031b0   0x080031b0   0x0000007e   Code   RO         2284    .text.SystemCoreClockUpdate  system_stm32f4xx.o
    0x0800322e   0x0800322e   0x00000002   PAD
    0x08003230   0x08003230   0x0000001a   Code   RO         2282    .text.SystemInit    system_stm32f4xx.o
    0x0800324a   0x0800324a   0x00000002   PAD
    0x0800324c   0x0800324c   0x00000124   Code   RO         1893    .text.TIM_Base_SetConfig  stm32f4xx_hal_tim.o
    0x08003370   0x08003370   0x00000024   Code   RO         1927    .text.TIM_CCxChannelCmd  stm32f4xx_hal_tim.o
    0x08003394   0x08003394   0x00000064   Code   RO         2037    .text.TIM_OC1_SetConfig  stm32f4xx_hal_tim.o
    0x080033f8   0x080033f8   0x0000006a   Code   RO         2039    .text.TIM_OC2_SetConfig  stm32f4xx_hal_tim.o
    0x08003462   0x08003462   0x00000002   PAD
    0x08003464   0x08003464   0x00000068   Code   RO         2041    .text.TIM_OC3_SetConfig  stm32f4xx_hal_tim.o
    0x080034cc   0x080034cc   0x0000004e   Code   RO         2043    .text.TIM_OC4_SetConfig  stm32f4xx_hal_tim.o
    0x0800351a   0x0800351a   0x00000002   PAD
    0x0800351c   0x0800351c   0x0000007a   Code   RO          105    .text.ThGaraje      puertagaraje.o
    0x08003596   0x08003596   0x00000002   PAD
    0x08003598   0x08003598   0x00000060   Code   RO           24    .text.ThPWM         pwm.o
    0x080035f8   0x080035f8   0x00000026   Code   RO           77    .text.ThRebotes     mando.o
    0x0800361e   0x0800361e   0x00000002   PAD
    0x08003620   0x08003620   0x0000003e   Code   RO         1136    .text.ThreadFlagsCheck  rtx_thread.o
    0x0800365e   0x0800365e   0x00000002   PAD
    0x08003660   0x08003660   0x0000000a   Code   RO         1186    .text.ThreadFlagsSet  rtx_thread.o
    0x0800366a   0x0800366a   0x00000002   PAD
    0x0800366c   0x0800366c   0x00000068   Code   RO         1238    .text.TimerInsert   rtx_timer.o
    0x080036d4   0x080036d4   0x0000002e   Code   RO         1248    .text.TimerRemove   rtx_timer.o
    0x08003702   0x08003702   0x00000002   PAD
    0x08003704   0x08003704   0x00000016   Code   RO         1234    .text.TimerUnlink   rtx_timer.o
    0x0800371a   0x0800371a   0x00000002   PAD
    0x0800371c   0x0800371c   0x00000020   Code   RO         1348    .text.UnlockRecord  eventrecorder.o
    0x0800373c   0x0800373c   0x00000008   Code   RO         1336    .text.UpdateTS      eventrecorder.o
    0x08003744   0x08003744   0x00000020   Code   RO         1583    .text.__NVIC_EnableIRQ  stm32f4xx_hal_cortex.o
    0x08003764   0x08003764   0x00000010   Code   RO          646    .text.__NVIC_GetPriorityGrouping  rtx_kernel.o
    0x08003774   0x08003774   0x00000010   Code   RO         1575    .text.__NVIC_GetPriorityGrouping  stm32f4xx_hal_cortex.o
    0x08003784   0x08003784   0x00000022   Code   RO         1577    .text.__NVIC_SetPriority  stm32f4xx_hal_cortex.o
    0x080037a6   0x080037a6   0x00000002   PAD
    0x080037a8   0x080037a8   0x00000020   Code   RO         1571    .text.__NVIC_SetPriorityGrouping  stm32f4xx_hal_cortex.o
    0x080037c8   0x080037c8   0x00000056   Code   RO          682    .text.__user_perthread_libspace  rtx_lib.o
    0x0800381e   0x0800381e   0x00000002   PAD
    0x08003820   0x08003820   0x0000001a   Code   RO          688    .text._mutex_acquire  rtx_lib.o
    0x0800383a   0x0800383a   0x00000002   PAD
    0x0800383c   0x0800383c   0x0000000a   Code   RO          692    .text._mutex_free   rtx_lib.o
    0x08003846   0x08003846   0x00000002   PAD
    0x08003848   0x08003848   0x00000020   Code   RO          686    .text._mutex_initialize  rtx_lib.o
    0x08003868   0x08003868   0x00000016   Code   RO          690    .text._mutex_release  rtx_lib.o
    0x0800387e   0x0800387e   0x00000002   PAD
    0x08003880   0x08003880   0x00000008   Code   RO          680    .text._platform_post_stackheap_init  rtx_lib.o
    0x08003888   0x08003888   0x00000012   Code   RO         1372    .text._sys_close    retarget_io.o
    0x0800389a   0x0800389a   0x00000002   PAD
    0x0800389c   0x0800389c   0x00000004   Code   RO         1388    .text._sys_flen     retarget_io.o
    0x080038a0   0x080038a0   0x00000010   Code   RO         1384    .text._sys_istty    retarget_io.o
    0x080038b0   0x080038b0   0x00000064   Code   RO         1370    .text._sys_open     retarget_io.o
    0x08003914   0x08003914   0x00000006   Code   RO         1386    .text._sys_seek     retarget_io.o
    0x0800391a   0x0800391a   0x00000002   PAD
    0x0800391c   0x0800391c   0x00000042   Code   RO         1374    .text._sys_write    retarget_io.o
    0x0800395e   0x0800395e   0x00000002   PAD
    0x08003960   0x08003960   0x00000026   Code   RO         1138    .text.atomic_chk32_all  rtx_thread.o
    0x08003986   0x08003986   0x00000002   PAD
    0x08003988   0x08003988   0x00000022   Code   RO         1140    .text.atomic_chk32_any  rtx_thread.o
    0x080039aa   0x080039aa   0x00000002   PAD
    0x080039ac   0x080039ac   0x00000024   Code   RO         1012    .text.atomic_dec16_nz  rtx_system.o
    0x080039d0   0x080039d0   0x00000010   Code   RO          746    .text.atomic_dec32  rtx_mempool.o
    0x080039e0   0x080039e0   0x0000001a   Code   RO          868    .text.atomic_dec32_nz  rtx_msgqueue.o
    0x080039fa   0x080039fa   0x00000002   PAD
    0x080039fc   0x080039fc   0x0000001a   Code   RO         1014    .text.atomic_inc16_lim  rtx_system.o
    0x08003a16   0x08003a16   0x00000002   PAD
    0x08003a18   0x08003a18   0x00000028   Code   RO         1018    .text.atomic_inc16_lt  rtx_system.o
    0x08003a40   0x08003a40   0x00000010   Code   RO          740    .text.atomic_inc32  rtx_mempool.o
    0x08003a50   0x08003a50   0x00000010   Code   RO          858    .text.atomic_inc32  rtx_msgqueue.o
    0x08003a60   0x08003a60   0x00000012   Code   RO         1342    .text.atomic_inc32  eventrecorder.o
    0x08003a72   0x08003a72   0x00000002   PAD
    0x08003a74   0x08003a74   0x0000001c   Code   RO         1354    .text.atomic_inc8   eventrecorder.o
    0x08003a90   0x08003a90   0x0000001a   Code   RO          738    .text.atomic_link_get  rtx_mempool.o
    0x08003aaa   0x08003aaa   0x00000002   PAD
    0x08003aac   0x08003aac   0x0000001e   Code   RO          744    .text.atomic_link_put  rtx_mempool.o
    0x08003aca   0x08003aca   0x00000002   PAD
    0x08003acc   0x08003acc   0x00000016   Code   RO         1188    .text.atomic_set32  rtx_thread.o
    0x08003ae2   0x08003ae2   0x00000002   PAD
    0x08003ae4   0x08003ae4   0x00000012   Code   RO          870    .text.atomic_wr8    rtx_msgqueue.o
    0x08003af6   0x08003af6   0x00000002   PAD
    0x08003af8   0x08003af8   0x0000001c   Code   RO         1340    .text.atomic_xch32  eventrecorder.o
    0x08003b14   0x08003b14   0x00000064   Code   RO           41    .text.configuracion  configuracion.o
    0x08003b78   0x08003b78   0x00000054   Code   RO          117    .text.init_PWM      puertagaraje.o
    0x08003bcc   0x08003bcc   0x0000005a   Code   RO          115    .text.init_servo    puertagaraje.o
    0x08003c26   0x08003c26   0x00000002   PAD
    0x08003c28   0x08003c28   0x00000074   Code   RO          828    .text.isrRtxMessageQueueGet  rtx_msgqueue.o
    0x08003c9c   0x08003c9c   0x0000007e   Code   RO          824    .text.isrRtxMessageQueuePut  rtx_msgqueue.o
    0x08003d1a   0x08003d1a   0x00000002   PAD
    0x08003d1c   0x08003d1c   0x0000005a   Code   RO         1126    .text.isrRtxThreadFlagsSet  rtx_thread.o
    0x08003d76   0x08003d76   0x00000002   PAD
    0x08003d78   0x08003d78   0x0000002e   Code   RO          994    .text.isr_queue_get  rtx_system.o
    0x08003da6   0x08003da6   0x00000002   PAD
    0x08003da8   0x08003da8   0x00000032   Code   RO         1008    .text.isr_queue_put  rtx_system.o
    0x08003dda   0x08003dda   0x00000002   PAD
    0x08003ddc   0x08003ddc   0x0000003e   Code   RO            4    .text.main          main.o
    0x08003e1a   0x08003e1a   0x00000002   PAD
    0x08003e1c   0x08003e1c   0x0000001e   Code   RO          109    .text.move_servo    puertagaraje.o
    0x08003e3a   0x08003e3a   0x00000002   PAD
    0x08003e3c   0x08003e3c   0x00000026   Code   RO          606    .text.osKernelGetState  rtx_kernel.o
    0x08003e62   0x08003e62   0x00000002   PAD
    0x08003e64   0x08003e64   0x00000020   Code   RO          622    .text.osKernelGetTickCount  rtx_kernel.o
    0x08003e84   0x08003e84   0x00000032   Code   RO          594    .text.osKernelInitialize  rtx_kernel.o
    0x08003eb6   0x08003eb6   0x00000002   PAD
    0x08003eb8   0x08003eb8   0x0000002e   Code   RO          610    .text.osKernelStart  rtx_kernel.o
    0x08003ee6   0x08003ee6   0x00000002   PAD
    0x08003ee8   0x08003ee8   0x00000042   Code   RO          826    .text.osMessageQueueGet  rtx_msgqueue.o
    0x08003f2a   0x08003f2a   0x00000002   PAD
    0x08003f2c   0x08003f2c   0x00000042   Code   RO          822    .text.osMessageQueuePut  rtx_msgqueue.o
    0x08003f6e   0x08003f6e   0x00000002   PAD
    0x08003f70   0x08003f70   0x00000038   Code   RO          900    .text.osMutexAcquire  rtx_mutex.o
    0x08003fa8   0x08003fa8   0x00000034   Code   RO          906    .text.osMutexDelete  rtx_mutex.o
    0x08003fdc   0x08003fdc   0x00000032   Code   RO          892    .text.osMutexNew    rtx_mutex.o
    0x0800400e   0x0800400e   0x00000002   PAD
    0x08004010   0x08004010   0x00000034   Code   RO          902    .text.osMutexRelease  rtx_mutex.o
    0x08004044   0x08004044   0x00000002   Code   RO         1293    .text.osRtxErrorNotify  rtx_config.o
    0x08004046   0x08004046   0x00000002   PAD
    0x08004048   0x08004048   0x00000002   Code   RO          998    .text.osRtxEventFlagsObject  rtx_system.o
    0x0800404a   0x0800404a   0x00000002   PAD
    0x0800404c   0x0800404c   0x00000002   Code   RO         1046    .text.osRtxEventFlagsObject  rtx_thread.o
    0x0800404e   0x0800404e   0x00000002   PAD
    0x08004050   0x08004050   0x00000002   Code   RO         1291    .text.osRtxIdleThread  rtx_config.o
    0x08004052   0x08004052   0x00000002   PAD
    0x08004054   0x08004054   0x00000014   Code   RO          592    .text.osRtxKernelErrorNotify  rtx_kernel.o
    0x08004068   0x08004068   0x0000000c   Code   RO          990    .text.osRtxKernelGetState  rtx_system.o
    0x08004074   0x08004074   0x0000000c   Code   RO         1064    .text.osRtxKernelGetState  rtx_thread.o
    0x08004080   0x08004080   0x00000002   Code   RO          590    .text.osRtxKernelPreInit  rtx_kernel.o
    0x08004082   0x08004082   0x00000002   PAD
    0x08004084   0x08004084   0x0000000c   Code   RO          640    .text.osRtxKernelState  rtx_kernel.o
    0x08004090   0x08004090   0x000000b6   Code   RO          722    .text.osRtxMemoryAlloc  rtx_memory.o
    0x08004146   0x08004146   0x00000002   PAD
    0x08004148   0x08004148   0x00000078   Code   RO          724    .text.osRtxMemoryFree  rtx_memory.o
    0x080041c0   0x080041c0   0x00000064   Code   RO          716    .text.osRtxMemoryInit  rtx_memory.o
    0x08004224   0x08004224   0x0000002a   Code   RO          736    .text.osRtxMemoryPoolAlloc  rtx_mempool.o
    0x0800424e   0x0800424e   0x00000002   PAD
    0x08004250   0x08004250   0x00000042   Code   RO          742    .text.osRtxMemoryPoolFree  rtx_mempool.o
    0x08004292   0x08004292   0x00000002   PAD
    0x08004294   0x08004294   0x00000060   Code   RO          734    .text.osRtxMemoryPoolInit  rtx_mempool.o
    0x080042f4   0x080042f4   0x00000002   Code   RO         1002    .text.osRtxMemoryPoolObject  rtx_system.o
    0x080042f6   0x080042f6   0x00000002   PAD
    0x080042f8   0x080042f8   0x00000002   Code   RO         1052    .text.osRtxMemoryPoolObject  rtx_thread.o
    0x080042fa   0x080042fa   0x00000002   PAD
    0x080042fc   0x080042fc   0x00000002   Code   RO         1004    .text.osRtxMessageObject  rtx_system.o
    0x080042fe   0x080042fe   0x00000002   PAD
    0x08004300   0x08004300   0x00000002   Code   RO          810    .text.osRtxMessageQueueId  rtx_msgqueue.o
    0x08004302   0x08004302   0x00000002   PAD
    0x08004304   0x08004304   0x00000002   Code   RO         1054    .text.osRtxMessageQueueObject  rtx_thread.o
    0x08004306   0x08004306   0x00000002   PAD
    0x08004308   0x08004308   0x00000102   Code   RO          850    .text.osRtxMessageQueuePostProcess  rtx_msgqueue.o
    0x0800440a   0x0800440a   0x00000002   PAD
    0x0800440c   0x0800440c   0x00000030   Code   RO          808    .text.osRtxMessageQueueTimerSetup  rtx_msgqueue.o
    0x0800443c   0x0800443c   0x00000002   Code   RO          912    .text.osRtxMutexId  rtx_mutex.o
    0x0800443e   0x0800443e   0x00000002   PAD
    0x08004440   0x08004440   0x00000002   Code   RO         1048    .text.osRtxMutexObject  rtx_thread.o
    0x08004442   0x08004442   0x00000002   PAD
    0x08004444   0x08004444   0x0000006a   Code   RO          886    .text.osRtxMutexOwnerRelease  rtx_mutex.o
    0x080044ae   0x080044ae   0x00000002   PAD
    0x080044b0   0x080044b0   0x00000050   Code   RO          890    .text.osRtxMutexOwnerRestore  rtx_mutex.o
    0x08004500   0x08004500   0x00000002   Code   RO          854    .text.osRtxObject   rtx_msgqueue.o
    0x08004502   0x08004502   0x00000002   PAD
    0x08004504   0x08004504   0x00000002   Code   RO          888    .text.osRtxObject   rtx_mutex.o
    0x08004506   0x08004506   0x00000002   PAD
    0x08004508   0x08004508   0x00000002   Code   RO         1016    .text.osRtxObject   rtx_system.o
    0x0800450a   0x0800450a   0x00000002   PAD
    0x0800450c   0x0800450c   0x00000002   Code   RO         1036    .text.osRtxObject   rtx_thread.o
    0x0800450e   0x0800450e   0x00000002   PAD
    0x08004510   0x08004510   0x00000064   Code   RO          992    .text.osRtxPendSV_Handler  rtx_system.o
    0x08004574   0x08004574   0x0000002c   Code   RO         1006    .text.osRtxPostProcess  rtx_system.o
    0x080045a0   0x080045a0   0x00000002   Code   RO         1000    .text.osRtxSemaphoreObject  rtx_system.o
    0x080045a2   0x080045a2   0x00000002   PAD
    0x080045a4   0x080045a4   0x00000002   Code   RO         1050    .text.osRtxSemaphoreObject  rtx_thread.o
    0x080045a6   0x080045a6   0x00000002   PAD
    0x080045a8   0x080045a8   0x00000048   Code   RO         1068    .text.osRtxThreadBlock  rtx_thread.o
    0x080045f0   0x080045f0   0x000000a0   Code   RO         1076    .text.osRtxThreadDelayInsert  rtx_thread.o
    0x08004690   0x08004690   0x00000050   Code   RO         1072    .text.osRtxThreadDelayRemove  rtx_thread.o
    0x080046e0   0x080046e0   0x000000f6   Code   RO         1042    .text.osRtxThreadDelayTick  rtx_thread.o
    0x080047d6   0x080047d6   0x00000002   PAD
    0x080047d8   0x080047d8   0x00000036   Code   RO         1178    .text.osRtxThreadDestroy  rtx_thread.o
    0x0800480e   0x0800480e   0x00000002   PAD
    0x08004810   0x08004810   0x0000005e   Code   RO         1062    .text.osRtxThreadDispatch  rtx_thread.o
    0x0800486e   0x0800486e   0x00000002   PAD
    0x08004870   0x08004870   0x00000060   Code   RO         1168    .text.osRtxThreadFree  rtx_thread.o
    0x080048d0   0x080048d0   0x0000000c   Code   RO          864    .text.osRtxThreadGetRunning  rtx_msgqueue.o
    0x080048dc   0x080048dc   0x0000000c   Code   RO          916    .text.osRtxThreadGetRunning  rtx_mutex.o
    0x080048e8   0x080048e8   0x0000000c   Code   RO         1066    .text.osRtxThreadGetRunning  rtx_thread.o
    0x080048f4   0x080048f4   0x0000000c   Code   RO         1232    .text.osRtxThreadGetRunning  rtx_timer.o
    0x08004900   0x08004900   0x00000002   Code   RO         1080    .text.osRtxThreadId  rtx_thread.o
    0x08004902   0x08004902   0x00000002   PAD
    0x08004904   0x08004904   0x00000026   Code   RO         1174    .text.osRtxThreadJoinWakeup  rtx_thread.o
    0x0800492a   0x0800492a   0x00000002   PAD
    0x0800492c   0x0800492c   0x00000018   Code   RO         1032    .text.osRtxThreadListGet  rtx_thread.o
    0x08004944   0x08004944   0x00000034   Code   RO         1028    .text.osRtxThreadListPut  rtx_thread.o
    0x08004978   0x08004978   0x0000001a   Code   RO         1038    .text.osRtxThreadListRemove  rtx_thread.o
    0x08004992   0x08004992   0x00000002   PAD
    0x08004994   0x08004994   0x00000012   Code   RO         1044    .text.osRtxThreadListRoot  rtx_thread.o
    0x080049a6   0x080049a6   0x00000002   PAD
    0x080049a8   0x080049a8   0x00000030   Code   RO         1034    .text.osRtxThreadListSort  rtx_thread.o
    0x080049d8   0x080049d8   0x00000002   Code   RO          996    .text.osRtxThreadObject  rtx_system.o
    0x080049da   0x080049da   0x00000002   PAD
    0x080049dc   0x080049dc   0x00000002   Code   RO         1030    .text.osRtxThreadObject  rtx_thread.o
    0x080049de   0x080049de   0x00000002   PAD
    0x080049e0   0x080049e0   0x00000038   Code   RO         1134    .text.osRtxThreadPostProcess  rtx_thread.o
    0x08004a18   0x08004a18   0x00000018   Code   RO         1040    .text.osRtxThreadReadyPut  rtx_thread.o
    0x08004a30   0x08004a30   0x00000010   Code   RO         1056    .text.osRtxThreadRegPtr  rtx_thread.o
    0x08004a40   0x08004a40   0x0000000e   Code   RO         1176    .text.osRtxThreadSetRunning  rtx_thread.o
    0x08004a4e   0x08004a4e   0x00000002   PAD
    0x08004a50   0x08004a50   0x0000000c   Code   RO         1236    .text.osRtxThreadSetRunning  rtx_timer.o
    0x08004a5c   0x08004a5c   0x00000050   Code   RO         1078    .text.osRtxThreadStartup  rtx_thread.o
    0x08004aac   0x08004aac   0x00000016   Code   RO         1060    .text.osRtxThreadSwitch  rtx_thread.o
    0x08004ac2   0x08004ac2   0x00000002   PAD
    0x08004ac4   0x08004ac4   0x0000005c   Code   RO         1074    .text.osRtxThreadWaitEnter  rtx_thread.o
    0x08004b20   0x08004b20   0x0000002a   Code   RO         1070    .text.osRtxThreadWaitExit  rtx_thread.o
    0x08004b4a   0x08004b4a   0x00000002   PAD
    0x08004b4c   0x08004b4c   0x0000008a   Code   RO          988    .text.osRtxTick_Handler  rtx_system.o
    0x08004bd6   0x08004bd6   0x00000002   PAD
    0x08004bd8   0x08004bd8   0x00000002   Code   RO         1244    .text.osRtxTimerId  rtx_timer.o
    0x08004bda   0x08004bda   0x00000002   PAD
    0x08004bdc   0x08004bdc   0x00000026   Code   RO         1210    .text.osRtxTimerSetup  rtx_timer.o
    0x08004c02   0x08004c02   0x00000002   PAD
    0x08004c04   0x08004c04   0x0000002a   Code   RO         1214    .text.osRtxTimerThread  rtx_timer.o
    0x08004c2e   0x08004c2e   0x00000002   PAD
    0x08004c30   0x08004c30   0x00000088   Code   RO         1212    .text.osRtxTimerTick  rtx_timer.o
    0x08004cb8   0x08004cb8   0x0000001a   Code   RO         1116    .text.osThreadExit  rtx_thread.o
    0x08004cd2   0x08004cd2   0x00000002   PAD
    0x08004cd4   0x08004cd4   0x00000030   Code   RO         1124    .text.osThreadFlagsSet  rtx_thread.o
    0x08004d04   0x08004d04   0x0000003c   Code   RO         1132    .text.osThreadFlagsWait  rtx_thread.o
    0x08004d40   0x08004d40   0x00000020   Code   RO         1092    .text.osThreadGetId  rtx_thread.o
    0x08004d60   0x08004d60   0x0000003a   Code   RO         1084    .text.osThreadNew   rtx_thread.o
    0x08004d9a   0x08004d9a   0x00000002   PAD
    0x08004d9c   0x08004d9c   0x00000030   Code   RO         1106    .text.osThreadYield  rtx_thread.o
    0x08004dcc   0x08004dcc   0x00000044   Code   RO         1216    .text.osTimerNew    rtx_timer.o
    0x08004e10   0x08004e10   0x00000038   Code   RO         1224    .text.osTimerStart  rtx_timer.o
    0x08004e48   0x08004e48   0x00000034   Code   RO         1226    .text.osTimerStop   rtx_timer.o
    0x08004e7c   0x08004e7c   0x0000001e   Code   RO          684    .text.os_kernel_is_active  rtx_lib.o
    0x08004e9a   0x08004e9a   0x00000002   PAD
    0x08004e9c   0x08004e9c   0x00000008   Code   RO         1378    .text.stderr_putchar  retarget_io.o
    0x08004ea4   0x08004ea4   0x00000008   Code   RO         1376    .text.stdout_putchar  retarget_io.o
    0x08004eac   0x08004eac   0x0000002c   Code   RO          113    .text.stop_servo    puertagaraje.o
    0x08004ed8   0x08004ed8   0x00000010   Code   RO          608    .text.svcRtxKernelGetState  rtx_kernel.o
    0x08004ee8   0x08004ee8   0x00000014   Code   RO          624    .text.svcRtxKernelGetTickCount  rtx_kernel.o
    0x08004efc   0x08004efc   0x00000150   Code   RO          638    .text.svcRtxKernelInitialize  rtx_kernel.o
    0x0800504c   0x0800504c   0x00000084   Code   RO          642    .text.svcRtxKernelStart  rtx_kernel.o
    0x080050d0   0x080050d0   0x00000132   Code   RO          872    .text.svcRtxMessageQueueGet  rtx_msgqueue.o
    0x08005202   0x08005202   0x00000002   PAD
    0x08005204   0x08005204   0x00000188   Code   RO          812    .text.svcRtxMessageQueueNew  rtx_msgqueue.o
    0x0800538c   0x0800538c   0x00000114   Code   RO          862    .text.svcRtxMessageQueuePut  rtx_msgqueue.o
    0x080054a0   0x080054a0   0x000000e6   Code   RO          914    .text.svcRtxMutexAcquire  rtx_mutex.o
    0x08005586   0x08005586   0x00000002   PAD
    0x08005588   0x08005588   0x000000d8   Code   RO          922    .text.svcRtxMutexDelete  rtx_mutex.o
    0x08005660   0x08005660   0x00000090   Code   RO          908    .text.svcRtxMutexNew  rtx_mutex.o
    0x080056f0   0x080056f0   0x000000f8   Code   RO          918    .text.svcRtxMutexRelease  rtx_mutex.o
    0x080057e8   0x080057e8   0x0000004a   Code   RO         1172    .text.svcRtxThreadExit  rtx_thread.o
    0x08005832   0x08005832   0x00000002   PAD
    0x08005834   0x08005834   0x0000008e   Code   RO         1190    .text.svcRtxThreadFlagsSet  rtx_thread.o
    0x080058c2   0x080058c2   0x00000002   PAD
    0x080058c4   0x080058c4   0x000000a6   Code   RO         1200    .text.svcRtxThreadFlagsWait  rtx_thread.o
    0x0800596a   0x0800596a   0x00000002   PAD
    0x0800596c   0x0800596c   0x00000010   Code   RO         1094    .text.svcRtxThreadGetId  rtx_thread.o
    0x0800597c   0x0800597c   0x00000240   Code   RO         1082    .text.svcRtxThreadNew  rtx_thread.o
    0x08005bbc   0x08005bbc   0x00000044   Code   RO         1158    .text.svcRtxThreadYield  rtx_thread.o
    0x08005c00   0x08005c00   0x000000ae   Code   RO         1240    .text.svcRtxTimerNew  rtx_timer.o
    0x08005cae   0x08005cae   0x00000002   PAD
    0x08005cb0   0x08005cb0   0x00000068   Code   RO         1246    .text.svcRtxTimerStart  rtx_timer.o
    0x08005d18   0x08005d18   0x00000048   Code   RO         1250    .text.svcRtxTimerStop  rtx_timer.o
    0x08005d60   0x08005d60   0x0000001a   Code   RO         2355    i.fputc             c_w.l(fputc.o)
    0x08005d7a   0x08005d7a   0x0000001a   Code   RO         2570    x$fpl$fpinit        fz_wm.l(fpinit.o)
    0x08005d94   0x08005d94   0x000000a8   Data   RO          698    .rodata             rtx_lib.o
    0x08005e3c   0x08005e3c   0x00000010   Data   RO         2287    .rodata.AHBPrescTable  system_stm32f4xx.o
    0x08005e4c   0x08005e4c   0x00000018   Data   RO         1357    .rodata.EventRecorderInfo  eventrecorder.o
    0x08005e64   0x08005e64   0x00000008   Data   RO         1393    .rodata.__stderr_name  retarget_io.o
    0x08005e6c   0x08005e6c   0x00000007   Data   RO         1391    .rodata.__stdin_name  retarget_io.o
    0x08005e73   0x08005e73   0x00000008   Data   RO         1392    .rodata.__stdout_name  retarget_io.o
    0x08005e7b   0x08005e7b   0x00000001   PAD
    0x08005e7c   0x08005e7c   0x00000004   Data   RO          700    .rodata.osRtxUserSVC  rtx_lib.o
    0x08005e80   0x08005e80   0x00000024   Data   RO          695    .rodata.os_idle_thread_attr  rtx_lib.o
    0x08005ea4   0x08005ea4   0x00000018   Data   RO          697    .rodata.os_timer_mq_attr  rtx_lib.o
    0x08005ebc   0x08005ebc   0x00000024   Data   RO          696    .rodata.os_timer_thread_attr  rtx_lib.o
    0x08005ee0   0x08005ee0   0x00000030   Data   RO          134    .rodata.str1.1      puertagaraje.o
    0x08005f10   0x08005f10   0x0000000b   Data   RO          670    .rodata.str1.4      rtx_kernel.o
    0x08005f1b   0x08005f1b   0x00000001   PAD
    0x08005f1c   0x08005f1c   0x00000020   Data   RO         2666    Region$$Table       anon$$obj.o


    Execution Region RW_IRAM1 (Exec base: 0x20000000, Load base: 0x08005f40, Size: 0x000095d0, Max: 0x00030000, ABSOLUTE)

    Exec Addr    Load Addr    Size         Type   Attr      Idx    E Section Name        Object

    0x20000000   0x08005f40   0x00000004   Data   RW         2328    .data               c_w.l(stdio_streams.o)
    0x20000004   0x08005f44   0x00000004   Data   RW         2329    .data               c_w.l(stdio_streams.o)
    0x20000008   0x08005f48   0x00000004   Data   RW         2330    .data               c_w.l(stdio_streams.o)
    0x2000000c   0x08005f4c   0x00000004   Data   RW         2430    .data               c_w.l(streamlock.o)
    0x20000010   0x08005f50   0x00000004   Data   RW         2286    .data.SystemCoreClock  system_stm32f4xx.o
    0x20000014   0x08005f54   0x000000a4   Data   RW          671    .data.os            rtx_kernel.o
    0x200000b8   0x08005ff8   0x00000004   Data   RW          133    .data.pulso         puertagaraje.o
    0x200000bc   0x08005ffc   0x00000001   Data   RW         1461    .data.uwTickFreq    stm32f4xx_hal.o
    0x200000bd   0x08005ffd   0x00000003   PAD
    0x200000c0   0x08006000   0x00000004   Data   RW         1460    .data.uwTickPrio    stm32f4xx_hal.o
    0x200000c4   0x08006004   0x0000003c   PAD
    0x20000100        -       0x00000054   Zero   RW         2325    .bss                c_w.l(stdio_streams.o)
    0x20000154        -       0x00000054   Zero   RW         2326    .bss                c_w.l(stdio_streams.o)
    0x200001a8        -       0x00000054   Zero   RW         2327    .bss                c_w.l(stdio_streams.o)
    0x200001fc        -       0x00000060   Zero   RW         2517    .bss                c_w.l(libspace.o)
    0x2000025c        -       0x0000001c   Zero   RW          132    .bss.Channel_Tim3_Config  puertagaraje.o
    0x20000278        -       0x0000001c   Zero   RW           29    .bss.Channel_Tim4_Config  pwm.o
    0x20000294        -       0x00000014   Zero   RW           27    .bss.GPIO_InitStruct  pwm.o
    0x200002a8        -       0x00000014   Zero   RW           91    .bss.GPIO_InitStruct  mando.o
    0x200002bc        -       0x00000014   Zero   RW          131    .bss.GPIO_InitStruct  puertagaraje.o
    0x200002d0        -       0x00000004   Zero   RW            8    .bss.HAL_GetTick.ticks  main.o
    0x200002d4        -       0x00000048   Zero   RW           32    .bss.adc            pwm.o
    0x2000031c        -       0x00000004   Zero   RW          123    .bss.cnt_pulsaciones  puertagaraje.o
    0x20000320        -       0x00000014   Zero   RW           49    .bss.configuracion.GPIO_InitStruct  configuracion.o
    0x20000334        -       0x00000001   Zero   RW          127    .bss.first_time     puertagaraje.o
    0x20000335   0x08006004   0x00000003   PAD
    0x20000338        -       0x00000040   Zero   RW          130    .bss.htim3          puertagaraje.o
    0x20000378        -       0x00000040   Zero   RW           28    .bss.htim4          pwm.o
    0x200003b8        -       0x00000004   Zero   RW          126    .bss.id_time_out    puertagaraje.o
    0x200003bc        -       0x00000004   Zero   RW           26    .bss.luzz           pwm.o
    0x200003c0        -       0x000004a4   Zero   RW         1356    .bss.noinit         eventrecorder.o
    0x20000864        -       0x00000001   Zero   RW          125    .bss.on_off         puertagaraje.o
    0x20000865   0x08006004   0x00000003   PAD
    0x20000868        -       0x00008040   Zero   RW          694    .bss.os             rtx_lib.o
    0x200088a8        -       0x00000001   Zero   RW         1282    .bss.os             os_systick.o
    0x200088a9   0x08006004   0x00000003   PAD
    0x200088ac        -       0x000001f0   Zero   RW          701    .bss.os.libspace    rtx_lib.o
    0x20008a9c        -       0x00000034   Zero   RW          705    .bss.os.msgqueue.cb  rtx_lib.o
    0x20008ad0        -       0x00000050   Zero   RW          706    .bss.os.msgqueue.mem  rtx_lib.o
    0x20008b20        -       0x00000088   Zero   RW          702    .bss.os.thread.cb   rtx_lib.o
    0x20008ba8        -       0x00000200   Zero   RW          703    .bss.os.thread.idle.stack  rtx_lib.o
    0x20008da8        -       0x00000200   Zero   RW          704    .bss.os.thread.timer.stack  rtx_lib.o
    0x20008fa8        -       0x00000001   Zero   RW          707    .bss.os_kernel_is_active.os_kernel_active  rtx_lib.o
    0x20008fa9   0x08006004   0x00000003   PAD
    0x20008fac        -       0x00000004   Zero   RW          129    .bss.periodic_id    puertagaraje.o
    0x20008fb0        -       0x00000001   Zero   RW           30    .bss.porcentaje     pwm.o
    0x20008fb1   0x08006004   0x00000003   PAD
    0x20008fb4        -       0x00000004   Zero   RW           93    .bss.rebotes_id     mando.o
    0x20008fb8        -       0x00000001   Zero   RW          128    .bss.servo_sentido_horario  puertagaraje.o
    0x20008fb9   0x08006004   0x00000003   PAD
    0x20008fbc        -       0x00000004   Zero   RW           94    .bss.tid_Rebotes    mando.o
    0x20008fc0        -       0x00000004   Zero   RW          124    .bss.tid_ThGaraje   puertagaraje.o
    0x20008fc4        -       0x00000004   Zero   RW           92    .bss.tid_ThMando    mando.o
    0x20008fc8        -       0x00000004   Zero   RW           31    .bss.tid_ThPWM      pwm.o
    0x20008fcc   0x08006004   0x00000004   PAD
    0x20008fd0        -       0x00000200   Zero   RW         2273    HEAP                startup_stm32f429xx.o
    0x200091d0        -       0x00000400   Zero   RW         2272    STACK               startup_stm32f429xx.o


==============================================================================

Image component sizes


      Code (inc. data)   RO Data    RW Data    ZI Data      Debug   Object Name

       254          4          0          0          0       5420   adc.o
       100          0          0          0         20       4685   configuracion.o
       658          0         24          0       1188      10171   eventrecorder.o
       200         12          0          0          0        731   irq_armv7m.o
       302          0          0          0          4       3397   main.o
       390         32          0          0         32       5699   mando.o
       140          0          0          0          1       4943   os_systick.o
       642          0         48          4        131       6671   puertagaraje.o
       466         16          0          0        193       6732   pwm.o
       272         24         23          0          0       3592   retarget_io.o
         4          0          0          0          0        668   rtx_config.o
      1580          0          0          0          0      38478   rtx_evr.o
       816          0         11        164          0      15620   rtx_kernel.o
       214          0        268          0      34621       7308   rtx_lib.o
       408          0          0          0          0       2834   rtx_memory.o
       292          0          0          0          0      15137   rtx_mempool.o
      1928          0          0          0          0      18630   rtx_msgqueue.o
      1286          0          0          0          0      10124   rtx_mutex.o
       520         10          0          0          0       6533   rtx_system.o
      3012         10          0          0          0      33154   rtx_thread.o
       976          0          0          0          0      10410   rtx_timer.o
        64         26        428          0       1536        872   startup_stm32f429xx.o
       182          0          0          5          0       7985   stm32f4xx_hal.o
      1102          0          0          0          0      10897   stm32f4xx_hal_adc.o
       258          0          0          0          0      11125   stm32f4xx_hal_cortex.o
       456          0          0          0          0       5404   stm32f4xx_hal_gpio.o
      1278          0          0          0          0       7568   stm32f4xx_hal_rcc.o
      1206          4          0          0          0      38538   stm32f4xx_hal_tim.o
       152          0         16          4          0       2771   system_stm32f4xx.o

    ----------------------------------------------------------------------
     19420        138        852        180      37808     296097   Object Totals
         0          0         32          0          0          0   (incl. Generated)
       262          0          2          3         82          0   (incl. Padding)

    ----------------------------------------------------------------------

      Code (inc. data)   RO Data    RW Data    ZI Data      Debug   Library Member Name

         8          0          0          0          0         68   __main.o
        40          0          0          0          0         84   __printf_nopercent.o
         0          0          0          0          0          0   __rtentry.o
        20          0          0          0          0          0   __rtentry2.o
         6          0          0          0          0          0   __rtentry4.o
        52          8          0          0          0          0   __scatter.o
        26          0          0          0          0          0   __scatter_copy.o
        28          0          0          0          0          0   __scatter_zi.o
        48          6          0          0          0         96   _printf_char_common.o
        64          6          0          0          0         84   _printf_char_file_locked.o
        16          0          0          0          0         68   aeabi_memset4.o
        10          0          0          0          0         68   defsig_exit.o
        50          0          0          0          0         88   defsig_general.o
        80         58          0          0          0         76   defsig_rtmem_inner.o
        14          0          0          0          0         80   defsig_rtmem_outer.o
        52         38          0          0          0         76   defsig_rtred_inner.o
        14          0          0          0          0         80   defsig_rtred_outer.o
        18          0          0          0          0         80   exit.o
        76          0          0          0          0         88   fclose.o
       470          0          0          0          0         88   flsbuf.o
       332         10          0          0          0        152   fopen_locked.o
        26          0          0          0          0         68   fputc.o
       248          6          0          0          0         84   fseek.o
        66          0          0          0          0         76   ftell.o
       166          0          0          0          0        144   h1_alloc_threads.o
        82          0          0          0          0        104   h1_extend_threads.o
        10          0          0          0          0         76   h1_final_threads.o
       118          0          0          0          0        108   h1_free_threads.o
        18          0          0          0          0         84   h1_init_threads.o
         6          0          0          0          0        152   heapauxi.o
         4          0          0          0          0        136   hguard.o
         0          0          0          0          0          0   indicate_semi.o
       138          0          0          0          0        168   init_alloc.o
       456         48          0          0          0        116   initio_locked.o
         2          0          0          0          0          0   libinit.o
        18          0          0          0          0          0   libinit2.o
         2          0          0          0          0          0   libshutdown.o
        10          0          0          0          0          0   libshutdown2.o
         8          4          0          0         96         68   libspace.o
       240          0          0          0          0        100   lludivv7m.o
         0          0          0          0          0          0   maybetermalloc2.o
        24          4          0          0          0         84   noretval__2printf.o
         4          0          0          0          0         68   rt_errno_addr_twolibspace.o
        10          0          0          0          0         76   rt_heap_descriptor_twolibspace.o
        68          0          0          0          0         68   rt_memclr.o
        78          0          0          0          0         80   rt_memclr_w.o
       138          0          0          0          0         68   rt_memcpy_v6.o
       100          0          0          0          0         80   rt_memcpy_w.o
         2          0          0          0          0          0   rtexit.o
        10          0          0          0          0          0   rtexit2.o
       104          0          0          0          0         88   setvbuf_locked.o
       240          6          0          0          0        156   stdio.o
         0          0          0         12        252          0   stdio_streams.o
       124          0          0          0          0         88   strcmpv7em.o
         0          0          0          4          0          0   streamlock.o
        12          4          0          0          0         68   sys_exit.o
        74          0          0          0          0         80   sys_stackheap_outer.o
        14          0          0          0          0         76   sys_wrch.o
        16          0          0          0          0         80   term_alloc.o
         2          0          0          0          0         68   use_no_semi.o
        26          0          0          0          0        116   fpinit.o

    ----------------------------------------------------------------------
      4108        198          0         16        348       4104   Library Totals
        20          0          0          0          0          0   (incl. Padding)

    ----------------------------------------------------------------------

      Code (inc. data)   RO Data    RW Data    ZI Data      Debug   Library Name

      4062        198          0         16        348       3988   c_w.l
        26          0          0          0          0        116   fz_wm.l

    ----------------------------------------------------------------------
      4108        198          0         16        348       4104   Library Totals

    ----------------------------------------------------------------------

==============================================================================


      Code (inc. data)   RO Data    RW Data    ZI Data      Debug   

     23528        336        852        196      38156     297653   Grand Totals
     23528        336        852        196      38156     297653   ELF Image Totals
     23528        336        852        196          0          0   ROM Totals

==============================================================================

    Total RO  Size (Code + RO Data)                24380 (  23.81kB)
    Total RW  Size (RW Data + ZI Data)             38352 (  37.45kB)
    Total ROM Size (Code + RO Data + RW Data)      24576 (  24.00kB)

==============================================================================

