Component: ARM Compiler 5.06 update 7 (build 960) Tool: armlink [4d3601]

==============================================================================

Section Cross References

    main.o(i.HAL_GetTick) refers to rtx_kernel.o(.text.osKernelGetState) for osKernelGetState
    main.o(i.HAL_GetTick) refers to rtx_kernel.o(.text.osKernelGetTickCount) for osKernelGetTickCount
    main.o(i.HAL_GetTick) refers to system_stm32f4xx.o(.data) for SystemCoreClock
    main.o(i.HAL_GetTick) refers to main.o(.data) for ticks
    main.o(i.SystemClock_Config) refers to stm32f4xx_hal_rcc.o(i.HAL_RCC_OscConfig) for HAL_RCC_OscConfig
    main.o(i.SystemClock_Config) refers to main.o(i.Error_Handler) for Error_Handler
    main.o(i.SystemClock_Config) refers to stm32f4xx_hal_rcc.o(i.HAL_RCC_ClockConfig) for HAL_RCC_ClockConfig
    main.o(i.SystemClock_Config) refers to stm32f4xx_hal.o(i.HAL_GetREVID) for HAL_GetREVID
    main.o(i.main) refers to stm32f4xx_hal.o(i.HAL_Init) for HAL_Init
    main.o(i.main) refers to main.o(i.SystemClock_Config) for SystemClock_Config
    main.o(i.main) refers to system_stm32f4xx.o(i.SystemCoreClockUpdate) for SystemCoreClockUpdate
    main.o(i.main) refers to rtx_kernel.o(.text.osKernelInitialize) for osKernelInitialize
    main.o(i.main) refers to temp_hum.o(i.Init_ThTemp_Hum) for Init_ThTemp_Hum
    main.o(i.main) refers to testtemphum.o(i.Init_Thread) for Init_Thread
    main.o(i.main) refers to thtermostato.o(i.Init_ThThermostato) for Init_ThThermostato
    main.o(i.main) refers to rtx_kernel.o(.text.osKernelStart) for osKernelStart
    temp_hum.o(i.Config_Communication) refers to temp_hum.o(i.Set_PeriodicAdq_Mode) for Set_PeriodicAdq_Mode
    temp_hum.o(i.Config_Communication) refers to temp_hum.o(i.Set_SingleShot_Mode) for Set_SingleShot_Mode
    temp_hum.o(i.Config_Communication) refers to noretval__2printf.o(.text) for __2printf
    temp_hum.o(i.Config_Communication) refers to rtx_thread.o(.text.osThreadFlagsWait) for osThreadFlagsWait
    temp_hum.o(i.Config_Communication) refers to temp_hum.o(.data) for I2Cdrv_1
    temp_hum.o(i.I2C_SignalEvent_TEMP_HUM) refers to noretval__2printf.o(.text) for __2printf
    temp_hum.o(i.I2C_SignalEvent_TEMP_HUM) refers to rtx_thread.o(.text.osThreadFlagsSet) for osThreadFlagsSet
    temp_hum.o(i.I2C_SignalEvent_TEMP_HUM) refers to temp_hum.o(.data) for tid_ThTemp_Hum
    temp_hum.o(i.Init_MsgTemp_Hum) refers to rtx_msgqueue.o(.text.osMessageQueueNew) for osMessageQueueNew
    temp_hum.o(i.Init_MsgTemp_Hum) refers to temp_hum.o(.data) for mid_MsgTemp_Hum
    temp_hum.o(i.Init_ThTemp_Hum) refers to rtx_thread.o(.text.osThreadNew) for osThreadNew
    temp_hum.o(i.Init_ThTemp_Hum) refers to temp_hum.o(i.ThTemp_Hum) for ThTemp_Hum
    temp_hum.o(i.Init_ThTemp_Hum) refers to temp_hum.o(.data) for tid_ThTemp_Hum
    temp_hum.o(i.Init_ThTemp_Hum) refers to temp_hum.o(i.I2C_SignalEvent_TEMP_HUM) for I2C_SignalEvent_TEMP_HUM
    temp_hum.o(i.Init_timer_TempHum) refers to rtx_timer.o(.text.osTimerNew) for osTimerNew
    temp_hum.o(i.Init_timer_TempHum) refers to temp_hum.o(.data) for exec
    temp_hum.o(i.Init_timer_TempHum) refers to temp_hum.o(i.Timer_TempHum_Callback) for Timer_TempHum_Callback
    temp_hum.o(i.ReadSensorData) refers to rtx_thread.o(.text.osThreadFlagsWait) for osThreadFlagsWait
    temp_hum.o(i.ReadSensorData) refers to fflt_clz.o(x$fpl$ffltu) for __aeabi_ui2f
    temp_hum.o(i.ReadSensorData) refers to fdiv.o(x$fpl$fdiv) for __aeabi_fdiv
    temp_hum.o(i.ReadSensorData) refers to fmul.o(x$fpl$fmul) for __aeabi_fmul
    temp_hum.o(i.ReadSensorData) refers to faddsub_clz.o(x$fpl$fsub) for __aeabi_fsub
    temp_hum.o(i.ReadSensorData) refers to temp_hum.o(.data) for I2Cdrv_1
    temp_hum.o(i.Set_PeriodicAdq_Mode) refers to temp_hum.o(.data) for periodic_adq_cmd
    temp_hum.o(i.Set_SingleShot_Mode) refers to temp_hum.o(.data) for periodic_adq_cmd
    temp_hum.o(i.ThTemp_Hum) refers to temp_hum.o(i.Init_MsgTemp_Hum) for Init_MsgTemp_Hum
    temp_hum.o(i.ThTemp_Hum) refers to temp_hum.o(i.Init_timer_TempHum) for Init_timer_TempHum
    temp_hum.o(i.ThTemp_Hum) refers to temp_hum.o(i.Config_Communication) for Config_Communication
    temp_hum.o(i.ThTemp_Hum) refers to rtx_delay.o(.text.osDelay) for osDelay
    temp_hum.o(i.ThTemp_Hum) refers to temp_hum.o(i.ReadSensorData) for ReadSensorData
    temp_hum.o(i.ThTemp_Hum) refers to rtx_msgqueue.o(.text.osMessageQueuePut) for osMessageQueuePut
    temp_hum.o(i.ThTemp_Hum) refers to rtx_timer.o(.text.osTimerStart) for osTimerStart
    temp_hum.o(i.ThTemp_Hum) refers to rtx_thread.o(.text.osThreadYield) for osThreadYield
    temp_hum.o(i.ThTemp_Hum) refers to rtx_thread.o(.text.osThreadFlagsWait) for osThreadFlagsWait
    temp_hum.o(i.ThTemp_Hum) refers to temp_hum.o(.data) for Msg_Temp_Hum
    temp_hum.o(i.Timer_TempHum_Callback) refers to rtx_thread.o(.text.osThreadFlagsSet) for osThreadFlagsSet
    temp_hum.o(i.Timer_TempHum_Callback) refers to temp_hum.o(.data) for tid_ThTemp_Hum
[...]
    DMA2_Stream3_IRQHandler                  0x080002d7   Thumb Code     0  startup_stm32f429xx.o(.text)
    DMA2_Stream4_IRQHandler                  0x080002d7   Thumb Code     0  startup_stm32f429xx.o(.text)
    DMA2_Stream5_IRQHandler                  0x080002d7   Thumb Code     0  startup_stm32f429xx.o(.text)
    DMA2_Stream6_IRQHandler                  0x080002d7   Thumb Code     0  startup_stm32f429xx.o(.text)
    DMA2_Stream7_IRQHandler                  0x080002d7   Thumb Code     0  startup_stm32f429xx.o(.text)
    ETH_IRQHandler                           0x080002d7   Thumb Code     0  startup_stm32f429xx.o(.text)
    ETH_WKUP_IRQHandler                      0x080002d7   Thumb Code     0  startup_stm32f429xx.o(.text)
    EXTI0_IRQHandler                         0x080002d7   Thumb Code     0  startup_stm32f429xx.o(.text)
    EXTI15_10_IRQHandler                     0x080002d7   Thumb Code     0  startup_stm32f429xx.o(.text)
    EXTI1_IRQHandler                         0x080002d7   Thumb Code     0  startup_stm32f429xx.o(.text)
    EXTI2_IRQHandler                         0x080002d7   Thumb Code     0  startup_stm32f429xx.o(.text)
    EXTI3_IRQHandler                         0x080002d7   Thumb Code     0  startup_stm32f429xx.o(.text)
    EXTI4_IRQHandler                         0x080002d7   Thumb Code     0  startup_stm32f429xx.o(.text)
    EXTI9_5_IRQHandler                       0x080002d7   Thumb Code     0  startup_stm32f429xx.o(.text)
    FLASH_IRQHandler                         0x080002d7   Thumb Code     0  startup_stm32f429xx.o(.text)
    FMC_IRQHandler                           0x080002d7   Thumb Code     0  startup_stm32f429xx.o(.text)
    FPU_IRQHandler                           0x080002d7   Thumb Code     0  startup_stm32f429xx.o(.text)
    HASH_RNG_IRQHandler                      0x080002d7   Thumb Code     0  startup_stm32f429xx.o(.text)
    I2C2_ER_IRQHandler                       0x080002d7   Thumb Code     0  startup_stm32f429xx.o(.text)
    I2C2_EV_IRQHandler                       0x080002d7   Thumb Code     0  startup_stm32f429xx.o(.text)
    I2C3_ER_IRQHandler                       0x080002d7   Thumb Code     0  startup_stm32f429xx.o(.text)
    I2C3_EV_IRQHandler                       0x080002d7   Thumb Code     0  startup_stm32f429xx.o(.text)
    LTDC_ER_IRQHandler                       0x080002d7   Thumb Code     0  startup_stm32f429xx.o(.text)
    LTDC_IRQHandler                          0x080002d7   Thumb Code     0  startup_stm32f429xx.o(.text)
    OTG_FS_IRQHandler                        0x080002d7   Thumb Code     0  startup_stm32f429xx.o(.text)
    OTG_FS_WKUP_IRQHandler                   0x080002d7   Thumb Code     0  startup_stm32f429xx.o(.text)
    OTG_HS_EP1_IN_IRQHandler                 0x080002d7   Thumb Code     0  startup_stm32f429xx.o(.text)
    OTG_HS_EP1_OUT_IRQHandler                0x080002d7   Thumb Code     0  startup_stm32f429xx.o(.text)
    OTG_HS_IRQHandler                        0x080002d7   Thumb Code     0  startup_stm32f429xx.o(.text)
    OTG_HS_WKUP_IRQHandler                   0x080002d7   Thumb Code     0  startup_stm32f429xx.o(.text)
    PVD_IRQHandler                           0x080002d7   Thumb Code     0  startup_stm32f429xx.o(.text)
    RCC_IRQHandler                           0x080002d7   Thumb Code     0  startup_stm32f429xx.o(.text)
    RTC_Alarm_IRQHandler                     0x080002d7   Thumb Code     0  startup_stm32f429xx.o(.text)
    RTC_WKUP_IRQHandler                      0x080002d7   Thumb Code     0  startup_stm32f429xx.o(.text)
    SAI1_IRQHandler                          0x080002d7   Thumb Code     0  startup_stm32f429xx.o(.text)
    SDIO_IRQHandler                          0x080002d7   Thumb Code     0  startup_stm32f429xx.o(.text)
    SPI1_IRQHandler                          0x080002d7   Thumb Code     0  startup_stm32f429xx.o(.text)
    SPI2_IRQHandler                          0x080002d7   Thumb Code     0  startup_stm32f429xx.o(.text)
    SPI3_IRQHandler                          0x080002d7   Thumb Code     0  startup_stm32f429xx.o(.text)
    SPI4_IRQHandler                          0x080002d7   Thumb Code     0  startup_stm32f429xx.o(.text)
    SPI5_IRQHandler                          0x080002d7   Thumb Code     0  startup_stm32f429xx.o(.text)
    SPI6_IRQHandler                          0x080002d7   Thumb Code     0  startup_stm32f429xx.o(.text)
    TAMP_STAMP_IRQHandler                    0x080002d7   Thumb Code     0  startup_stm32f429xx.o(.text)
    TIM1_BRK_TIM9_IRQHandler                 0x080002d7   Thumb Code     0  startup_stm32f429xx.o(.text)
    TIM1_CC_IRQHandler                       0x080002d7   Thumb Code     0  startup_stm32f429xx.o(.text)
    TIM1_TRG_COM_TIM11_IRQHandler            0x080002d7   Thumb Code     0  startup_stm32f429xx.o(.text)
    TIM1_UP_TIM10_IRQHandler                 0x080002d7   Thumb Code     0  startup_stm32f429xx.o(.text)
    TIM2_IRQHandler                          0x080002d7   Thumb Code     0  startup_stm32f429xx.o(.text)
    TIM3_IRQHandler                          0x080002d7   Thumb Code     0  startup_stm32f429xx.o(.text)
    TIM4_IRQHandler                          0x080002d7   Thumb Code     0  startup_stm32f429xx.o(.text)
    TIM5_IRQHandler                          0x080002d7   Thumb Code     0  startup_stm32f429xx.o(.text)
    TIM6_DAC_IRQHandler                      0x080002d7   Thumb Code     0  startup_stm32f429xx.o(.text)
    TIM7_IRQHandler                          0x080002d7   Thumb Code     0  startup_stm32f429xx.o(.text)
    TIM8_BRK_TIM12_IRQHandler                0x080002d7   Thumb Code     0  startup_stm32f429xx.o(.text)
    TIM8_CC_IRQHandler                       0x080002d7   Thumb Code     0  startup_stm32f429xx.o(.text)
    TIM8_TRG_COM_TIM14_IRQHandler            0x080002d7   Thumb Code     0  startup_stm32f429xx.o(.text)
    TIM8_UP_TIM13_IRQHandler                 0x080002d7   Thumb Code     0  startup_stm32f429xx.o(.text)
    UART4_IRQHandler                         0x080002d7   Thumb Code     0  startup_stm32f429xx.o(.text)
    UART5_IRQHandler                         0x080002d7   Thumb Code     0  startup_stm32f429xx.o(.text)
    UART7_IRQHandler                         0x080002d7   Thumb Code     0  startup_stm32f429xx.o(.text)
    UART8_IRQHandler                         0x080002d7   Thumb Code     0  startup_stm32f429xx.o(.text)
    USART1_IRQHandler                        0x080002d7   Thumb Code     0  startup_stm32f429xx.o(.text)
    USART2_IRQHandler                        0x080002d7   Thumb Code     0  startup_stm32f429xx.o(.text)
    USART3_IRQHandler                        0x080002d7   Thumb Code     0  startup_stm32f429xx.o(.text)
    USART6_IRQHandler                        0x080002d7   Thumb Code     0  startup_stm32f429xx.o(.text)
    WWDG_IRQHandler                          0x080002d7   Thumb Code     0  startup_stm32f429xx.o(.text)
    __user_initial_stackheap                 0x080002d9   Thumb Code     0  startup_stm32f429xx.o(.text)
    SVC_Handler                              0x080002fd   Thumb Code   108  irq_armv7m.o(.text)
    PendSV_Handler                           0x08000369   Thumb Code    16  irq_armv7m.o(.text)
    SysTick_Handler                          0x08000379   Thumb Code    16  irq_armv7m.o(.text)
    __aeabi_uldivmod                         0x08000391   Thumb Code     0  lludivv7m.o(.text)
    _ll_udiv                                 0x08000391   Thumb Code   238  lludivv7m.o(.text)
    __2printf                                0x08000481   Thumb Code    20  noretval__2printf.o(.text)
    __printf                                 0x08000499   Thumb Code   270  __printf_wp.o(.text)
    __aeabi_memcpy                           0x080005a7   Thumb Code     0  rt_memcpy_v6.o(.text)
    __rt_memcpy                              0x080005a7   Thumb Code   138  rt_memcpy_v6.o(.text)
    _memcpy_lastbytes                        0x0800060d   Thumb Code     0  rt_memcpy_v6.o(.text)
    __aeabi_memclr                           0x08000631   Thumb Code     0  rt_memclr.o(.text)
    __rt_memclr                              0x08000631   Thumb Code    68  rt_memclr.o(.text)
    _memset                                  0x08000635   Thumb Code     0  rt_memclr.o(.text)
    __aeabi_memclr4                          0x08000675   Thumb Code     0  rt_memclr_w.o(.text)
    __aeabi_memclr8                          0x08000675   Thumb Code     0  rt_memclr_w.o(.text)
    __rt_memclr_w                            0x08000675   Thumb Code    78  rt_memclr_w.o(.text)
    _memset_w                                0x08000679   Thumb Code     0  rt_memclr_w.o(.text)
    strcmp                                   0x080006c5   Thumb Code   128  strcmpv7m.o(.text)
    __use_two_region_memory                  0x08000745   Thumb Code     2  heapauxi.o(.text)
    __rt_heap_escrow                         0x08000747   Thumb Code     2  heapauxi.o(.text)
    __rt_heap_expand                         0x08000749   Thumb Code     2  heapauxi.o(.text)
    __lib_sel_fp_printf                      0x0800074b   Thumb Code     2  _printf_fp_dec.o(.text)
    _printf_fp_dec_real                      0x080008fd   Thumb Code   620  _printf_fp_dec.o(.text)
    __aeabi_memcpy4                          0x08000b69   Thumb Code     0  rt_memcpy_w.o(.text)
    __aeabi_memcpy8                          0x08000b69   Thumb Code     0  rt_memcpy_w.o(.text)
    __rt_memcpy_w                            0x08000b69   Thumb Code   100  rt_memcpy_w.o(.text)
    _memcpy_lastbytes_aligned                0x08000bb1   Thumb Code     0  rt_memcpy_w.o(.text)
    __rt_locale                              0x08000bcd   Thumb Code    10  rt_locale_twolibspace.o(.text)
    _ll_udiv10                               0x08000bd7   Thumb Code   138  lludiv10.o(.text)
    _printf_char_common                      0x08000c6b   Thumb Code    32  _printf_char_common.o(.text)
    _printf_fp_infnan                        0x08000c91   Thumb Code   112  _printf_fp_infnan.o(.text)
    _btod_etento                             0x08000d11   Thumb Code   224  bigflt0.o(.text)
    _initio                                  0x08000df5   Thumb Code   240  initio_locked.o(.text)
    _terminateio                             0x08000ee5   Thumb Code   168  initio_locked.o(.text)
    __user_libspace                          0x08000fbd   Thumb Code     8  libspace.o(.text)
    __user_perproc_libspace                  0x08000fbd   Thumb Code     0  libspace.o(.text)
    __user_setup_stackheap                   0x08000fc5   Thumb Code    74  sys_stackheap_outer.o(.text)
    _free_internal                           0x0800100f   Thumb Code    98  h1_free_mt.o(.text)
    free                                     0x08001071   Thumb Code    20  h1_free_mt.o(.text)
    __flsbuf                                 0x08001085   Thumb Code   470  flsbuf.o(.text)
    __flsbuf_byte                            0x08001085   Thumb Code     0  flsbuf.o(.text)
    __flsbuf_wide                            0x08001085   Thumb Code     0  flsbuf.o(.text)
    _fclose_internal                         0x0800125b   Thumb Code    76  fclose.o(.text)
    fclose                                   0x0800125b   Thumb Code     0  fclose.o(.text)
    setvbuf                                  0x080012a7   Thumb Code   104  setvbuf_locked.o(.text)
    freopen                                  0x080013bf   Thumb Code    42  fopen_locked.o(.text)
    _fopen$locked                            0x080013e9   Thumb Code   100  fopen_locked.o(.text)
    exit                                     0x08001455   Thumb Code    18  exit.o(.text)
    __rt_SIGRTRED                            0x08001467   Thumb Code    14  defsig_rtred_outer.o(.text)
    __rt_heap_descriptor                     0x08001475   Thumb Code    10  rt_heap_descriptor_twolibspace.o(.text)
    __use_no_heap                            0x0800147f   Thumb Code     2  hguard.o(.text)
    __heap$guard                             0x08001481   Thumb Code     2  hguard.o(.text)
    _terminate_user_alloc                    0x08001483   Thumb Code     2  init_alloc.o(.text)
    _init_user_alloc                         0x08001485   Thumb Code     2  init_alloc.o(.text)
    __Heap_Full                              0x08001487   Thumb Code    34  init_alloc.o(.text)
    __Heap_Broken                            0x080014a9   Thumb Code     6  init_alloc.o(.text)
    _init_alloc                              0x080014af   Thumb Code    94  init_alloc.o(.text)
    _malloc_internal                         0x08001515   Thumb Code   130  h1_alloc_mt.o(.text)
    malloc                                   0x08001597   Thumb Code    20  h1_alloc_mt.o(.text)
    _printf_char_file                        0x080015ad   Thumb Code    58  _printf_char_file_locked.o(.text)
    _fseek                                   0x080015ed   Thumb Code   242  fseek.o(.text)
    fseek                                    0x080015ed   Thumb Code     0  fseek.o(.text)
    _seterr                                  0x080016e5   Thumb Code    20  stdio.o(.text)
    _writebuf                                0x080016f9   Thumb Code    84  stdio.o(.text)
    _fflush                                  0x0800174d   Thumb Code    70  stdio.o(.text)
    _deferredlazyseek                        0x08001793   Thumb Code    60  stdio.o(.text)
    __sig_exit                               0x080017d5   Thumb Code    10  defsig_exit.o(.text)
    __rt_SIGRTRED_inner                      0x080017e1   Thumb Code    14  defsig_rtred_inner.o(.text)
    _sys_exit                                0x08001815   Thumb Code     8  sys_exit.o(.text)
    __Heap_Initialize                        0x08001821   Thumb Code    14  h1_init_mt.o(.text)
    __Heap_DescSize                          0x0800182f   Thumb Code     4  h1_init_mt.o(.text)
    __Heap_ProvideMemory                     0x08001833   Thumb Code    62  h1_extend_mt.o(.text)
    _ftell_internal                          0x08001871   Thumb Code    66  ftell.o(.text)
    ftell                                    0x08001871   Thumb Code     0  ftell.o(.text)
    __default_signal_display                 0x080018b3   Thumb Code    50  defsig_general.o(.text)
    __rt_SIGRTMEM                            0x080018e5   Thumb Code    14  defsig_rtmem_outer.o(.text)
    _ttywrch                                 0x080018f3   Thumb Code    14  sys_wrch.o(.text)
    __I$use$semihosting                      0x08001901   Thumb Code     0  use_no_semi.o(.text)
    __use_no_semihosting_swi                 0x08001901   Thumb Code     2  use_no_semi.o(.text)
    __aeabi_errno_addr                       0x08001903   Thumb Code     4  rt_errno_addr_twolibspace.o(.text)
    __errno$twolibspace                      0x08001903   Thumb Code     0  rt_errno_addr_twolibspace.o(.text)
    __rt_errno_addr$twolibspace              0x08001903   Thumb Code     0  rt_errno_addr_twolibspace.o(.text)
    __semihosting_library_function           0x08001903   Thumb Code     0  indicate_semi.o(.text)
    _terminate_alloc                         0x08001907   Thumb Code    16  term_alloc.o(.text)
    __rt_SIGRTMEM_inner                      0x08001919   Thumb Code    22  defsig_rtmem_inner.o(.text)
    __Heap_Finalize                          0x08001969   Thumb Code    10  h1_final_mt.o(.text)
    OS_Tick_AcknowledgeIRQ                   0x08001a29   Thumb Code     8  os_systick.o(.text.OS_Tick_AcknowledgeIRQ)
    OS_Tick_Enable                           0x08001a35   Thumb Code    32  os_systick.o(.text.OS_Tick_Enable)
    OS_Tick_GetIRQn                          0x08001a61   Thumb Code     6  os_systick.o(.text.OS_Tick_GetIRQn)
    OS_Tick_Setup                            0x08001a69   Thumb Code    48  os_systick.o(.text.OS_Tick_Setup)
    osDelay                                  0x08001ba1   Thumb Code    32  rtx_delay.o(.text.osDelay)
    osKernelGetState                         0x08001bc5   Thumb Code    40  rtx_kernel.o(.text.osKernelGetState)
    osKernelGetTickCount                     0x08001bf5   Thumb Code    32  rtx_kernel.o(.text.osKernelGetTickCount)
    osKernelInitialize                       0x08001c1d   Thumb Code    40  rtx_kernel.o(.text.osKernelInitialize)
    osKernelStart                            0x08001c49   Thumb Code    32  rtx_kernel.o(.text.osKernelStart)
    osMessageQueueGet                        0x08001c6d   Thumb Code   108  rtx_msgqueue.o(.text.osMessageQueueGet)
    osMessageQueueGetCount                   0x08001cdd   Thumb Code    44  rtx_msgqueue.o(.text.osMessageQueueGetCount)
    osMessageQueueNew                        0x08001d0d   Thumb Code    32  rtx_msgqueue.o(.text.osMessageQueueNew)
    osMessageQueuePut                        0x08001d31   Thumb Code   124  rtx_msgqueue.o(.text.osMessageQueuePut)
    osMutexAcquire                           0x08001db1   Thumb Code    32  rtx_mutex.o(.text.osMutexAcquire)
    osMutexDelete                            0x08001dd5   Thumb Code    32  rtx_mutex.o(.text.osMutexDelete)
    osMutexNew                               0x08001df9   Thumb Code    32  rtx_mutex.o(.text.osMutexNew)
    osMutexRelease                           0x08001e1d   Thumb Code    32  rtx_mutex.o(.text.osMutexRelease)
    osRtxKernelErrorNotify                   0x08001e41   Thumb Code     4  rtx_kernel.o(.text.osRtxKernelErrorNotify)
    osRtxKernelPreInit                       0x08001e45   Thumb Code     2  rtx_kernel.o(.text.osRtxKernelPreInit)
    osRtxMemoryAlloc                         0x08001e47   Thumb Code   108  rtx_memory.o(.text.osRtxMemoryAlloc)
    osRtxMemoryFree                          0x08001eb3   Thumb Code    66  rtx_memory.o(.text.osRtxMemoryFree)
    osRtxMemoryInit                          0x08001ef5   Thumb Code    54  rtx_memory.o(.text.osRtxMemoryInit)
    osRtxMemoryPoolAlloc                     0x08001f2b   Thumb Code    58  rtx_mempool.o(.text.osRtxMemoryPoolAlloc)
    osRtxMemoryPoolFree                      0x08001f65   Thumb Code    74  rtx_mempool.o(.text.osRtxMemoryPoolFree)
    osRtxMemoryPoolInit                      0x08001faf   Thumb Code    56  rtx_mempool.o(.text.osRtxMemoryPoolInit)
    osRtxMessageQueueTimerSetup              0x08002091   Thumb Code    32  rtx_msgqueue.o(.text.osRtxMessageQueueTimerSetup)
    osRtxMutexOwnerRelease                   0x080020b9   Thumb Code    72  rtx_mutex.o(.text.osRtxMutexOwnerRelease)
    osRtxMutexOwnerRestore                   0x08002101   Thumb Code    66  rtx_mutex.o(.text.osRtxMutexOwnerRestore)
    osRtxPendSV_Handler                      0x08002145   Thumb Code   136  rtx_system.o(.text.osRtxPendSV_Handler)
    osRtxPostProcess                         0x080021d1   Thumb Code   108  rtx_system.o(.text.osRtxPostProcess)
    osRtxThreadDelayTick                     0x0800233d   Thumb Code    72  rtx_thread.o(.text.osRtxThreadDelayTick)
    osRtxThreadDispatch                      0x080023ad   Thumb Code    80  rtx_thread.o(.text.osRtxThreadDispatch)
    osRtxThreadListGet                       0x08002477   Thumb Code    18  rtx_thread.o(.text.osRtxThreadListGet)
    osRtxThreadListPut                       0x08002489   Thumb Code    44  rtx_thread.o(.text.osRtxThreadListPut)
    osRtxThreadListRemove                    0x080024b5   Thumb Code    20  rtx_thread.o(.text.osRtxThreadListRemove)
    osRtxThreadListSort                      0x080024d5   Thumb Code    38  rtx_thread.o(.text.osRtxThreadListSort)
    osRtxThreadReadyPut                      0x08002525   Thumb Code    16  rtx_thread.o(.text.osRtxThreadReadyPut)
    osRtxThreadRegPtr                        0x08002539   Thumb Code     6  rtx_thread.o(.text.osRtxThreadRegPtr)
    osRtxThreadStartup                       0x08002541   Thumb Code    48  rtx_thread.o(.text.osRtxThreadStartup)
    osRtxThreadSwitch                        0x0800257d   Thumb Code    12  rtx_thread.o(.text.osRtxThreadSwitch)
    osRtxThreadWaitEnter                     0x0800258d   Thumb Code    56  rtx_thread.o(.text.osRtxThreadWaitEnter)
    osRtxThreadWaitExit                      0x080025c9   Thumb Code    34  rtx_thread.o(.text.osRtxThreadWaitExit)
    osRtxTick_Handler                        0x080025ed   Thumb Code   116  rtx_system.o(.text.osRtxTick_Handler)
    osRtxTimerSetup                          0x08002665   Thumb Code    24  rtx_timer.o(.text.osRtxTimerSetup)
    osRtxTimerThread                         0x08002685   Thumb Code    32  rtx_timer.o(.text.osRtxTimerThread)
    osThreadExit                             0x08002715   Thumb Code     8  rtx_thread.o(.text.osThreadExit)
    osThreadFlagsSet                         0x08002721   Thumb Code    84  rtx_thread.o(.text.osThreadFlagsSet)
    osThreadFlagsWait                        0x08002779   Thumb Code    32  rtx_thread.o(.text.osThreadFlagsWait)
    osThreadGetId                            0x0800279d   Thumb Code    32  rtx_thread.o(.text.osThreadGetId)
    osThreadNew                              0x080027c5   Thumb Code    32  rtx_thread.o(.text.osThreadNew)
    osThreadYield                            0x080027e9   Thumb Code    32  rtx_thread.o(.text.osThreadYield)
    osTimerNew                               0x0800280d   Thumb Code    32  rtx_timer.o(.text.osTimerNew)
    osTimerStart                             0x08002831   Thumb Code    32  rtx_timer.o(.text.osTimerStart)
    osTimerStop                              0x08002855   Thumb Code    32  rtx_timer.o(.text.osTimerStop)
    _btod_d2e                                0x08003359   Thumb Code    62  btod.o(CL$$btod_d2e)
    _d2e_denorm_low                          0x08003397   Thumb Code    70  btod.o(CL$$btod_d2e_denorm_low)
    _d2e_norm_op1                            0x080033dd   Thumb Code    96  btod.o(CL$$btod_d2e_norm_op1)
    __btod_div_common                        0x0800343d   Thumb Code   696  btod.o(CL$$btod_div_common)
    _e2e                                     0x08003775   Thumb Code   220  btod.o(CL$$btod_e2e)
    _btod_ediv                               0x08003851   Thumb Code    42  btod.o(CL$$btod_ediv)
    _btod_emul                               0x0800387b   Thumb Code    42  btod.o(CL$$btod_emul)
    __btod_mult_common                       0x080038a5   Thumb Code   580  btod.o(CL$$btod_mult_common)
    BusFault_Handler                         0x08003ae9   Thumb Code     4  stm32f4xx_it.o(i.BusFault_Handler)
    Config_Communication                     0x08003b85   Thumb Code    54  temp_hum.o(i.Config_Communication)
    DebugMon_Handler                         0x08003cf7   Thumb Code     2  stm32f4xx_it.o(i.DebugMon_Handler)
    HAL_DMA_Abort                            0x08003ed5   Thumb Code   170  stm32f4xx_hal_dma.o(i.HAL_DMA_Abort)
    HAL_DMA_Init                             0x08003f81   Thumb Code   232  stm32f4xx_hal_dma.o(i.HAL_DMA_Init)
    HAL_DMA_Start_IT                         0x0800406d   Thumb Code   146  stm32f4xx_hal_dma.o(i.HAL_DMA_Start_IT)
    HAL_Delay                                0x08004101   Thumb Code    36  stm32f4xx_hal.o(i.HAL_Delay)
    HAL_GPIO_DeInit                          0x08004129   Thumb Code   336  stm32f4xx_hal_gpio.o(i.HAL_GPIO_DeInit)
    HAL_GPIO_Init                            0x080042a9   Thumb Code   486  stm32f4xx_hal_gpio.o(i.HAL_GPIO_Init)
    HAL_GPIO_ReadPin                         0x080044c5   Thumb Code    16  stm32f4xx_hal_gpio.o(i.HAL_GPIO_ReadPin)
    HAL_GPIO_WritePin                        0x080044d5   Thumb Code    12  stm32f4xx_hal_gpio.o(i.HAL_GPIO_WritePin)
    HAL_GetREVID                             0x080044e1   Thumb Code     8  stm32f4xx_hal.o(i.HAL_GetREVID)
    HAL_GetTick                              0x080044ed   Thumb Code    66  main.o(i.HAL_GetTick)
    HAL_Init                                 0x08004539   Thumb Code    44  stm32f4xx_hal.o(i.HAL_Init)
    HAL_InitTick                             0x08004569   Thumb Code     6  main.o(i.HAL_InitTick)
    HAL_MspInit                              0x0800456f   Thumb Code     2  stm32f4xx_hal.o(i.HAL_MspInit)
    HAL_NVIC_ClearPendingIRQ                 0x08004571   Thumb Code    30  stm32f4xx_hal_cortex.o(i.HAL_NVIC_ClearPendingIRQ)
    HAL_NVIC_DisableIRQ                      0x08004595   Thumb Code    38  stm32f4xx_hal_cortex.o(i.HAL_NVIC_DisableIRQ)
    HAL_NVIC_EnableIRQ                       0x080045c1   Thumb Code    40  stm32f4xx_hal_cortex.o(i.HAL_NVIC_EnableIRQ)
    HAL_NVIC_SetPriorityGrouping             0x080045e9   Thumb Code    32  stm32f4xx_hal_cortex.o(i.HAL_NVIC_SetPriorityGrouping)
    HAL_RCC_ClockConfig                      0x08004611   Thumb Code   368  stm32f4xx_hal_rcc.o(i.HAL_RCC_ClockConfig)
    HAL_RCC_GetHCLKFreq                      0x08004795   Thumb Code     6  stm32f4xx_hal_rcc.o(i.HAL_RCC_GetHCLKFreq)
    HAL_RCC_GetPCLK1Freq                     0x080047a1   Thumb Code    22  stm32f4xx_hal_rcc.o(i.HAL_RCC_GetPCLK1Freq)
    HAL_RCC_GetSysClockFreq                  0x080047c1   Thumb Code   162  stm32f4xx_hal_rcc.o(i.HAL_RCC_GetSysClockFreq)
    HAL_RCC_OscConfig                        0x08004871   Thumb Code  1152  stm32f4xx_hal_rcc.o(i.HAL_RCC_OscConfig)
    HAL_TIM_PWM_ConfigChannel                0x08004cf9   Thumb Code   264  stm32f4xx_hal_tim.o(i.HAL_TIM_PWM_ConfigChannel)
    HAL_TIM_PWM_DeInit                       0x08004e01   Thumb Code    70  stm32f4xx_hal_tim.o(i.HAL_TIM_PWM_DeInit)
    HAL_TIM_PWM_Init                         0x08004e47   Thumb Code    52  stm32f4xx_hal_tim.o(i.HAL_TIM_PWM_Init)
    HAL_TIM_PWM_MspDeInit                    0x08004e7b   Thumb Code     2  stm32f4xx_hal_tim.o(i.HAL_TIM_PWM_MspDeInit)
    HAL_TIM_PWM_MspInit                      0x08004e7d   Thumb Code     2  stm32f4xx_hal_tim.o(i.HAL_TIM_PWM_MspInit)
    HAL_TIM_PWM_Start                        0x08004e81   Thumb Code    80  stm32f4xx_hal_tim.o(i.HAL_TIM_PWM_Start)
    HAL_TIM_PWM_Stop                         0x08004ed9   Thumb Code   126  stm32f4xx_hal_tim.o(i.HAL_TIM_PWM_Stop)
    HardFault_Handler                        0x08004f61   Thumb Code     4  stm32f4xx_it.o(i.HardFault_Handler)
    I2C1_ER_IRQHandler                       0x08004f7d   Thumb Code    10  i2c_stm32f4xx.o(i.I2C1_ER_IRQHandler)
    I2C1_EV_IRQHandler                       0x08004f8d   Thumb Code    10  i2c_stm32f4xx.o(i.I2C1_EV_IRQHandler)
    I2C_SignalEvent_TEMP_HUM                 0x08006395   Thumb Code    30  temp_hum.o(i.I2C_SignalEvent_TEMP_HUM)
    ITM_SendChar                             0x08006519   Thumb Code    42  retarget_io.o(i.ITM_SendChar)
    Init_MsgTemp_Hum                         0x08006549   Thumb Code    34  temp_hum.o(i.Init_MsgTemp_Hum)
    Init_ThTemp_Hum                          0x08006571   Thumb Code    76  temp_hum.o(i.Init_ThTemp_Hum)
    Init_ThThermostato                       0x080065cd   Thumb Code    36  thtermostato.o(i.Init_ThThermostato)
    Init_Thread                              0x080065f9   Thumb Code    32  testtemphum.o(i.Init_Thread)
    Init_Ventilador_MsgTemp_Hum              0x08006621   Thumb Code    34  thtermostato.o(i.Init_Ventilador_MsgTemp_Hum)
    Init_timer_TempHum                       0x080066a5   Thumb Code    46  temp_hum.o(i.Init_timer_TempHum)
    MemManage_Handler                        0x080066e5   Thumb Code     4  stm32f4xx_it.o(i.MemManage_Handler)
    NMI_Handler                              0x080066e9   Thumb Code     2  stm32f4xx_it.o(i.NMI_Handler)
    ReadSensorData                           0x080066ed   Thumb Code   128  temp_hum.o(i.ReadSensorData)
    Set_PeriodicAdq_Mode                     0x0800678d   Thumb Code    12  temp_hum.o(i.Set_PeriodicAdq_Mode)
    Set_SingleShot_Mode                      0x0800679d   Thumb Code    12  temp_hum.o(i.Set_SingleShot_Mode)
    SystemCoreClockUpdate                    0x0800686d   Thumb Code   170  system_stm32f4xx.o(i.SystemCoreClockUpdate)
    SystemInit                               0x0800692d   Thumb Code     2  system_stm32f4xx.o(i.SystemInit)
    TIM_Base_SetConfig                       0x08006931   Thumb Code   170  stm32f4xx_hal_tim.o(i.TIM_Base_SetConfig)
    TIM_CCxChannelCmd                        0x08006a09   Thumb Code    34  stm32f4xx_hal_tim.o(i.TIM_CCxChannelCmd)
    TIM_OC2_SetConfig                        0x08006a9d   Thumb Code   114  stm32f4xx_hal_tim.o(i.TIM_OC2_SetConfig)
    ThTemp_Hum                               0x08006be5   Thumb Code    70  temp_hum.o(i.ThTemp_Hum)
    ThTermostato                             0x08006c39   Thumb Code    86  thtermostato.o(i.ThTermostato)
    Thread                                   0x08006ca1   Thumb Code    80  testtemphum.o(i.Thread)
    UsageFault_Handler                       0x08006d15   Thumb Code     4  stm32f4xx_it.o(i.UsageFault_Handler)
    __ARM_fpclassify                         0x08006d19   Thumb Code    40  fpclassify.o(i.__ARM_fpclassify)
    __user_perthread_libspace                0x08006d41   Thumb Code    80  rtx_lib.o(i.__user_perthread_libspace)
    _is_digit                                0x08006d99   Thumb Code    14  __printf_wp.o(i._is_digit)
    _mutex_acquire                           0x08006da7   Thumb Code    22  rtx_lib.o(i._mutex_acquire)
    _mutex_free                              0x08006dbd   Thumb Code    12  rtx_lib.o(i._mutex_free)
    _mutex_initialize                        0x08006dc9   Thumb Code    34  rtx_lib.o(i._mutex_initialize)
    _mutex_release                           0x08006deb   Thumb Code    18  rtx_lib.o(i._mutex_release)
    _platform_post_stackheap_init            0x08006dfd   Thumb Code     8  rtx_lib.o(i._platform_post_stackheap_init)
    _sys_close                               0x08006e05   Thumb Code    38  retarget_io.o(i._sys_close)
    _sys_flen                                0x08006e2b   Thumb Code    36  retarget_io.o(i._sys_flen)
    _sys_istty                               0x08006e4f   Thumb Code    36  retarget_io.o(i._sys_istty)
    _sys_open                                0x08006e75   Thumb Code    80  retarget_io.o(i._sys_open)
    _sys_seek                                0x08006edd   Thumb Code    44  retarget_io.o(i._sys_seek)
    _sys_write                               0x08006f09   Thumb Code    70  retarget_io.o(i._sys_write)
    apagar_ventilador                        0x08006f51   Thumb Code    20  thtermostato.o(i.apagar_ventilador)
    encender_ventilador                      0x08006f6d   Thumb Code    20  thtermostato.o(i.encender_ventilador)
    _fputc$unlocked                          0x08006f89   Thumb Code    26  fputc.o(i.fputc)
    init_servo                               0x08006fa5   Thumb Code    94  thtermostato.o(i.init_servo)
    init_ventilador                          0x08007011   Thumb Code    70  thtermostato.o(i.init_ventilador)
    main                                     0x08007065   Thumb Code    36  main.o(i.main)
    move_servo                               0x08007089   Thumb Code    24  thtermostato.o(i.move_servo)
    osRtxErrorNotify                         0x080070a5   Thumb Code    32  rtx_config.o(i.osRtxErrorNotify)
    osRtxIdleThread                          0x080070c5   Thumb Code     4  rtx_config.o(i.osRtxIdleThread)
    stop_servo                               0x080070f5   Thumb Code    32  thtermostato.o(i.stop_servo)
    _get_lc_numeric                          0x0800711d   Thumb Code    44  lc_numeric_c.o(locale$$code)
    __fpl_dretinf                            0x08007149   Thumb Code    12  dretinf.o(x$fpl$dretinf)
    __aeabi_f2d                              0x08007155   Thumb Code     0  f2d.o(x$fpl$f2d)
    _f2d                                     0x08007155   Thumb Code    86  f2d.o(x$fpl$f2d)
    __aeabi_fadd                             0x080071ad   Thumb Code     0  faddsub_clz.o(x$fpl$fadd)
    _fadd                                    0x080071ad   Thumb Code   196  faddsub_clz.o(x$fpl$fadd)
    __fpl_fcmp_Inf                           0x08007271   Thumb Code    24  fcmpi.o(x$fpl$fcmpinf)
    __aeabi_fdiv                             0x08007289   Thumb Code     0  fdiv.o(x$fpl$fdiv)
    _fdiv                                    0x08007289   Thumb Code   384  fdiv.o(x$fpl$fdiv)
    __aeabi_ui2f                             0x0800740d   Thumb Code     0  fflt_clz.o(x$fpl$ffltu)
    _ffltu                                   0x0800740d   Thumb Code    38  fflt_clz.o(x$fpl$ffltu)
    __aeabi_cfcmple                          0x08007435   Thumb Code     0  fleqf.o(x$fpl$fleqf)
    _fcmple                                  0x08007435   Thumb Code   104  fleqf.o(x$fpl$fleqf)
    __fpl_fcmple_InfNaN                      0x08007487   Thumb Code     0  fleqf.o(x$fpl$fleqf)
    __aeabi_fmul                             0x0800749d   Thumb Code     0  fmul.o(x$fpl$fmul)
    _fmul                                    0x0800749d   Thumb Code   258  fmul.o(x$fpl$fmul)
    __fpl_fnaninf                            0x0800759f   Thumb Code   140  fnaninf.o(x$fpl$fnaninf)
    __fpl_fretinf                            0x0800762b   Thumb Code    10  fretinf.o(x$fpl$fretinf)
    __aeabi_cfrcmple                         0x08007635   Thumb Code     0  frleqf.o(x$fpl$frleqf)
    _frcmple                                 0x08007635   Thumb Code    98  frleqf.o(x$fpl$frleqf)
    __aeabi_fsub                             0x08007699   Thumb Code     0  faddsub_clz.o(x$fpl$fsub)
    _fsub                                    0x08007699   Thumb Code   234  faddsub_clz.o(x$fpl$fsub)
    _printf_fp_dec                           0x08007783   Thumb Code     4  printf1.o(x$fpl$printf1)
    __I$use$fp                               0x08007786   Number         0  usenofp.o(x$fpl$usenofp)
    irqRtxLibRef                             0x080077e8   Data           4  rtx_lib.o(.constdata)
    osRtxUserSVC                             0x080077ec   Data           4  rtx_lib.o(.constdata)
    Driver_I2C1                              0x08007828   Data          48  i2c_stm32f4xx.o(.constdata)
    __stdin_name                             0x08007858   Data           7  retarget_io.o(.constdata)
    __stdout_name                            0x0800785f   Data           8  retarget_io.o(.constdata)
    __stderr_name                            0x08007867   Data           8  retarget_io.o(.constdata)
    AHBPrescTable                            0x08007877   Data          16  system_stm32f4xx.o(.constdata)
    APBPrescTable                            0x08007887   Data           8  system_stm32f4xx.o(.constdata)
    osRtxConfig                              0x08007968   Data         112  rtx_lib.o(.rodata)
    os_cb_sections                           0x080079d8   Data          56  rtx_lib.o(.rodata)
    irqRtxLib                                0x08007a10   Number         0  irq_armv7m.o(.rodata)
    Region$$Table$$Base                      0x08007a20   Number         0  anon$$obj.o(Region$$Table)
    Region$$Table$$Limit                     0x08007a40   Number         0  anon$$obj.o(Region$$Table)
    .bss.os.msgqueue.cb$$Base                0x20008230   Number         0  rtx_lib.o(.bss.os.msgqueue.cb)
    .bss.os.msgqueue.cb$$Limit               0x20008264   Number         0  rtx_lib.o(.bss.os.msgqueue.cb)
    .bss.os.thread.cb$$Base                  0x200082b4   Number         0  rtx_lib.o(.bss.os.thread.cb)
    .bss.os.thread.cb$$Limit                 0x2000833c   Number         0  rtx_lib.o(.bss.os.thread.cb)
    tid_ThTemp_Hum                           0x20008744   Data           4  temp_hum.o(.data)
    mid_MsgTemp_Hum                          0x20008748   Data           4  temp_hum.o(.data)
    tid_Thread                               0x20008770   Data           4  testtemphum.o(.data)
    datos                                    0x20008774   Data           8  testtemphum.o(.data)
    tid_ThTermostato                         0x20008784   Data           4  thtermostato.o(.data)
    periodic_id                              0x20008788   Data           4  thtermostato.o(.data)
    mid_Msg_Ventilador_Temphum               0x2000878c   Data           4  thtermostato.o(.data)
    info_temp_Hum                            0x20008790   Data           8  thtermostato.o(.data)
    uwTick                                   0x2000879c   Data           4  stm32f4xx_hal.o(.data)
    uwTickPrio                               0x200087a0   Data           4  stm32f4xx_hal.o(.data)
    uwTickFreq                               0x200087a4   Data           1  stm32f4xx_hal.o(.data)
    SystemCoreClock                          0x200087a8   Data           4  system_stm32f4xx.o(.data)
    __aeabi_stdin                            0x200087ac   Data           4  stdio_streams.o(.data)
    __aeabi_stdout                           0x200087b0   Data           4  stdio_streams.o(.data)
    __aeabi_stderr                           0x200087b4   Data           4  stdio_streams.o(.data)
    _stream_list_lock                        0x200087b8   Data           4  streamlock.o(.data)
    osRtxInfo                                0x200087bc   Data         164  rtx_kernel.o(.data.os)
    __stdin                                  0x2000890c   Data          84  stdio_streams.o(.bss)
    __stdout                                 0x20008960   Data          84  stdio_streams.o(.bss)
    __stderr                                 0x200089b4   Data          84  stdio_streams.o(.bss)
    __libspace_start                         0x20008a08   Data          96  libspace.o(.bss)
    __temporary_stack_top$libspace           0x20008a68   Data           0  libspace.o(.bss)



==============================================================================

Memory Map of the image

  Image Entry point : 0x080001ad

  Load Region LR_IROM1 (Base: 0x08000000, Size: 0x000102bc, Max: 0x00200000, ABSOLUTE, COMPRESSED[0x00007b88])

    Execution Region ER_IROM1 (Exec base: 0x08000000, Load base: 0x08000000, Size: 0x00007a5c, Max: 0x00200000, ABSOLUTE)

    Exec Addr    Load Addr    Size         Type   Attr      Idx    E Section Name        Object

    0x08000000   0x08000000   0x000001ac   Data   RO         3169    RESET               startup_stm32f429xx.o
    0x080001ac   0x080001ac   0x00000008   Code   RO         3739  * !!!main             c_w.l(__main.o)
    0x080001b4   0x080001b4   0x00000034   Code   RO         4171    !!!scatter          c_w.l(__scatter.o)
    0x080001e8   0x080001e8   0x0000005a   Code   RO         4169    !!dczerorl2         c_w.l(__dczerorl2.o)
    0x08000242   0x08000242   0x00000002   PAD
    0x08000244   0x08000244   0x0000001c   Code   RO         4173    !!handler_zi        c_w.l(__scatter_zi.o)
    0x08000260   0x08000260   0x00000000   Code   RO         3728    .ARM.Collect$$_printf_percent$$00000000  c_w.l(_printf_percent.o)
    0x08000260   0x08000260   0x00000006   Code   RO         3727    .ARM.Collect$$_printf_percent$$00000003  c_w.l(_printf_f.o)
    0x08000266   0x08000266   0x00000004   Code   RO         3776    .ARM.Collect$$_printf_percent$$00000017  c_w.l(_printf_percent_end.o)
    0x0800026a   0x0800026a   0x00000002   Code   RO         3959    .ARM.Collect$$libinit$$00000000  c_w.l(libinit.o)
    0x0800026c   0x0800026c   0x00000000   Code   RO         3961    .ARM.Collect$$libinit$$00000002  c_w.l(libinit2.o)
    0x0800026c   0x0800026c   0x00000000   Code   RO         3963    .ARM.Collect$$libinit$$00000004  c_w.l(libinit2.o)
    0x0800026c   0x0800026c   0x00000008   Code   RO         3964    .ARM.Collect$$libinit$$00000005  c_w.l(libinit2.o)
    0x08000274   0x08000274   0x00000000   Code   RO         3966    .ARM.Collect$$libinit$$0000000A  c_w.l(libinit2.o)
    0x08000274   0x08000274   0x00000000   Code   RO         3968    .ARM.Collect$$libinit$$0000000C  c_w.l(libinit2.o)
    0x08000274   0x08000274   0x00000000   Code   RO         3970    .ARM.Collect$$libinit$$0000000E  c_w.l(libinit2.o)
    0x08000274   0x08000274   0x00000006   Code   RO         3971    .ARM.Collect$$libinit$$0000000F  c_w.l(libinit2.o)
    0x0800027a   0x0800027a   0x00000000   Code   RO         3973    .ARM.Collect$$libinit$$00000011  c_w.l(libinit2.o)
    0x0800027a   0x0800027a   0x00000000   Code   RO         3975    .ARM.Collect$$libinit$$00000013  c_w.l(libinit2.o)
    0x0800027a   0x0800027a   0x00000000   Code   RO         3977    .ARM.Collect$$libinit$$00000015  c_w.l(libinit2.o)
    0x0800027a   0x0800027a   0x0000000a   Code   RO         3978    .ARM.Collect$$libinit$$00000016  c_w.l(libinit2.o)
    0x08000284   0x08000284   0x00000000   Code   RO         3979    .ARM.Collect$$libinit$$00000017  c_w.l(libinit2.o)
    0x08000284   0x08000284   0x00000000   Code   RO         3981    .ARM.Collect$$libinit$$00000019  c_w.l(libinit2.o)
    0x08000284   0x08000284   0x00000000   Code   RO         3983    .ARM.Collect$$libinit$$0000001B  c_w.l(libinit2.o)
    0x08000284   0x08000284   0x00000000   Code   RO         3985    .ARM.Collect$$libinit$$0000001D  c_w.l(libinit2.o)
    0x08000284   0x08000284   0x00000000   Code   RO         3987    .ARM.Collect$$libinit$$0000001F  c_w.l(libinit2.o)
    0x08000284   0x08000284   0x00000000   Code   RO         3989    .ARM.Collect$$libinit$$00000021  c_w.l(libinit2.o)
    0x08000284   0x08000284   0x00000000   Code   RO         3991    .ARM.Collect$$libinit$$00000023  c_w.l(libinit2.o)
    0x08000284   0x08000284   0x00000004   Code   RO         3992    .ARM.Collect$$libinit$$00000024  c_w.l(libinit2.o)
    0x08000288   0x08000288   0x00000000   Code   RO         3993    .ARM.Collect$$libinit$$00000025  c_w.l(libinit2.o)
    0x08000288   0x08000288   0x00000000   Code   RO         3997    .ARM.Collect$$libinit$$0000002C  c_w.l(libinit2.o)
    0x08000288   0x08000288   0x00000000   Code   RO         3999    .ARM.Collect$$libinit$$0000002E  c_w.l(libinit2.o)
    0x08000288   0x08000288   0x00000000   Code   RO         4001    .ARM.Collect$$libinit$$00000030  c_w.l(libinit2.o)
    0x08000288   0x08000288   0x00000000   Code   RO         4003    .ARM.Collect$$libinit$$00000032  c_w.l(libinit2.o)
    0x08000288   0x08000288   0x00000002   Code   RO         4004    .ARM.Collect$$libinit$$00000033  c_w.l(libinit2.o)
    0x0800028a   0x0800028a   0x00000002   Code   RO         4150    .ARM.Collect$$libshutdown$$00000000  c_w.l(libshutdown.o)
    0x0800028c   0x0800028c   0x00000000   Code   RO         4006    .ARM.Collect$$libshutdown$$00000002  c_w.l(libshutdown2.o)
    0x0800028c   0x0800028c   0x00000000   Code   RO         4008    .ARM.Collect$$libshutdown$$00000004  c_w.l(libshutdown2.o)
    0x0800028c   0x0800028c   0x00000004   Code   RO         4009    .ARM.Collect$$libshutdown$$00000005  c_w.l(libshutdown2.o)
    0x08000290   0x08000290   0x00000000   Code   RO         4010    .ARM.Collect$$libshutdown$$00000006  c_w.l(libshutdown2.o)
    0x08000290   0x08000290   0x00000000   Code   RO         4013    .ARM.Collect$$libshutdown$$00000009  c_w.l(libshutdown2.o)
    0x08000290   0x08000290   0x00000000   Code   RO         4016    .ARM.Collect$$libshutdown$$0000000C  c_w.l(libshutdown2.o)
    0x08000290   0x08000290   0x00000000   Code   RO         4018    .ARM.Collect$$libshutdown$$0000000E  c_w.l(libshutdown2.o)
    0x08000290   0x08000290   0x00000004   Code   RO         4019    .ARM.Collect$$libshutdown$$0000000F  c_w.l(libshutdown2.o)
    0x08000294   0x08000294   0x00000000   Code   RO         4021    .ARM.Collect$$libshutdown$$00000011  c_w.l(libshutdown2.o)
    0x08000294   0x08000294   0x00000002   Code   RO         4022    .ARM.Collect$$libshutdown$$00000012  c_w.l(libshutdown2.o)
    0x08000296   0x08000296   0x00000000   Code   RO         3767    .ARM.Collect$$rtentry$$00000000  c_w.l(__rtentry.o)
    0x08000296   0x08000296   0x00000000   Code   RO         3795    .ARM.Collect$$rtentry$$00000002  c_w.l(__rtentry2.o)
    0x08000296   0x08000296   0x00000006   Code   RO         3807    .ARM.Collect$$rtentry$$00000004  c_w.l(__rtentry4.o)
    0x0800029c   0x0800029c   0x00000008   Code   RO         3796    .ARM.Collect$$rtentry$$00000008  c_w.l(__rtentry2.o)
    0x080002a4   0x080002a4   0x00000004   Code   RO         3798    .ARM.Collect$$rtentry$$0000000A  c_w.l(__rtentry2.o)
    0x080002a8   0x080002a8   0x00000000   Code   RO         3800    .ARM.Collect$$rtentry$$0000000C  c_w.l(__rtentry2.o)
    0x080002a8   0x080002a8   0x00000008   Code   RO         3801    .ARM.Collect$$rtentry$$0000000D  c_w.l(__rtentry2.o)
    0x080002b0   0x080002b0   0x00000002   Code   RO         4025    .ARM.Collect$$rtexit$$00000000  c_w.l(rtexit.o)
    0x080002b2   0x080002b2   0x00000000   Code   RO         4083    .ARM.Collect$$rtexit$$00000002  c_w.l(rtexit2.o)
    0x080002b2   0x080002b2   0x00000004   Code   RO         4084    .ARM.Collect$$rtexit$$00000003  c_w.l(rtexit2.o)
    0x080002b6   0x080002b6   0x00000006   Code   RO         4085    .ARM.Collect$$rtexit$$00000004  c_w.l(rtexit2.o)
    0x080002bc   0x080002bc   0x00000000   Code   RO         4090    .emb_text           c_w.l(maybetermalloc2.o)
    0x080002bc   0x080002bc   0x00000040   Code   RO         3170    .text               startup_stm32f429xx.o
    0x080002fc   0x080002fc   0x00000094   Code   RO         3583    .text               RTX_CM3.lib(irq_armv7m.o)
    0x08000390   0x08000390   0x000000ee   Code   RO         3699    .text               c_w.l(lludivv7m.o)
    0x0800047e   0x0800047e   0x00000002   PAD
    0x08000480   0x08000480   0x00000018   Code   RO         3703    .text               c_w.l(noretval__2printf.o)
    0x08000498   0x08000498   0x0000010e   Code   RO         3715    .text               c_w.l(__printf_wp.o)
    0x080005a6   0x080005a6   0x0000008a   Code   RO         3729    .text               c_w.l(rt_memcpy_v6.o)
    0x08000630   0x08000630   0x00000044   Code   RO         3731    .text               c_w.l(rt_memclr.o)
    0x08000674   0x08000674   0x0000004e   Code   RO         3733    .text               c_w.l(rt_memclr_w.o)
    0x080006c2   0x080006c2   0x00000002   PAD
    0x080006c4   0x080006c4   0x00000080   Code   RO         3735    .text               c_w.l(strcmpv7m.o)
    0x08000744   0x08000744   0x00000006   Code   RO         3737    .text               c_w.l(heapauxi.o)
    0x0800074a   0x0800074a   0x0000041e   Code   RO         3772    .text               c_w.l(_printf_fp_dec.o)
    0x08000b68   0x08000b68   0x00000064   Code   RO         3783    .text               c_w.l(rt_memcpy_w.o)
    0x08000bcc   0x08000bcc   0x0000000a   Code   RO         3816    .text               c_w.l(rt_locale_twolibspace.o)
    0x08000bd6   0x08000bd6   0x0000008a   Code   RO         3818    .text               c_w.l(lludiv10.o)
    0x08000c60   0x08000c60   0x00000030   Code   RO         3820    .text               c_w.l(_printf_char_common.o)
    0x08000c90   0x08000c90   0x00000080   Code   RO         3822    .text               c_w.l(_printf_fp_infnan.o)
    0x08000d10   0x08000d10   0x000000e4   Code   RO         3824    .text               c_w.l(bigflt0.o)
    0x08000df4   0x08000df4   0x000001c8   Code   RO         3861    .text               c_w.l(initio_locked.o)
    0x08000fbc   0x08000fbc   0x00000008   Code   RO         3870    .text               c_w.l(libspace.o)
    0x08000fc4   0x08000fc4   0x0000004a   Code   RO         3873    .text               c_w.l(sys_stackheap_outer.o)
    0x0800100e   0x0800100e   0x00000076   Code   RO         3879    .text               c_w.l(h1_free_mt.o)
    0x08001084   0x08001084   0x000001d6   Code   RO         3933    .text               c_w.l(flsbuf.o)
    0x0800125a   0x0800125a   0x0000004c   Code   RO         3940    .text               c_w.l(fclose.o)
    0x080012a6   0x080012a6   0x00000068   Code   RO         3942    .text               c_w.l(setvbuf_locked.o)
    0x0800130e   0x0800130e   0x00000002   PAD
    0x08001310   0x08001310   0x00000144   Code   RO         3944    .text               c_w.l(fopen_locked.o)
    0x08001454   0x08001454   0x00000012   Code   RO         3946    .text               c_w.l(exit.o)
    0x08001466   0x08001466   0x0000000e   Code   RO         3952    .text               c_w.l(defsig_rtred_outer.o)
    0x08001474   0x08001474   0x0000000a   Code   RO         4034    .text               c_w.l(rt_heap_descriptor_twolibspace.o)
    0x0800147e   0x0800147e   0x00000004   Code   RO         4036    .text               c_w.l(hguard.o)
    0x08001482   0x08001482   0x0000008a   Code   RO         4038    .text               c_w.l(init_alloc.o)
    0x0800150c   0x0800150c   0x0000009e   Code   RO         4046    .text               c_w.l(h1_alloc_mt.o)
    0x080015aa   0x080015aa   0x00000002   PAD
    0x080015ac   0x080015ac   0x00000040   Code   RO         4058    .text               c_w.l(_printf_char_file_locked.o)
    0x080015ec   0x080015ec   0x000000f8   Code   RO         4060    .text               c_w.l(fseek.o)
    0x080016e4   0x080016e4   0x000000f0   Code   RO         4062    .text               c_w.l(stdio.o)
    0x080017d4   0x080017d4   0x0000000a   Code   RO         4068    .text               c_w.l(defsig_exit.o)
    0x080017de   0x080017de   0x00000002   PAD
    0x080017e0   0x080017e0   0x00000034   Code   RO         4072    .text               c_w.l(defsig_rtred_inner.o)
    0x08001814   0x08001814   0x0000000c   Code   RO         4080    .text               c_w.l(sys_exit.o)
    0x08001820   0x08001820   0x00000012   Code   RO         4095    .text               c_w.l(h1_init_mt.o)
    0x08001832   0x08001832   0x0000003e   Code   RO         4097    .text               c_w.l(h1_extend_mt.o)
    0x08001870   0x08001870   0x00000042   Code   RO         4103    .text               c_w.l(ftell.o)
    0x080018b2   0x080018b2   0x00000032   Code   RO         4111    .text               c_w.l(defsig_general.o)
    0x080018e4   0x080018e4   0x0000000e   Code   RO         4113    .text               c_w.l(defsig_rtmem_outer.o)
    0x080018f2   0x080018f2   0x0000000e   Code   RO         4126    .text               c_w.l(sys_wrch.o)
    0x08001900   0x08001900   0x00000002   Code   RO         4130    .text               c_w.l(use_no_semi.o)
    0x08001902   0x08001902   0x00000000   Code   RO         4132    .text               c_w.l(indicate_semi.o)
    0x08001902   0x08001902   0x00000004   Code   RO         4138    .text               c_w.l(rt_errno_addr_twolibspace.o)
    0x08001906   0x08001906   0x00000010   Code   RO         4142    .text               c_w.l(term_alloc.o)
    0x08001916   0x08001916   0x00000002   PAD
    0x08001918   0x08001918   0x00000050   Code   RO         4144    .text               c_w.l(defsig_rtmem_inner.o)
    0x08001968   0x08001968   0x0000000a   Code   RO         4153    .text               c_w.l(h1_final_mt.o)
    0x08001972   0x08001972   0x00000040   Code   RO         3566    .text.MessageQueueGet  RTX_CM3.lib(rtx_msgqueue.o)
    0x080019b2   0x080019b2   0x00000058   Code   RO         3560    .text.MessageQueuePut  RTX_CM3.lib(rtx_msgqueue.o)
    0x08001a0a   0x08001a0a   0x0000001c   Code   RO         3558    .text.MessageQueueRemove  RTX_CM3.lib(rtx_msgqueue.o)
    0x08001a26   0x08001a26   0x00000002   PAD
    0x08001a28   0x08001a28   0x0000000c   Code   RO         3677    .text.OS_Tick_AcknowledgeIRQ  RTX_CM3.lib(os_systick.o)
    0x08001a34   0x08001a34   0x0000002c   Code   RO         3673    .text.OS_Tick_Enable  RTX_CM3.lib(os_systick.o)
    0x08001a60   0x08001a60   0x00000006   Code   RO         3679    .text.OS_Tick_GetIRQn  RTX_CM3.lib(os_systick.o)
    0x08001a66   0x08001a66   0x00000002   PAD
    0x08001a68   0x08001a68   0x00000040   Code   RO         3671    .text.OS_Tick_Setup  RTX_CM3.lib(os_systick.o)
    0x08001aa8   0x08001aa8   0x0000000c   Code   RO         3270    .text.OUTLINED_FUNCTION_0  RTX_CM3.lib(rtx_kernel.o)
    0x08001ab4   0x08001ab4   0x00000006   Code   RO         3412    .text.OUTLINED_FUNCTION_0  RTX_CM3.lib(rtx_thread.o)
    0x08001aba   0x08001aba   0x0000000c   Code   RO         3574    .text.OUTLINED_FUNCTION_0  RTX_CM3.lib(rtx_msgqueue.o)
    0x08001ac6   0x08001ac6   0x00000006   Code   RO         3272    .text.OUTLINED_FUNCTION_1  RTX_CM3.lib(rtx_kernel.o)
    0x08001acc   0x08001acc   0x00000064   Code   RO         3364    .text.ThreadFlagsCheck  RTX_CM3.lib(rtx_thread.o)
    0x08001b30   0x08001b30   0x00000048   Code   RO         3464    .text.TimerInsert   RTX_CM3.lib(rtx_timer.o)
    0x08001b78   0x08001b78   0x00000028   Code   RO         3472    .text.TimerRemove   RTX_CM3.lib(rtx_timer.o)
    0x08001ba0   0x08001ba0   0x00000024   Code   RO         3430    .text.osDelay       RTX_CM3.lib(rtx_delay.o)
    0x08001bc4   0x08001bc4   0x00000030   Code   RO         3222    .text.osKernelGetState  RTX_CM3.lib(rtx_kernel.o)
    0x08001bf4   0x08001bf4   0x00000028   Code   RO         3238    .text.osKernelGetTickCount  RTX_CM3.lib(rtx_kernel.o)
    0x08001c1c   0x08001c1c   0x0000002c   Code   RO         3216    .text.osKernelInitialize  RTX_CM3.lib(rtx_kernel.o)
    0x08001c48   0x08001c48   0x00000024   Code   RO         3226    .text.osKernelStart  RTX_CM3.lib(rtx_kernel.o)
    0x08001c6c   0x08001c6c   0x00000070   Code   RO         3534    .text.osMessageQueueGet  RTX_CM3.lib(rtx_msgqueue.o)
    0x08001cdc   0x08001cdc   0x00000030   Code   RO         3544    .text.osMessageQueueGetCount  RTX_CM3.lib(rtx_msgqueue.o)
    0x08001d0c   0x08001d0c   0x00000024   Code   RO         3528    .text.osMessageQueueNew  RTX_CM3.lib(rtx_msgqueue.o)
    0x08001d30   0x08001d30   0x00000080   Code   RO         3532    .text.osMessageQueuePut  RTX_CM3.lib(rtx_msgqueue.o)
    0x08001db0   0x08001db0   0x00000024   Code   RO         3496    .text.osMutexAcquire  RTX_CM3.lib(rtx_mutex.o)
    0x08001dd4   0x08001dd4   0x00000024   Code   RO         3502    .text.osMutexDelete  RTX_CM3.lib(rtx_mutex.o)
    0x08001df8   0x08001df8   0x00000024   Code   RO         3492    .text.osMutexNew    RTX_CM3.lib(rtx_mutex.o)
    0x08001e1c   0x08001e1c   0x00000024   Code   RO         3498    .text.osMutexRelease  RTX_CM3.lib(rtx_mutex.o)
    0x08001e40   0x08001e40   0x00000004   Code   RO         3214    .text.osRtxKernelErrorNotify  RTX_CM3.lib(rtx_kernel.o)
    0x08001e44   0x08001e44   0x00000002   Code   RO         3212    .text.osRtxKernelPreInit  RTX_CM3.lib(rtx_kernel.o)
    0x08001e46   0x08001e46   0x0000006c   Code   RO         3593    .text.osRtxMemoryAlloc  RTX_CM3.lib(rtx_memory.o)
    0x08001eb2   0x08001eb2   0x00000042   Code   RO         3595    .text.osRtxMemoryFree  RTX_CM3.lib(rtx_memory.o)
    0x08001ef4   0x08001ef4   0x00000036   Code   RO         3591    .text.osRtxMemoryInit  RTX_CM3.lib(rtx_memory.o)
    0x08001f2a   0x08001f2a   0x0000003a   Code   RO         3607    .text.osRtxMemoryPoolAlloc  RTX_CM3.lib(rtx_mempool.o)
    0x08001f64   0x08001f64   0x0000004a   Code   RO         3609    .text.osRtxMemoryPoolFree  RTX_CM3.lib(rtx_mempool.o)
    0x08001fae   0x08001fae   0x00000038   Code   RO         3605    .text.osRtxMemoryPoolInit  RTX_CM3.lib(rtx_mempool.o)
    0x08001fe6   0x08001fe6   0x000000aa   Code   RO         3556    .text.osRtxMessageQueuePostProcess  RTX_CM3.lib(rtx_msgqueue.o)
    0x08002090   0x08002090   0x00000028   Code   RO         3524    .text.osRtxMessageQueueTimerSetup  RTX_CM3.lib(rtx_msgqueue.o)
    0x080020b8   0x080020b8   0x00000048   Code   RO         3488    .text.osRtxMutexOwnerRelease  RTX_CM3.lib(rtx_mutex.o)
    0x08002100   0x08002100   0x00000042   Code   RO         3490    .text.osRtxMutexOwnerRestore  RTX_CM3.lib(rtx_mutex.o)
    0x08002142   0x08002142   0x00000002   PAD
    0x08002144   0x08002144   0x0000008c   Code   RO         3659    .text.osRtxPendSV_Handler  RTX_CM3.lib(rtx_system.o)
    0x080021d0   0x080021d0   0x00000074   Code   RO         3661    .text.osRtxPostProcess  RTX_CM3.lib(rtx_system.o)
    0x08002244   0x08002244   0x00000038   Code   RO         3304    .text.osRtxThreadBlock  RTX_CM3.lib(rtx_thread.o)
    0x0800227c   0x0800227c   0x00000080   Code   RO         3312    .text.osRtxThreadDelayInsert  RTX_CM3.lib(rtx_thread.o)
    0x080022fc   0x080022fc   0x00000040   Code   RO         3308    .text.osRtxThreadDelayRemove  RTX_CM3.lib(rtx_thread.o)
    0x0800233c   0x0800233c   0x0000004c   Code   RO         3294    .text.osRtxThreadDelayTick  RTX_CM3.lib(rtx_thread.o)
    0x08002388   0x08002388   0x00000024   Code   RO         3396    .text.osRtxThreadDestroy  RTX_CM3.lib(rtx_thread.o)
    0x080023ac   0x080023ac   0x00000054   Code   RO         3302    .text.osRtxThreadDispatch  RTX_CM3.lib(rtx_thread.o)
    0x08002400   0x08002400   0x00000058   Code   RO         3388    .text.osRtxThreadFree  RTX_CM3.lib(rtx_thread.o)
    0x08002458   0x08002458   0x0000001e   Code   RO         3394    .text.osRtxThreadJoinWakeup  RTX_CM3.lib(rtx_thread.o)
    0x08002476   0x08002476   0x00000012   Code   RO         3286    .text.osRtxThreadListGet  RTX_CM3.lib(rtx_thread.o)
    0x08002488   0x08002488   0x0000002c   Code   RO         3284    .text.osRtxThreadListPut  RTX_CM3.lib(rtx_thread.o)
    0x080024b4   0x080024b4   0x00000014   Code   RO         3290    .text.osRtxThreadListRemove  RTX_CM3.lib(rtx_thread.o)
    0x080024c8   0x080024c8   0x0000000c   Code   RO         3296    .text.osRtxThreadListRoot  RTX_CM3.lib(rtx_thread.o)
    0x080024d4   0x080024d4   0x00000026   Code   RO         3288    .text.osRtxThreadListSort  RTX_CM3.lib(rtx_thread.o)
    0x080024fa   0x080024fa   0x00000028   Code   RO         3362    .text.osRtxThreadPostProcess  RTX_CM3.lib(rtx_thread.o)
    0x08002522   0x08002522   0x00000002   PAD
    0x08002524   0x08002524   0x00000014   Code   RO         3292    .text.osRtxThreadReadyPut  RTX_CM3.lib(rtx_thread.o)
    0x08002538   0x08002538   0x00000006   Code   RO         3298    .text.osRtxThreadRegPtr  RTX_CM3.lib(rtx_thread.o)
    0x0800253e   0x0800253e   0x00000002   PAD
    0x08002540   0x08002540   0x0000003c   Code   RO         3314    .text.osRtxThreadStartup  RTX_CM3.lib(rtx_thread.o)
    0x0800257c   0x0800257c   0x00000010   Code   RO         3300    .text.osRtxThreadSwitch  RTX_CM3.lib(rtx_thread.o)
    0x0800258c   0x0800258c   0x0000003c   Code   RO         3310    .text.osRtxThreadWaitEnter  RTX_CM3.lib(rtx_thread.o)
    0x080025c8   0x080025c8   0x00000022   Code   RO         3306    .text.osRtxThreadWaitExit  RTX_CM3.lib(rtx_thread.o)
    0x080025ea   0x080025ea   0x00000002   PAD
    0x080025ec   0x080025ec   0x00000078   Code   RO         3657    .text.osRtxTick_Handler  RTX_CM3.lib(rtx_system.o)
    0x08002664   0x08002664   0x00000020   Code   RO         3446    .text.osRtxTimerSetup  RTX_CM3.lib(rtx_timer.o)
    0x08002684   0x08002684   0x00000020   Code   RO         3450    .text.osRtxTimerThread  RTX_CM3.lib(rtx_timer.o)
    0x080026a4   0x080026a4   0x00000070   Code   RO         3448    .text.osRtxTimerTick  RTX_CM3.lib(rtx_timer.o)
    0x08002714   0x08002714   0x0000000c   Code   RO         3346    .text.osThreadExit  RTX_CM3.lib(rtx_thread.o)
    0x08002720   0x08002720   0x00000058   Code   RO         3354    .text.osThreadFlagsSet  RTX_CM3.lib(rtx_thread.o)
    0x08002778   0x08002778   0x00000024   Code   RO         3360    .text.osThreadFlagsWait  RTX_CM3.lib(rtx_thread.o)
    0x0800279c   0x0800279c   0x00000028   Code   RO         3322    .text.osThreadGetId  RTX_CM3.lib(rtx_thread.o)
    0x080027c4   0x080027c4   0x00000024   Code   RO         3318    .text.osThreadNew   RTX_CM3.lib(rtx_thread.o)
    0x080027e8   0x080027e8   0x00000024   Code   RO         3336    .text.osThreadYield  RTX_CM3.lib(rtx_thread.o)
    0x0800280c   0x0800280c   0x00000024   Code   RO         3452    .text.osTimerNew    RTX_CM3.lib(rtx_timer.o)
    0x08002830   0x08002830   0x00000024   Code   RO         3456    .text.osTimerStart  RTX_CM3.lib(rtx_timer.o)
    0x08002854   0x08002854   0x00000024   Code   RO         3458    .text.osTimerStop   RTX_CM3.lib(rtx_timer.o)
    0x08002878   0x08002878   0x00000016   Code   RO         3434    .text.svcRtxDelay   RTX_CM3.lib(rtx_delay.o)
    0x0800288e   0x0800288e   0x00000002   PAD
    0x08002890   0x08002890   0x0000000c   Code   RO         3224    .text.svcRtxKernelGetState  RTX_CM3.lib(rtx_kernel.o)
    0x0800289c   0x0800289c   0x0000000c   Code   RO         3240    .text.svcRtxKernelGetTickCount  RTX_CM3.lib(rtx_kernel.o)
    0x080028a8   0x080028a8   0x00000100   Code   RO         3254    .text.svcRtxKernelInitialize  RTX_CM3.lib(rtx_kernel.o)
    0x080029a8   0x080029a8   0x00000088   Code   RO         3256    .text.svcRtxKernelStart  RTX_CM3.lib(rtx_kernel.o)
    0x08002a30   0x08002a30   0x000000d8   Code   RO         3568    .text.svcRtxMessageQueueGet  RTX_CM3.lib(rtx_msgqueue.o)
    0x08002b08   0x08002b08   0x00000010   Code   RO         3546    .text.svcRtxMessageQueueGetCount  RTX_CM3.lib(rtx_msgqueue.o)
    0x08002b18   0x08002b18   0x00000118   Code   RO         3526    .text.svcRtxMessageQueueNew  RTX_CM3.lib(rtx_msgqueue.o)
    0x08002c30   0x08002c30   0x000000b4   Code   RO         3564    .text.svcRtxMessageQueuePut  RTX_CM3.lib(rtx_msgqueue.o)
    0x08002ce4   0x08002ce4   0x00000090   Code   RO         3508    .text.svcRtxMutexAcquire  RTX_CM3.lib(rtx_mutex.o)
    0x08002d74   0x08002d74   0x000000b0   Code   RO         3514    .text.svcRtxMutexDelete  RTX_CM3.lib(rtx_mutex.o)
    0x08002e24   0x08002e24   0x00000068   Code   RO         3504    .text.svcRtxMutexNew  RTX_CM3.lib(rtx_mutex.o)
    0x08002e8c   0x08002e8c   0x000000b4   Code   RO         3510    .text.svcRtxMutexRelease  RTX_CM3.lib(rtx_mutex.o)
    0x08002f40   0x08002f40   0x0000004c   Code   RO         3392    .text.svcRtxThreadExit  RTX_CM3.lib(rtx_thread.o)
    0x08002f8c   0x08002f8c   0x00000066   Code   RO         3404    .text.svcRtxThreadFlagsSet  RTX_CM3.lib(rtx_thread.o)
    0x08002ff2   0x08002ff2   0x00000002   PAD
    0x08002ff4   0x08002ff4   0x0000004c   Code   RO         3410    .text.svcRtxThreadFlagsWait  RTX_CM3.lib(rtx_thread.o)
    0x08003040   0x08003040   0x0000000c   Code   RO         3324    .text.svcRtxThreadGetId  RTX_CM3.lib(rtx_thread.o)
    0x0800304c   0x0800304c   0x000001ec   Code   RO         3316    .text.svcRtxThreadNew  RTX_CM3.lib(rtx_thread.o)
    0x08003238   0x08003238   0x00000038   Code   RO         3378    .text.svcRtxThreadYield  RTX_CM3.lib(rtx_thread.o)
    0x08003270   0x08003270   0x00000078   Code   RO         3466    .text.svcRtxTimerNew  RTX_CM3.lib(rtx_timer.o)
    0x080032e8   0x080032e8   0x00000048   Code   RO         3470    .text.svcRtxTimerStart  RTX_CM3.lib(rtx_timer.o)
    0x08003330   0x08003330   0x00000028   Code   RO         3474    .text.svcRtxTimerStop  RTX_CM3.lib(rtx_timer.o)
    0x08003358   0x08003358   0x0000003e   Code   RO         3827    CL$$btod_d2e        c_w.l(btod.o)
    0x08003396   0x08003396   0x00000046   Code   RO         3829    CL$$btod_d2e_denorm_low  c_w.l(btod.o)
    0x080033dc   0x080033dc   0x00000060   Code   RO         3828    CL$$btod_d2e_norm_op1  c_w.l(btod.o)
    0x0800343c   0x0800343c   0x00000338   Code   RO         3837    CL$$btod_div_common  c_w.l(btod.o)
    0x08003774   0x08003774   0x000000dc   Code   RO         3834    CL$$btod_e2e        c_w.l(btod.o)
    0x08003850   0x08003850   0x0000002a   Code   RO         3831    CL$$btod_ediv       c_w.l(btod.o)
    0x0800387a   0x0800387a   0x0000002a   Code   RO         3830    CL$$btod_emul       c_w.l(btod.o)
    0x080038a4   0x080038a4   0x00000244   Code   RO         3836    CL$$btod_mult_common  c_w.l(btod.o)
    0x08003ae8   0x08003ae8   0x00000004   Code   RO          178    i.BusFault_Handler  stm32f4xx_it.o
    0x08003aec   0x08003aec   0x00000098   Code   RO          357    i.Callback_TimerServo  thtermostato.o
    0x08003b84   0x08003b84   0x00000068   Code   RO          235    i.Config_Communication  temp_hum.o
    0x08003bec   0x08003bec   0x00000034   Code   RO         1156    i.DMA_CalcBaseAndBitshift  stm32f4xx_hal_dma.o
    0x08003c20   0x08003c20   0x000000aa   Code   RO         1157    i.DMA_CheckFifoParam  stm32f4xx_hal_dma.o
    0x08003cca   0x08003cca   0x0000002c   Code   RO         1158    i.DMA_SetConfig     stm32f4xx_hal_dma.o
    0x08003cf6   0x08003cf6   0x00000002   Code   RO          179    i.DebugMon_Handler  stm32f4xx_it.o
    0x08003cf8   0x08003cf8   0x000001d8   Code   RO          562    i.Enable_GPIO_Clock  i2c_stm32f4xx.o
    0x08003ed0   0x08003ed0   0x00000004   Code   RO            4    i.Error_Handler     main.o
    0x08003ed4   0x08003ed4   0x000000aa   Code   RO         1159    i.HAL_DMA_Abort     stm32f4xx_hal_dma.o
    0x08003f7e   0x08003f7e   0x00000002   PAD
    0x08003f80   0x08003f80   0x000000ec   Code   RO         1165    i.HAL_DMA_Init      stm32f4xx_hal_dma.o
    0x0800406c   0x0800406c   0x00000092   Code   RO         1169    i.HAL_DMA_Start_IT  stm32f4xx_hal_dma.o
    0x080040fe   0x080040fe   0x00000002   PAD
    0x08004100   0x08004100   0x00000028   Code   RO          825    i.HAL_Delay         stm32f4xx_hal.o
    0x08004128   0x08004128   0x00000180   Code   RO         1303    i.HAL_GPIO_DeInit   stm32f4xx_hal_gpio.o
    0x080042a8   0x080042a8   0x0000021c   Code   RO         1306    i.HAL_GPIO_Init     stm32f4xx_hal_gpio.o
    0x080044c4   0x080044c4   0x00000010   Code   RO         1308    i.HAL_GPIO_ReadPin  stm32f4xx_hal_gpio.o
    0x080044d4   0x080044d4   0x0000000c   Code   RO         1310    i.HAL_GPIO_WritePin  stm32f4xx_hal_gpio.o
    0x080044e0   0x080044e0   0x0000000c   Code   RO          832    i.HAL_GetREVID      stm32f4xx_hal.o
    0x080044ec   0x080044ec   0x0000004c   Code   RO            5    i.HAL_GetTick       main.o
    0x08004538   0x08004538   0x00000030   Code   RO          840    i.HAL_Init          stm32f4xx_hal.o
    0x08004568   0x08004568   0x00000006   Code   RO            6    i.HAL_InitTick      main.o
    0x0800456e   0x0800456e   0x00000002   Code   RO          843    i.HAL_MspInit       stm32f4xx_hal.o
    0x08004570   0x08004570   0x00000024   Code   RO         1019    i.HAL_NVIC_ClearPendingIRQ  stm32f4xx_hal_cortex.o
    0x08004594   0x08004594   0x0000002c   Code   RO         1020    i.HAL_NVIC_DisableIRQ  stm32f4xx_hal_cortex.o
    0x080045c0   0x080045c0   0x00000028   Code   RO         1021    i.HAL_NVIC_EnableIRQ  stm32f4xx_hal_cortex.o
    0x080045e8   0x080045e8   0x00000028   Code   RO         1028    i.HAL_NVIC_SetPriorityGrouping  stm32f4xx_hal_cortex.o
    0x08004610   0x08004610   0x00000184   Code   RO         2064    i.HAL_RCC_ClockConfig  stm32f4xx_hal_rcc.o
    0x08004794   0x08004794   0x0000000c   Code   RO         2069    i.HAL_RCC_GetHCLKFreq  stm32f4xx_hal_rcc.o
    0x080047a0   0x080047a0   0x00000020   Code   RO         2071    i.HAL_RCC_GetPCLK1Freq  stm32f4xx_hal_rcc.o
    0x080047c0   0x080047c0   0x000000b0   Code   RO         2073    i.HAL_RCC_GetSysClockFreq  stm32f4xx_hal_rcc.o
    0x08004870   0x08004870   0x00000488   Code   RO         2076    i.HAL_RCC_OscConfig  stm32f4xx_hal_rcc.o
    0x08004cf8   0x08004cf8   0x00000108   Code   RO         2300    i.HAL_TIM_PWM_ConfigChannel  stm32f4xx_hal_tim.o
    0x08004e00   0x08004e00   0x00000046   Code   RO         2301    i.HAL_TIM_PWM_DeInit  stm32f4xx_hal_tim.o
    0x08004e46   0x08004e46   0x00000034   Code   RO         2303    i.HAL_TIM_PWM_Init  stm32f4xx_hal_tim.o
    0x08004e7a   0x08004e7a   0x00000002   Code   RO         2304    i.HAL_TIM_PWM_MspDeInit  stm32f4xx_hal_tim.o
    0x08004e7c   0x08004e7c   0x00000002   Code   RO         2305    i.HAL_TIM_PWM_MspInit  stm32f4xx_hal_tim.o
    0x08004e7e   0x08004e7e   0x00000002   PAD
    0x08004e80   0x08004e80   0x00000058   Code   RO         2308    i.HAL_TIM_PWM_Start  stm32f4xx_hal_tim.o
    0x08004ed8   0x08004ed8   0x00000088   Code   RO         2311    i.HAL_TIM_PWM_Stop  stm32f4xx_hal_tim.o
    0x08004f60   0x08004f60   0x00000004   Code   RO          180    i.HardFault_Handler  stm32f4xx_it.o
    0x08004f64   0x08004f64   0x00000018   Code   RO          563    i.I2C1_Control      i2c_stm32f4xx.o
    0x08004f7c   0x08004f7c   0x00000010   Code   RO          564    i.I2C1_ER_IRQHandler  i2c_stm32f4xx.o
    0x08004f8c   0x08004f8c   0x00000010   Code   RO          565    i.I2C1_EV_IRQHandler  i2c_stm32f4xx.o
    0x08004f9c   0x08004f9c   0x00000010   Code   RO          566    i.I2C1_GetDataCount  i2c_stm32f4xx.o
    0x08004fac   0x08004fac   0x00000010   Code   RO          567    i.I2C1_GetStatus    i2c_stm32f4xx.o
    0x08004fbc   0x08004fbc   0x00000014   Code   RO          568    i.I2C1_Initialize   i2c_stm32f4xx.o
    0x08004fd0   0x08004fd0   0x00000020   Code   RO          569    i.I2C1_MasterReceive  i2c_stm32f4xx.o
    0x08004ff0   0x08004ff0   0x00000020   Code   RO          570    i.I2C1_MasterTransmit  i2c_stm32f4xx.o
    0x08005010   0x08005010   0x00000014   Code   RO          571    i.I2C1_PowerControl  i2c_stm32f4xx.o
    0x08005024   0x08005024   0x00000018   Code   RO          572    i.I2C1_SlaveReceive  i2c_stm32f4xx.o
    0x0800503c   0x0800503c   0x00000018   Code   RO          573    i.I2C1_SlaveTransmit  i2c_stm32f4xx.o
    0x08005054   0x08005054   0x00000010   Code   RO          574    i.I2C1_Uninitialize  i2c_stm32f4xx.o
    0x08005064   0x08005064   0x0000000c   Code   RO          575    i.I2CX_GetCapabilities  i2c_stm32f4xx.o
    0x08005070   0x08005070   0x00000010   Code   RO          576    i.I2CX_GetVersion   i2c_stm32f4xx.o
    0x08005080   0x08005080   0x0000034c   Code   RO          577    i.I2C_Control       i2c_stm32f4xx.o
    0x080053cc   0x080053cc   0x00000206   Code   RO          578    i.I2C_ER_IRQHandler  i2c_stm32f4xx.o
    0x080055d2   0x080055d2   0x000006bc   Code   RO          579    i.I2C_EV_IRQHandler  i2c_stm32f4xx.o
    0x08005c8e   0x08005c8e   0x00000034   Code   RO          580    i.I2C_GetDataCount  i2c_stm32f4xx.o
    0x08005cc2   0x08005cc2   0x00000008   Code   RO          581    i.I2C_GetStatus     i2c_stm32f4xx.o
    0x08005cca   0x08005cca   0x00000002   PAD
    0x08005ccc   0x08005ccc   0x000001c0   Code   RO          582    i.I2C_Initialize    i2c_stm32f4xx.o
    0x08005e8c   0x08005e8c   0x00000144   Code   RO          583    i.I2C_MasterReceive  i2c_stm32f4xx.o
    0x08005fd0   0x08005fd0   0x0000012a   Code   RO          584    i.I2C_MasterTransmit  i2c_stm32f4xx.o
    0x080060fa   0x080060fa   0x00000002   PAD
    0x080060fc   0x080060fc   0x00000298   Code   RO          585    i.I2C_PowerControl  i2c_stm32f4xx.o
    0x08006394   0x08006394   0x00000040   Code   RO          236    i.I2C_SignalEvent_TEMP_HUM  temp_hum.o
    0x080063d4   0x080063d4   0x00000088   Code   RO          586    i.I2C_SlaveReceive  i2c_stm32f4xx.o
    0x0800645c   0x0800645c   0x00000088   Code   RO          587    i.I2C_SlaveTransmit  i2c_stm32f4xx.o
    0x080064e4   0x080064e4   0x00000034   Code   RO          588    i.I2C_Uninitialize  i2c_stm32f4xx.o
    0x08006518   0x08006518   0x00000030   Code   RO          734    i.ITM_SendChar      retarget_io.o
    0x08006548   0x08006548   0x00000028   Code   RO          237    i.Init_MsgTemp_Hum  temp_hum.o
    0x08006570   0x08006570   0x0000005c   Code   RO          238    i.Init_ThTemp_Hum   temp_hum.o
    0x080065cc   0x080065cc   0x0000002c   Code   RO          358    i.Init_ThThermostato  thtermostato.o
    0x080065f8   0x080065f8   0x00000028   Code   RO          322    i.Init_Thread       testtemphum.o
    0x08006620   0x08006620   0x00000028   Code   RO          359    i.Init_Ventilador_MsgTemp_Hum  thtermostato.o
    0x08006648   0x08006648   0x0000005c   Code   RO          360    i.Init_servo_Timer_periodic  thtermostato.o
    0x080066a4   0x080066a4   0x00000040   Code   RO          239    i.Init_timer_TempHum  temp_hum.o
    0x080066e4   0x080066e4   0x00000004   Code   RO          181    i.MemManage_Handler  stm32f4xx_it.o
    0x080066e8   0x080066e8   0x00000002   Code   RO          182    i.NMI_Handler       stm32f4xx_it.o
    0x080066ea   0x080066ea   0x00000002   PAD
    0x080066ec   0x080066ec   0x000000a0   Code   RO          240    i.ReadSensorData    temp_hum.o
    0x0800678c   0x0800678c   0x00000010   Code   RO          241    i.Set_PeriodicAdq_Mode  temp_hum.o
    0x0800679c   0x0800679c   0x00000010   Code   RO          242    i.Set_SingleShot_Mode  temp_hum.o
    0x080067ac   0x080067ac   0x000000c0   Code   RO            7    i.SystemClock_Config  main.o
    0x0800686c   0x0800686c   0x000000c0   Code   RO         3177    i.SystemCoreClockUpdate  system_stm32f4xx.o
    0x0800692c   0x0800692c   0x00000002   Code   RO         3178    i.SystemInit        system_stm32f4xx.o
    0x0800692e   0x0800692e   0x00000002   PAD
    0x08006930   0x08006930   0x000000d8   Code   RO         2321    i.TIM_Base_SetConfig  stm32f4xx_hal_tim.o
    0x08006a08   0x08006a08   0x00000022   Code   RO         2322    i.TIM_CCxChannelCmd  stm32f4xx_hal_tim.o
    0x08006a2a   0x08006a2a   0x00000002   PAD
    0x08006a2c   0x08006a2c   0x00000070   Code   RO         2334    i.TIM_OC1_SetConfig  stm32f4xx_hal_tim.o
    0x08006a9c   0x08006a9c   0x0000007c   Code   RO         2335    i.TIM_OC2_SetConfig  stm32f4xx_hal_tim.o
    0x08006b18   0x08006b18   0x00000078   Code   RO         2336    i.TIM_OC3_SetConfig  stm32f4xx_hal_tim.o
    0x08006b90   0x08006b90   0x00000054   Code   RO         2337    i.TIM_OC4_SetConfig  stm32f4xx_hal_tim.o
    0x08006be4   0x08006be4   0x00000054   Code   RO          243    i.ThTemp_Hum        temp_hum.o
    0x08006c38   0x08006c38   0x00000068   Code   RO          361    i.ThTermostato      thtermostato.o
    0x08006ca0   0x08006ca0   0x00000060   Code   RO          323    i.Thread            testtemphum.o
    0x08006d00   0x08006d00   0x00000014   Code   RO          244    i.Timer_TempHum_Callback  temp_hum.o
    0x08006d14   0x08006d14   0x00000004   Code   RO          183    i.UsageFault_Handler  stm32f4xx_it.o
    0x08006d18   0x08006d18   0x00000028   Code   RO         3868    i.__ARM_fpclassify  m_ws.l(fpclassify.o)
    0x08006d40   0x08006d40   0x00000058   Code   RO          443    i.__user_perthread_libspace  rtx_lib.o
    0x08006d98   0x08006d98   0x0000000e   Code   RO         3717    i._is_digit         c_w.l(__printf_wp.o)
    0x08006da6   0x08006da6   0x00000016   Code   RO          444    i._mutex_acquire    rtx_lib.o
    0x08006dbc   0x08006dbc   0x0000000c   Code   RO          445    i._mutex_free       rtx_lib.o
    0x08006dc8   0x08006dc8   0x00000022   Code   RO          446    i._mutex_initialize  rtx_lib.o
    0x08006dea   0x08006dea   0x00000012   Code   RO          447    i._mutex_release    rtx_lib.o
    0x08006dfc   0x08006dfc   0x00000008   Code   RO          448    i._platform_post_stackheap_init  rtx_lib.o
    0x08006e04   0x08006e04   0x00000026   Code   RO          735    i._sys_close        retarget_io.o
    0x08006e2a   0x08006e2a   0x00000024   Code   RO          736    i._sys_flen         retarget_io.o
    0x08006e4e   0x08006e4e   0x00000024   Code   RO          737    i._sys_istty        retarget_io.o
    0x08006e72   0x08006e72   0x00000002   PAD
    0x08006e74   0x08006e74   0x00000068   Code   RO          738    i._sys_open         retarget_io.o
    0x08006edc   0x08006edc   0x0000002c   Code   RO          740    i._sys_seek         retarget_io.o
    0x08006f08   0x08006f08   0x00000046   Code   RO          741    i._sys_write        retarget_io.o
    0x08006f4e   0x08006f4e   0x00000002   PAD
    0x08006f50   0x08006f50   0x0000001c   Code   RO          362    i.apagar_ventilador  thtermostato.o
    0x08006f6c   0x08006f6c   0x0000001c   Code   RO          363    i.encender_ventilador  thtermostato.o
    0x08006f88   0x08006f88   0x0000001a   Code   RO         3852    i.fputc             c_w.l(fputc.o)
    0x08006fa2   0x08006fa2   0x00000002   PAD
    0x08006fa4   0x08006fa4   0x0000006c   Code   RO          364    i.init_servo        thtermostato.o
    0x08007010   0x08007010   0x00000054   Code   RO          365    i.init_ventilador   thtermostato.o
    0x08007064   0x08007064   0x00000024   Code   RO            8    i.main              main.o
    0x08007088   0x08007088   0x0000001c   Code   RO          366    i.move_servo        thtermostato.o
    0x080070a4   0x080070a4   0x00000020   Code   RO          528    i.osRtxErrorNotify  rtx_config.o
    0x080070c4   0x080070c4   0x00000004   Code   RO          529    i.osRtxIdleThread   rtx_config.o
    0x080070c8   0x080070c8   0x00000020   Code   RO          449    i.os_kernel_is_active  rtx_lib.o
    0x080070e8   0x080070e8   0x0000000c   Code   RO          742    i.stdout_putchar    retarget_io.o
    0x080070f4   0x080070f4   0x00000028   Code   RO          367    i.stop_servo        thtermostato.o
    0x0800711c   0x0800711c   0x0000002c   Code   RO         3864    locale$$code        c_w.l(lc_numeric_c.o)
    0x08007148   0x08007148   0x0000000c   Code   RO         3785    x$fpl$dretinf       fz_ws.l(dretinf.o)
    0x08007154   0x08007154   0x00000056   Code   RO         3741    x$fpl$f2d           fz_ws.l(f2d.o)
    0x080071aa   0x080071aa   0x00000002   PAD
    0x080071ac   0x080071ac   0x000000c4   Code   RO         3743    x$fpl$fadd          fz_ws.l(faddsub_clz.o)
    0x08007270   0x08007270   0x00000018   Code   RO         3787    x$fpl$fcmpinf       fz_ws.l(fcmpi.o)
    0x08007288   0x08007288   0x00000184   Code   RO         3750    x$fpl$fdiv          fz_ws.l(fdiv.o)
    0x0800740c   0x0800740c   0x00000026   Code   RO         3753    x$fpl$ffltu         fz_ws.l(fflt_clz.o)
    0x08007432   0x08007432   0x00000002   PAD
    0x08007434   0x08007434   0x00000068   Code   RO         3759    x$fpl$fleqf         fz_ws.l(fleqf.o)
    0x0800749c   0x0800749c   0x00000102   Code   RO         3761    x$fpl$fmul          fz_ws.l(fmul.o)
    0x0800759e   0x0800759e   0x0000008c   Code   RO         3789    x$fpl$fnaninf       fz_ws.l(fnaninf.o)
    0x0800762a   0x0800762a   0x0000000a   Code   RO         3791    x$fpl$fretinf       fz_ws.l(fretinf.o)
    0x08007634   0x08007634   0x00000062   Code   RO         3763    x$fpl$frleqf        fz_ws.l(frleqf.o)
    0x08007696   0x08007696   0x00000002   PAD
    0x08007698   0x08007698   0x000000ea   Code   RO         3745    x$fpl$fsub          fz_ws.l(faddsub_clz.o)
    0x08007782   0x08007782   0x00000004   Code   RO         3765    x$fpl$printf1       fz_ws.l(printf1.o)
    0x08007786   0x08007786   0x00000000   Code   RO         3793    x$fpl$usenofp       fz_ws.l(usenofp.o)
    0x08007786   0x08007786   0x00000002   PAD
    0x08007788   0x08007788   0x00000068   Data   RO          457    .constdata          rtx_lib.o
    0x080077f0   0x080077f0   0x00000068   Data   RO          590    .constdata          i2c_stm32f4xx.o
    0x08007858   0x08007858   0x00000017   Data   RO          743    .constdata          retarget_io.o
    0x0800786f   0x0800786f   0x00000008   Data   RO         1171    .constdata          stm32f4xx_hal_dma.o
    0x08007877   0x08007877   0x00000018   Data   RO         3179    .constdata          system_stm32f4xx.o
    0x0800788f   0x0800788f   0x00000001   PAD
    0x08007890   0x08007890   0x00000094   Data   RO         3825    .constdata          c_w.l(bigflt0.o)
    0x08007924   0x08007924   0x00000043   Data   RO          324    .conststring        testtemphum.o
    0x08007967   0x08007967   0x00000001   PAD
    0x08007968   0x08007968   0x000000a8   Data   RO          459    .rodata             rtx_lib.o
    0x08007a10   0x08007a10   0x00000001   Data   RO         3584    .rodata             RTX_CM3.lib(irq_armv7m.o)
    0x08007a11   0x08007a11   0x00000003   PAD
    0x08007a14   0x08007a14   0x0000000b   Data   RO         3274    .rodata.str1.4      RTX_CM3.lib(rtx_kernel.o)
    0x08007a1f   0x08007a1f   0x00000001   PAD
    0x08007a20   0x08007a20   0x00000020   Data   RO         4167    Region$$Table       anon$$obj.o
    0x08007a40   0x08007a40   0x0000001c   Data   RO         3863    locale$$data        c_w.l(lc_numeric_c.o)


    Execution Region RW_IRAM1 (Exec base: 0x20000000, Load base: 0x08007a5c, Size: 0x00009070, Max: 0x00030000, ABSOLUTE, COMPRESSED[0x0000012c])

    Exec Addr    Load Addr    Size         Type   Attr      Idx    E Section Name        Object

    0x20000000   COMPRESSED   0x00008040   Data   RW          450    .bss.os             rtx_lib.o
    0x20008040   COMPRESSED   0x000001f0   Data   RW          451    .bss.os.libspace    rtx_lib.o
    0x20008230   COMPRESSED   0x00000034   Data   RW          452    .bss.os.msgqueue.cb  rtx_lib.o
    0x20008264   COMPRESSED   0x00000050   Data   RW          453    .bss.os.msgqueue.mem  rtx_lib.o
    0x200082b4   COMPRESSED   0x00000088   Data   RW          454    .bss.os.thread.cb   rtx_lib.o
    0x2000833c   COMPRESSED   0x00000004   PAD
    0x20008340   COMPRESSED   0x00000200   Data   RW          455    .bss.os.thread.idle.stack  rtx_lib.o
    0x20008540   COMPRESSED   0x00000200   Data   RW          456    .bss.os.thread.timer.stack  rtx_lib.o
    0x20008740   COMPRESSED   0x00000004   Data   RW            9    .data               main.o
    0x20008744   COMPRESSED   0x0000002c   Data   RW          245    .data               temp_hum.o
    0x20008770   COMPRESSED   0x0000000c   Data   RW          325    .data               testtemphum.o
    0x2000877c   COMPRESSED   0x0000001d   Data   RW          369    .data               thtermostato.o
    0x20008799   COMPRESSED   0x00000001   Data   RW          458    .data               rtx_lib.o
    0x2000879a   COMPRESSED   0x00000002   PAD
    0x2000879c   COMPRESSED   0x00000009   Data   RW          847    .data               stm32f4xx_hal.o
    0x200087a5   COMPRESSED   0x00000003   PAD
    0x200087a8   COMPRESSED   0x00000004   Data   RW         3180    .data               system_stm32f4xx.o
    0x200087ac   COMPRESSED   0x00000004   Data   RW         3780    .data               c_w.l(stdio_streams.o)
    0x200087b0   COMPRESSED   0x00000004   Data   RW         3781    .data               c_w.l(stdio_streams.o)
    0x200087b4   COMPRESSED   0x00000004   Data   RW         3782    .data               c_w.l(stdio_streams.o)
    0x200087b8   COMPRESSED   0x00000004   Data   RW         3937    .data               c_w.l(streamlock.o)
    0x200087bc   COMPRESSED   0x000000a4   Data   RW         3275    .data.os            RTX_CM3.lib(rtx_kernel.o)
    0x20008860        -       0x00000084   Zero   RW          368    .bss                thtermostato.o
    0x200088e4        -       0x00000028   Zero   RW          589    .bss                i2c_stm32f4xx.o
    0x2000890c        -       0x00000054   Zero   RW         3777    .bss                c_w.l(stdio_streams.o)
    0x20008960        -       0x00000054   Zero   RW         3778    .bss                c_w.l(stdio_streams.o)
    0x200089b4        -       0x00000054   Zero   RW         3779    .bss                c_w.l(stdio_streams.o)
    0x20008a08        -       0x00000060   Zero   RW         3871    .bss                c_w.l(libspace.o)
    0x20008a68        -       0x00000001   Zero   RW         3689    .bss.os             RTX_CM3.lib(os_systick.o)
    0x20008a69   COMPRESSED   0x00000007   PAD
    0x20008a70        -       0x00000200   Zero   RW         3168    HEAP                startup_stm32f429xx.o
    0x20008c70        -       0x00000400   Zero   RW         3167    STACK               startup_stm32f429xx.o


==============================================================================

Image component sizes


      Code (inc. data)   RO Data    RW Data    ZI Data      Debug   Object Name

      5960        174        104          0         40      26988   i2c_stm32f4xx.o
       314         22          0          4          0     747644   main.o
       388         30         23          0          0       6742   retarget_io.o
        36          6          0          0          0       1029   rtx_config.o
       214         12        272      34621          0      13338   rtx_lib.o
        64         26        428          0       1536        852   startup_stm32f429xx.o
       102         12          0          9          0       9215   stm32f4xx_hal.o
       160         20          0          0          0      33268   stm32f4xx_hal_cortex.o
       818         10          8          0          0       5566   stm32f4xx_hal_dma.o
       952        102          0          0          0       4153   stm32f4xx_hal_gpio.o
      1768         74          0          0          0       5317   stm32f4xx_hal_rcc.o
      1304        100          0          0          0      10186   stm32f4xx_hal_tim.o
        20          0          0          0          0       2573   stm32f4xx_it.o
       194         22         24          4          0       2023   system_stm32f4xx.o
       660        182          0         44          0       9614   temp_hum.o
       136         24         67         12          0       1270   testtemphum.o
       748        166          0         29        132       6593   thtermostato.o

    ----------------------------------------------------------------------
     13858        982        960      34732       1708     886371   Object Totals
         0          0         32          0          0          0   (incl. Generated)
        20          0          2          9          0          0   (incl. Padding)

    ----------------------------------------------------------------------

      Code (inc. data)   RO Data    RW Data    ZI Data      Debug   Library Member Name

       148          8          1          0          0        591   irq_armv7m.o
       126         32          0          0          1       3197   os_systick.o
        58          4          0          0          0       2791   rtx_delay.o
       608         60         11        164          0      16501   rtx_kernel.o
       228          0          0          0          0       2537   rtx_memory.o
       188          0          0          0          0      16008   rtx_mempool.o
      1418         40          0          0          0      18657   rtx_msgqueue.o
       886         32          0          0          0       9962   rtx_mutex.o
       376         26          0          0          0       5296   rtx_system.o
      2098        116          0          0          0      31735   rtx_thread.o
       628         40          0          0          0      10397   rtx_timer.o
        90          0          0          0          0          0   __dczerorl2.o
         8          0          0          0          0         68   __main.o
       284          0          0          0          0        156   __printf_wp.o
         0          0          0          0          0          0   __rtentry.o
        20          0          0          0          0          0   __rtentry2.o
         6          0          0          0          0          0   __rtentry4.o
        52          8          0          0          0          0   __scatter.o
        28          0          0          0          0          0   __scatter_zi.o
        48          6          0          0          0         96   _printf_char_common.o
        64          6          0          0          0         84   _printf_char_file_locked.o
         6          0          0          0          0          0   _printf_f.o
      1054          0          0          0          0        216   _printf_fp_dec.o
       128         16          0          0          0         84   _printf_fp_infnan.o
         0          0          0          0          0          0   _printf_percent.o
         4          0          0          0          0          0   _printf_percent_end.o
       228          4        148          0          0         96   bigflt0.o
      1936        128          0          0          0        672   btod.o
        10          0          0          0          0         68   defsig_exit.o
        50          0          0          0          0         88   defsig_general.o
        80         58          0          0          0         76   defsig_rtmem_inner.o
        14          0          0          0          0         80   defsig_rtmem_outer.o
        52         38          0          0          0         76   defsig_rtred_inner.o
        14          0          0          0          0         80   defsig_rtred_outer.o
        18          0          0          0          0         80   exit.o
        76          0          0          0          0         88   fclose.o
       470          0          0          0          0         88   flsbuf.o
       324          8          0          0          0        152   fopen_locked.o
        26          0          0          0          0         68   fputc.o
       248          6          0          0          0         84   fseek.o
        66          0          0          0          0         76   ftell.o
       158          0          0          0          0        128   h1_alloc_mt.o
        62          0          0          0          0         80   h1_extend_mt.o
        10          0          0          0          0         76   h1_final_mt.o
       118          0          0          0          0        108   h1_free_mt.o
        18          0          0          0          0         84   h1_init_mt.o
         6          0          0          0          0        152   heapauxi.o
         4          0          0          0          0        136   hguard.o
         0          0          0          0          0          0   indicate_semi.o
       138          0          0          0          0        168   init_alloc.o
       456         48          0          0          0        116   initio_locked.o
        44         10         28          0          0         76   lc_numeric_c.o
         2          0          0          0          0          0   libinit.o
        30          0          0          0          0          0   libinit2.o
         2          0          0          0          0          0   libshutdown.o
        10          0          0          0          0          0   libshutdown2.o
         8          4          0          0         96         68   libspace.o
       138          0          0          0          0         80   lludiv10.o
       238          0          0          0          0        100   lludivv7m.o
         0          0          0          0          0          0   maybetermalloc2.o
        24          4          0          0          0         84   noretval__2printf.o
         4          0          0          0          0         68   rt_errno_addr_twolibspace.o
        10          0          0          0          0         76   rt_heap_descriptor_twolibspace.o
        10          0          0          0          0         76   rt_locale_twolibspace.o
        68          0          0          0          0         68   rt_memclr.o
        78          0          0          0          0         80   rt_memclr_w.o
       138          0          0          0          0         68   rt_memcpy_v6.o
       100          0          0          0          0         80   rt_memcpy_w.o
         2          0          0          0          0          0   rtexit.o
        10          0          0          0          0          0   rtexit2.o
       104          0          0          0          0         88   setvbuf_locked.o
       240          6          0          0          0        156   stdio.o
         0          0          0         12        252          0   stdio_streams.o
       128          0          0          0          0         68   strcmpv7m.o
         0          0          0          4          0          0   streamlock.o
        12          4          0          0          0         68   sys_exit.o
        74          0          0          0          0         80   sys_stackheap_outer.o
        14          0          0          0          0         76   sys_wrch.o
        16          0          0          0          0         80   term_alloc.o
         2          0          0          0          0         68   use_no_semi.o
        12          0          0          0          0         68   dretinf.o
        86          4          0          0          0         84   f2d.o
       430          8          0          0          0        168   faddsub_clz.o
        24          0          0          0          0         68   fcmpi.o
       388         76          0          0          0         96   fdiv.o
        38          0          0          0          0         68   fflt_clz.o
       104          4          0          0          0         84   fleqf.o
       258          4          0          0          0         84   fmul.o
       140          4          0          0          0         84   fnaninf.o
        10          0          0          0          0         68   fretinf.o
        98          0          0          0          0         68   frleqf.o
         4          0          0          0          0         68   printf1.o
         0          0          0          0          0          0   usenofp.o
        40          0          0          0          0         68   fpclassify.o

    ----------------------------------------------------------------------
     16314        812        192        180        356     123980   Library Totals
        40          0          4          0          7          0   (incl. Padding)

    ----------------------------------------------------------------------

      Code (inc. data)   RO Data    RW Data    ZI Data      Debug   Library Name

      6762        358         12        164          1     117672   RTX_CM3.lib
      7880        354        176         16        348       5232   c_w.l
      1592        100          0          0          0       1008   fz_ws.l
        40          0          0          0          0         68   m_ws.l

    ----------------------------------------------------------------------
     16314        812        192        180        356     123980   Library Totals

    ----------------------------------------------------------------------

==============================================================================


      Code (inc. data)   RO Data    RW Data    ZI Data      Debug   

     30172       1794       1152      34912       2064    1000791   Grand Totals
     30172       1794       1152        300       2064    1000791   ELF Image Totals (compressed)
     30172       1794       1152        300          0          0   ROM Totals

==============================================================================

    Total RO  Size (Code + RO Data)                31324 (  30.59kB)
    Total RW  Size (RW Data + ZI Data)             36976 (  36.11kB)
    Total ROM Size (Code + RO Data + RW Data)      31624 (  30.88kB)

==============================================================================

