Component: ARM Compiler 5.06 update 7 (build 960) Tool: armlink [4d3601]

==============================================================================

Section Cross References

    main.o(.text) refers to rtx_kernel.o(.text) for osKernelGetState
    main.o(.text) refers to lcd.o(.text) for LCD_reset
    main.o(.text) refers to rtc.o(.text) for RTC_Init
    main.o(.text) refers to sntp.o(.text) for Init_ThSNTP
    main.o(.text) refers to rtx_delay.o(.text) for osDelay
    main.o(.text) refers to stm32f4xx_hal_rcc.o(.text) for HAL_RCC_OscConfig
    main.o(.text) refers to stm32f4xx_hal_rcc_ex.o(.text) for HAL_RCCEx_PeriphCLKConfig
    main.o(.text) refers to stm32f4xx_hal.o(.text) for HAL_GetREVID
    main.o(.text) refers to system_stm32f4xx_1.o(.text) for SystemCoreClockUpdate
    main.o(.text) refers to rtx_thread.o(.text) for osThreadNew
    main.o(.text) refers to system_stm32f4xx_1.o(.data) for SystemCoreClock
    main.o(.text) refers to main.o(.data) for .data
    main.o(.text) refers to http_server.o(.constdata) for app_main_attr
    main.o(.text) refers to http_server.o(.text) for app_main
    http_server.o(.text) refers to rtx_thread.o(.text) for osThreadFlagsSet
    http_server.o(.text) refers to net_sys.o(i.netInitialize) for netInitialize
    http_server.o(.text) refers to lcd.o(.text) for LCD_reset
    http_server.o(.text) refers to http_server.o(.data) for .data
    http_server.o(.constdata) refers to http_server.o(.bss) for app_main_stk
    http_server_cgi.o(.text) refers to net_http_server.o(i.netCGI_GetEnvVar) for netCGI_GetEnvVar
    http_server_cgi.o(.text) refers to net_addr.o(i.netIP_aton) for netIP_aton
    http_server_cgi.o(.text) refers to net_sys.o(i.netIF_SetOption) for netIF_SetOption
    http_server_cgi.o(.text) refers to strcmp.o(.text) for strcmp
    http_server_cgi.o(.text) refers to net_sys.o(i.netIF_GetOption) for netIF_GetOption
    http_server_cgi.o(.text) refers to net_addr.o(i.netIP_ntoa) for netIP_ntoa
    http_server_cgi.o(.text) refers to printf8.o(i.__0sprintf$8) for __2sprintf
    http_server_cgi.o(.text) refers to net_tcp.o(i.netTCP_GetState) for netTCP_GetState
    http_server_cgi.o(.text) refers to net_tcp.o(i.netTCP_GetPeer) for netTCP_GetPeer
    http_server_cgi.o(.text) refers to net_tcp.o(i.netTCP_GetTimer) for netTCP_GetTimer
    http_server_cgi.o(.text) refers to net_tcp.o(i.netTCP_GetLocalPort) for netTCP_GetLocalPort
    http_server_cgi.o(.text) refers to http_server_cgi.o(.bss) for .bss
    http_server_cgi.o(.text) refers to http_server_cgi.o(.data) for .data
    http_server_cgi.o(.text) refers to http_server.o(.data) for LEDrun
    http_server_cgi.o(.text) refers to http_server_cgi.o(.conststring) for .conststring
    web.o(.text) refers to web.o(.constdata) for .constdata
    web.o(.constdata) refers to web.o(.constdata) for imageFileData
    lcd.o(.text) refers to stm32f4xx_hal_tim.o(.text) for HAL_TIM_Base_Init
    lcd.o(.text) refers to stm32f4xx_hal_gpio.o(.text) for HAL_GPIO_WritePin
    lcd.o(.text) refers to lcd.o(.bss) for .bss
    lcd.o(.text) refers to lcd.o(.data) for .data
    lcd.o(.text) refers to lcd.o(.constdata) for .constdata
    lcd.o(.data) refers to spi_stm32f4xx.o(.constdata) for Driver_SPI1
    rtc.o(.text) refers to stm32f4xx_hal_pwr.o(.text) for HAL_PWR_EnableBkUpAccess
    rtc.o(.text) refers to stm32f4xx_hal_cortex.o(.text) for HAL_NVIC_EnableIRQ
    rtc.o(.text) refers to stm32f4xx_hal_rtc.o(.text) for HAL_RTC_Init
    rtc.o(.text) refers to printf8.o(i.__0sprintf$8) for __2sprintf
    rtc.o(.text) refers to strlen.o(.text) for strlen
    rtc.o(.text) refers to lcd.o(.text) for LCD_symbolToLocalBuffer_L1
    rtc.o(.text) refers to rtc.o(.bss) for .bss
    rtc.o(.text) refers to rtc.o(.data) for .data
    sntp.o(.text) refers to localtime.o(.text) for localtime
    sntp.o(.text) refers to memcpya.o(.text) for __aeabi_memcpy4
    sntp.o(.text) refers to strftime.o(.text) for strftime
    sntp.o(.text) refers to rtc.o(.text) for Set_RTC_Time
    sntp.o(.text) refers to printf8.o(i.__0printf$8) for __2printf
    sntp.o(.text) refers to net_sntp_client_core.o(i.netSNTPc_GetTime) for netSNTPc_GetTime
    sntp.o(.text) refers to rtx_delay.o(.text) for osDelay
    sntp.o(.text) refers to rtx_thread.o(.text) for osThreadNew
    sntp.o(.text) refers to rtx_timer.o(.text) for osTimerNew
    sntp.o(.text) refers to sntp.o(.data) for .data
    irq_armv7m.o(.text) refers to rtx_system.o(.text) for osRtxPendSV_Handler
    irq_armv7m.o(.text) refers to rtx_kernel.o(.data.os) for osRtxInfo
    irq_armv7m.o(.text) refers to rtx_lib.o(.constdata) for osRtxUserSVC
    rtx_delay.o(.text) refers to rtx_thread.o(.text) for osRtxThreadWaitEnter
    rtx_delay.o(.text) refers to rtx_evr.o(.text) for EvrRtxDelayStarted
    rtx_delay.o(.text) refers to rtx_kernel.o(.data.os) for osRtxInfo
    rtx_evflags.o(.text) refers to rtx_evflags.o(.emb_text) for __asm___13_rtx_evflags_c_e167c757__atomic_set32
[...]
    netCore_Thread                           0x08014e61   Thumb Code    90  net_sys.o(i.netCore_Thread)
    netDHCP6_Notify                          0x08014ec5   Thumb Code     2  net_dhcp6_client.o(i.netDHCP6_Notify)
    netETH_Notify                            0x08014ec7   Thumb Code     2  net_eth.o(i.netETH_Notify)
    netETH_ReceiveRaw                        0x08014ec9   Thumb Code     2  net_eth.o(i.netETH_ReceiveRaw)
    netETH_Thread                            0x08014ecb   Thumb Code   114  net_eth.o(i.netETH_Thread)
    netHTTPs_AcceptClient                    0x08014f3d   Thumb Code     4  net_http_server.o(i.netHTTPs_AcceptClient)
    netHTTPs_CheckAccount                    0x08014f41   Thumb Code     4  net_http_server_auth.o(i.netHTTPs_CheckAccount)
    netHTTPs_FileAccess                      0x08014f45   Thumb Code     4  net_http_server.o(i.netHTTPs_FileAccess)
    netIF_GetOption                          0x08014f49   Thumb Code   128  net_sys.o(i.netIF_GetOption)
    netIF_SetOption                          0x08014fd1   Thumb Code   124  net_sys.o(i.netIF_SetOption)
    netIP_aton                               0x08015055   Thumb Code    26  net_addr.o(i.netIP_aton)
    netIP_ntoa                               0x0801506f   Thumb Code    50  net_addr.o(i.netIP_ntoa)
    netInitialize                            0x080150a1   Thumb Code   156  net_sys.o(i.netInitialize)
    netMAC_aton                              0x0801514d   Thumb Code   140  net_addr.o(i.netMAC_aton)
    netSNTPc_GetTime                         0x080151d9   Thumb Code    28  net_sntp_client_core.o(i.netSNTPc_GetTime)
    netTCP_GetLocalPort                      0x080151f5   Thumb Code     4  net_tcp.o(i.netTCP_GetLocalPort)
    netTCP_GetPeer                           0x080151f9   Thumb Code    32  net_tcp.o(i.netTCP_GetPeer)
    netTCP_GetState                          0x08015219   Thumb Code     4  net_tcp.o(i.netTCP_GetState)
    netTCP_GetTimer                          0x0801521d   Thumb Code     4  net_tcp.o(i.netTCP_GetTimer)
    net_addr4_aton                           0x08015221   Thumb Code   124  net_addr.o(i.net_addr4_aton)
    net_addr4_to_mac                         0x0801529d   Thumb Code    30  net_addr.o(i.net_addr4_to_mac)
    net_addr6_aton                           0x080152bd   Thumb Code   230  net_addr.o(i.net_addr6_aton)
    net_addr6_comp                           0x080153a3   Thumb Code    40  net_addr.o(i.net_addr6_comp)
    net_addr6_copy                           0x080153cb   Thumb Code    18  net_addr.o(i.net_addr6_copy)
    net_addr6_create                         0x080153dd   Thumb Code    70  net_addr.o(i.net_addr6_create)
    net_addr6_get_solicited                  0x08015429   Thumb Code    34  net_addr.o(i.net_addr6_get_solicited)
    net_addr6_is_linklocal                   0x08015451   Thumb Code    24  net_addr.o(i.net_addr6_is_linklocal)
    net_addr6_is_onlink                      0x08015469   Thumb Code   110  net_addr.o(i.net_addr6_is_onlink)
    net_addr6_is_solicited                   0x080154d7   Thumb Code    72  net_addr.o(i.net_addr6_is_solicited)
    net_addr6_is_unspec                      0x0801551f   Thumb Code    24  net_addr.o(i.net_addr6_is_unspec)
    net_addr6_to_mac                         0x08015537   Thumb Code    14  net_addr.o(i.net_addr6_to_mac)
    net_addr_comp                            0x08015545   Thumb Code    44  net_addr.o(i.net_addr_comp)
    net_addr_copy                            0x08015571   Thumb Code    38  net_addr.o(i.net_addr_copy)
    net_addr_find_route                      0x08015597   Thumb Code    26  net_addr.o(i.net_addr_find_route)
    net_addr_get_local                       0x080155b1   Thumb Code    26  net_addr.o(i.net_addr_get_local)
    net_addr_is_unspec                       0x080155d1   Thumb Code    34  net_addr.o(i.net_addr_is_unspec)
    net_arp_cache_add                        0x080155f5   Thumb Code   276  net_arp.o(i.net_arp_cache_add)
    net_arp_cache_early                      0x08015711   Thumb Code   180  net_arp.o(i.net_arp_cache_early)
    net_arp_cache_find                       0x080157cd   Thumb Code   224  net_arp.o(i.net_arp_cache_find)
    net_arp_cache_init                       0x080158b9   Thumb Code    64  net_arp.o(i.net_arp_cache_init)
    net_arp_cache_run                        0x08015901   Thumb Code    22  net_arp.o(i.net_arp_cache_run)
    net_arp_enqueue                          0x0801591d   Thumb Code   114  net_arp.o(i.net_arp_enqueue)
    net_arp_notify                           0x08015995   Thumb Code    32  net_arp.o(i.net_arp_notify)
    net_arp_process                          0x080159b5   Thumb Code   536  net_arp.o(i.net_arp_process)
    net_atoi                                 0x08015bd9   Thumb Code    66  net_common.o(i.net_atoi)
    net_base64_decode                        0x08015c1d   Thumb Code   114  net_base64.o(i.net_base64_decode)
    net_chksum_buf                           0x08015c95   Thumb Code    48  net_common.o(i.net_chksum_buf)
    net_crc_buf                              0x08015cc5   Thumb Code    30  net_common.o(i.net_crc_buf)
    net_dhcp6_client_init                    0x08015ce5   Thumb Code   114  net_dhcp6_client.o(i.net_dhcp6_client_init)
    net_dhcp6_client_run                     0x08015d6d   Thumb Code    22  net_dhcp6_client.o(i.net_dhcp6_client_run)
    net_eth_callback                         0x08015d89   Thumb Code    14  net_eth.o(i.net_eth_callback)
    net_eth_config_mcast                     0x08015d97   Thumb Code   104  net_eth.o(i.net_eth_config_mcast)
    net_eth_get_option                       0x08015dff   Thumb Code   234  net_eth.o(i.net_eth_get_option)
    net_eth_iface_init                       0x08015ee9   Thumb Code    22  net_eth.o(i.net_eth_iface_init)
    net_eth_iface_run                        0x08015f05   Thumb Code    22  net_eth.o(i.net_eth_iface_run)
    net_eth_output                           0x08015f21   Thumb Code   164  net_eth.o(i.net_eth_output)
    net_eth_send_frame                       0x08015fc9   Thumb Code   462  net_eth.o(i.net_eth_send_frame)
    net_eth_set_option                       0x080161a9   Thumb Code   610  net_eth.o(i.net_eth_set_option)
    net_http_server_init                     0x08016419   Thumb Code   212  net_http_server.o(i.net_http_server_init)
    net_http_server_run                      0x08016501   Thumb Code    30  net_http_server.o(i.net_http_server_run)
    net_icmp6_init                           0x08016529   Thumb Code    20  net_icmp6.o(i.net_icmp6_init)
    net_icmp6_process                        0x08016541   Thumb Code   542  net_icmp6.o(i.net_icmp6_process)
    net_icmp6_send                           0x08016779   Thumb Code   122  net_icmp6.o(i.net_icmp6_send)
    net_icmp6_send_echo                      0x080167fd   Thumb Code    78  net_icmp6.o(i.net_icmp6_send_echo)
    net_icmp_init                            0x08016855   Thumb Code    20  net_icmp.o(i.net_icmp_init)
    net_icmp_process                         0x0801686d   Thumb Code   430  net_icmp.o(i.net_icmp_process)
    net_icmp_send_echo                       0x08016a35   Thumb Code   142  net_icmp.o(i.net_icmp_send_echo)
    net_if_map_all                           0x08016ad5   Thumb Code     6  net_sys.o(i.net_if_map_all)
    net_ip4_chk_frame                        0x08016ae1   Thumb Code   372  net_ip4.o(i.net_ip4_chk_frame)
    net_ip4_chksum                           0x08016c6d   Thumb Code    44  net_ip4.o(i.net_ip4_chksum)
    net_ip4_chksum_buf                       0x08016c99   Thumb Code     6  net_ip4.o(i.net_ip4_chksum_buf)
    net_ip4_find_route                       0x08016ca1   Thumb Code   104  net_ip4.o(i.net_ip4_find_route)
    net_ip4_frag_add                         0x08016d21   Thumb Code   284  net_ip4_frag.o(i.net_ip4_frag_add)
    net_ip4_frag_get                         0x08016e45   Thumb Code   168  net_ip4_frag.o(i.net_ip4_frag_get)
    net_ip4_frag_init                        0x08016ef1   Thumb Code    12  net_ip4_frag.o(i.net_ip4_frag_init)
    net_ip4_frag_run                         0x08016f01   Thumb Code    50  net_ip4_frag.o(i.net_ip4_frag_run)
    net_ip4_get_local                        0x08016f3d   Thumb Code    40  net_ip4.o(i.net_ip4_get_local)
    net_ip4_init                             0x08016f69   Thumb Code    22  net_ip4.o(i.net_ip4_init)
    net_ip4_is_onlink                        0x08016f8d   Thumb Code    32  net_ip4.o(i.net_ip4_is_onlink)
    net_ip4_is_subcast                       0x08016fad   Thumb Code    38  net_ip4.o(i.net_ip4_is_subcast)
    net_ip4_reass_frame                      0x08016fd3   Thumb Code    14  net_ip4.o(i.net_ip4_reass_frame)
    net_ip4_send_frame                       0x08016fe1   Thumb Code   340  net_ip4.o(i.net_ip4_send_frame)
    net_ip4_tx_offl_hl                       0x08017145   Thumb Code    42  net_ip4.o(i.net_ip4_tx_offl_hl)
    net_ip6_chk_frame                        0x08017171   Thumb Code   236  net_ip6.o(i.net_ip6_chk_frame)
    net_ip6_chksum                           0x08017271   Thumb Code    50  net_ip6.o(i.net_ip6_chksum)
    net_ip6_collect_mcast                    0x080172a5   Thumb Code   118  net_ip6.o(i.net_ip6_collect_mcast)
    net_ip6_find_route                       0x08017321   Thumb Code    56  net_ip6.o(i.net_ip6_find_route)
    net_ip6_get_local                        0x08017369   Thumb Code    74  net_ip6.o(i.net_ip6_get_local)
    net_ip6_init                             0x080173bd   Thumb Code    20  net_ip6.o(i.net_ip6_init)
    net_ip6_send_frame                       0x080173d9   Thumb Code   192  net_ip6.o(i.net_ip6_send_frame)
    net_ip6_tx_offl_hl                       0x080174a5   Thumb Code    30  net_ip6.o(i.net_ip6_tx_offl_hl)
    net_itoa                                 0x080174c3   Thumb Code     8  net_common.o(i.net_itoa)
    net_itoa_n0                              0x080174cb   Thumb Code     6  net_common.o(i.net_itoa_n0)
    net_loop_iface_init                      0x080174d1   Thumb Code    40  net_loopback.o(i.net_loop_iface_init)
    net_loop_iface_run                       0x08017501   Thumb Code   176  net_loopback.o(i.net_loop_iface_run)
    net_loop_send_frame                      0x080175bd   Thumb Code   104  net_loopback.o(i.net_loop_send_frame)
    net_mem_alloc                            0x0801762d   Thumb Code   178  net_mem.o(i.net_mem_alloc)
    net_mem_avail                            0x080176ed   Thumb Code    22  net_mem.o(i.net_mem_avail)
    net_mem_free                             0x08017709   Thumb Code   152  net_mem.o(i.net_mem_free)
    net_mem_init                             0x080177ad   Thumb Code    98  net_mem.o(i.net_mem_init)
    net_mem_shrink                           0x0801781d   Thumb Code    62  net_mem.o(i.net_mem_shrink)
    net_nbns_client_init                     0x08017865   Thumb Code    82  net_nbns_client.o(i.net_nbns_client_init)
    net_ndp_cache_find                       0x080178c9   Thumb Code   438  net_ndp.o(i.net_ndp_cache_find)
    net_ndp_cache_init                       0x08017a8d   Thumb Code   114  net_ndp.o(i.net_ndp_cache_init)
    net_ndp_cache_refresh                    0x08017b0d   Thumb Code   112  net_ndp.o(i.net_ndp_cache_refresh)
    net_ndp_cache_run                        0x08017b85   Thumb Code    22  net_ndp.o(i.net_ndp_cache_run)
    net_ndp_enqueue                          0x08017ba1   Thumb Code   108  net_ndp.o(i.net_ndp_enqueue)
    net_ndp_process                          0x08017c11   Thumb Code   872  net_ndp.o(i.net_ndp_process)
    net_path                                 0x08017f85   Thumb Code    52  net_sys.o(i.net_path)
    net_ping_client_init                     0x08017fbd   Thumb Code    22  net_ping_core.o(i.net_ping_client_init)
    net_ping_client_run                      0x08017fdd   Thumb Code   110  net_ping_core.o(i.net_ping_client_run)
    net_rand32                               0x0801805d   Thumb Code    18  net_sys.o(i.net_rand32)
    net_sntp_client_init                     0x08018079   Thumb Code    80  net_sntp_client_core.o(i.net_sntp_client_init)
    net_sntp_client_run                      0x080180d5   Thumb Code    76  net_sntp_client_core.o(i.net_sntp_client_run)
    net_sntp_client_start                    0x0801812d   Thumb Code   312  net_sntp_client_core.o(i.net_sntp_client_start)
    net_strcasecmp                           0x08018275   Thumb Code    46  net_common.o(i.net_strcasecmp)
    net_strchr                               0x080182a3   Thumb Code    22  net_common.o(i.net_strchr)
    net_strcmp                               0x080182b9   Thumb Code    26  net_common.o(i.net_strcmp)
    net_strcpy                               0x080182d3   Thumb Code    18  net_common.o(i.net_strcpy)
    net_strnchr                              0x080182e5   Thumb Code    28  net_common.o(i.net_strnchr)
    net_strncpy                              0x08018301   Thumb Code    26  net_common.o(i.net_strncpy)
    net_strtoupper                           0x0801831b   Thumb Code    32  net_common.o(i.net_strtoupper)
    net_sys_lock                             0x0801833d   Thumb Code     8  net_sys.o(i.net_sys_lock)
    net_sys_resume                           0x08018349   Thumb Code    22  net_sys.o(i.net_sys_resume)
    net_sys_tick                             0x08018361   Thumb Code    16  net_sys.o(i.net_sys_tick)
    net_sys_unlock                           0x08018375   Thumb Code     8  net_sys.o(i.net_sys_unlock)
    net_sys_wakeup                           0x08018381   Thumb Code    26  net_sys.o(i.net_sys_wakeup)
    net_tcp_abort                            0x080183a1   Thumb Code   122  net_tcp.o(i.net_tcp_abort)
    net_tcp_close                            0x08018425   Thumb Code   218  net_tcp.o(i.net_tcp_close)
    net_tcp_get_buf                          0x08018509   Thumb Code    46  net_tcp.o(i.net_tcp_get_buf)
    net_tcp_get_local_port                   0x08018539   Thumb Code    48  net_tcp.o(i.net_tcp_get_local_port)
    net_tcp_get_mss                          0x0801856d   Thumb Code    34  net_tcp.o(i.net_tcp_get_mss)
    net_tcp_get_peer                         0x08018595   Thumb Code    80  net_tcp.o(i.net_tcp_get_peer)
    net_tcp_get_socket                       0x080185e9   Thumb Code   104  net_tcp.o(i.net_tcp_get_socket)
    net_tcp_get_state                        0x08018659   Thumb Code    40  net_tcp.o(i.net_tcp_get_state)
    net_tcp_get_timer                        0x08018685   Thumb Code    48  net_tcp.o(i.net_tcp_get_timer)
    net_tcp_listen                           0x080186b9   Thumb Code   168  net_tcp.o(i.net_tcp_listen)
    net_tcp_process                          0x08018769   Thumb Code  1956  net_tcp.o(i.net_tcp_process)
    net_tcp_send                             0x08018f11   Thumb Code   336  net_tcp.o(i.net_tcp_send)
    net_tcp_set_option                       0x0801906d   Thumb Code   288  net_tcp.o(i.net_tcp_set_option)
    net_tcp_socket_init                      0x08019199   Thumb Code    30  net_tcp.o(i.net_tcp_socket_init)
    net_tcp_socket_run                       0x080191c1   Thumb Code   938  net_tcp.o(i.net_tcp_socket_run)
    net_udp_close                            0x08019581   Thumb Code    62  net_udp.o(i.net_udp_close)
    net_udp_get_buf                          0x080195c9   Thumb Code    46  net_udp.o(i.net_udp_get_buf)
    net_udp_get_socket                       0x080195f9   Thumb Code   102  net_udp.o(i.net_udp_get_socket)
    net_udp_open                             0x08019669   Thumb Code   160  net_udp.o(i.net_udp_open)
    net_udp_process                          0x08019715   Thumb Code   322  net_udp.o(i.net_udp_process)
    net_udp_send                             0x0801986d   Thumb Code    18  net_udp.o(i.net_udp_send)
    net_udp_send_if                          0x08019881   Thumb Code   540  net_udp.o(i.net_udp_send_if)
    net_udp_socket_init                      0x08019aad   Thumb Code    30  net_udp.o(i.net_udp_socket_init)
    net_ultoa                                0x08019ad1   Thumb Code     8  net_common.o(i.net_ultoa)
    net_ultox                                0x08019ad9   Thumb Code    44  net_common.o(i.net_ultox)
    net_xtoul                                0x08019b09   Thumb Code    76  net_common.o(i.net_xtoul)
    app_main_attr                            0x0801a924   Data          36  http_server.o(.constdata)
    imageLastModified                        0x0801a948   Data           4  web.o(.constdata)
    Arial12x12                               0x08020f20   Data        2400  lcd.o(.constdata)
    osRtxUserSVC                             0x080218e0   Data           4  rtx_lib.o(.constdata)
    Driver_ETH_PHY0                          0x080218e8   Data          32  phy_lan8742a.o(.constdata)
    Driver_ETH_MAC0                          0x08021958   Data          68  emac_stm32f4xx.o(.constdata)
    Driver_SPI1                              0x08021a28   Data          44  spi_stm32f4xx.o(.constdata)
    EventRecorderInfo                        0x08021a54   Data          24  eventrecorder.o(.constdata)
    AHBPrescTable                            0x08021a74   Data          16  system_stm32f4xx_1.o(.constdata)
    APBPrescTable                            0x08021a84   Data           8  system_stm32f4xx_1.o(.constdata)
    net_sys_config                           0x08021b34   Data          28  net_config.o(.constdata)
    net_eth0_if_config                       0x08021be8   Data          44  net_config.o(.constdata)
    net_eth_list                             0x08021c14   Data           8  net_config.o(.constdata)
    net_if_list_lan                          0x08021c1c   Data           8  net_config.o(.constdata)
    net_if_list_all                          0x08021c24   Data           8  net_config.o(.constdata)
    net_if_inet_def                          0x08021c2c   Data           8  net_config.o(.constdata)
    net_if_link_def                          0x08021c34   Data           8  net_config.o(.constdata)
    net_arp_list                             0x08021c3c   Data           8  net_config.o(.constdata)
    net_icmp_list                            0x08021c44   Data           8  net_config.o(.constdata)
    net_ndp_list                             0x08021c4c   Data           8  net_config.o(.constdata)
    net_icmp6_list                           0x08021c54   Data           8  net_config.o(.constdata)
    net_dhcp6_list                           0x08021c5c   Data           8  net_config.o(.constdata)
    net_ip4_frag_config                      0x08021c64   Data           8  net_config.o(.constdata)
    net_udp_config                           0x08021c6c   Data          12  net_config.o(.constdata)
    net_tcp_config                           0x08021c78   Data          24  net_config.o(.constdata)
    net_http_config                          0x08021c90   Data          52  net_config.o(.constdata)
    net_sntp_config                          0x08021cc4   Data           8  net_config.o(.constdata)
    netif_getopt_func                        0x08021d2c   Data          16  net_config.o(.constdata)
    netif_setopt_func                        0x08021d3c   Data          16  net_config.o(.constdata)
    net_loop_if_config                       0x08021d4c   Data          44  net_loopback.o(.constdata)
    net_http_auth_basic_func                 0x08021e98   Data          24  net_http_server_auth.o(.constdata)
    net_ping_payload                         0x08021eb0   Data          18  net_ping_core.o(.constdata)
    net_addr_unspec                          0x08021ec2   Data          16  net_addr.o(.constdata)
    net_addr_bcast                           0x08021ed2   Data           6  net_addr.o(.constdata)
    net_addr4_loopback                       0x08021ed8   Data           4  net_ip4.o(.constdata)
    net_addr6_all_nodes                      0x08021edc   Data          16  net_ip6.o(.constdata)
    net_addr6_loopback                       0x08021eec   Data          16  net_ip6.o(.constdata)
    net_addr6_all_routers                    0x08021efc   Data          16  net_ip6.o(.constdata)
    net_http_error                           0x08021f0c   Data          24  net_http_server_err.o(.constdata)
    net_lib_version                          0x08021fc4   Data           4  net_version.o(.constdata)
    network_ip4ip6_debug_v7.15.0             0x08021fc4   Data           4  net_version.o(.constdata)
    osRtxConfig                              0x08022450   Data         112  rtx_lib.o(.rodata)
    os_cb_sections                           0x080224c0   Data          56  rtx_lib.o(.rodata)
    Region$$Table$$Base                      0x080224f8   Number         0  anon$$obj.o(Region$$Table)
    Region$$Table$$Limit                     0x08022528   Number         0  anon$$obj.o(Region$$Table)
    .bss.os.msgqueue.cb$$Base                0x20008044   Number         0  rtx_lib.o(.bss.os.msgqueue.cb)
    .bss.os.msgqueue.cb$$Limit               0x20008078   Number         0  rtx_lib.o(.bss.os.msgqueue.cb)
    .bss.os.mutex.cb$$Base                   0x200080c8   Number         0  net_config.o(.bss.os.mutex.cb)
    .bss.os.mutex.cb$$Limit                  0x20008100   Number         0  net_config.o(.bss.os.mutex.cb)
    .bss.os.semaphore.cb$$Base               0x20008100   Number         0  net_config.o(.bss.os.semaphore.cb)
    .bss.os.semaphore.cb$$Limit              0x20008110   Number         0  net_config.o(.bss.os.semaphore.cb)
    .bss.os.thread.cb$$Base                  0x20008110   Number         0  rtx_lib.o(.bss.os.thread.cb)
    .bss.os.thread.cb$$Limit                 0x20008220   Number         0  net_config.o(.bss.os.thread.cb)
    .bss.os.timer.cb$$Base                   0x20008620   Number         0  net_config.o(.bss.os.timer.cb)
    .bss.os.timer.cb$$Limit                  0x20008640   Number         0  net_config.o(.bss.os.timer.cb)
    LEDrun                                   0x20008644   Data           1  http_server.o(.data)
    TID_Display                              0x20008648   Data           4  http_server.o(.data)
    SPIdrv                                   0x20008650   Data           4  lcd.o(.data)
    state                                    0x20008654   Data           4  lcd.o(.data)
    sDate                                    0x20008658   Data           4  rtc.o(.data)
    tid_ThSNTP                               0x2000865c   Data           4  sntp.o(.data)
    timer_SNTP                               0x20008660   Data           4  sntp.o(.data)
    status                                   0x20008668   Data           4  sntp.o(.data)
    ITM_RxBuffer                             0x2000866c   Data           4  retarget_io.o(.data)
    uwTickFreq                               0x20008670   Data           1  stm32f4xx_hal.o(.data)
    uwTickPrio                               0x20008674   Data           4  stm32f4xx_hal.o(.data)
    uwTick                                   0x20008678   Data           4  stm32f4xx_hal.o(.data)
    SystemCoreClock                          0x2000867c   Data           4  system_stm32f4xx_1.o(.data)
    net_eth0_icmp_control                    0x20008698   Data           1  net_icmp.o(.data)
    net_eth0_icmp6_control                   0x20008699   Data           1  net_icmp6.o(.data)
    __stdout                                 0x200086bc   Data           4  stdout.o(.data)
    __stderr                                 0x200086c0   Data           4  stderr.o(.data)
    osRtxInfo                                0x200086c4   Data         164  rtx_kernel.o(.data.os)
    app_main_stk                             0x20008768   Data        1024  http_server.o(.bss)
    htim7                                    0x20008bb4   Data          72  lcd.o(.bss)
    buffer                                   0x20008bfc   Data         512  lcd.o(.bss)
    hrtc                                     0x20008dfc   Data          32  rtc.o(.bss)
    sAlarm                                   0x20008e1c   Data          40  rtc.o(.bss)
    sTime                                    0x20008e44   Data          20  rtc.o(.bss)
    timeString                               0x20008e58   Data          30  rtc.o(.bss)
    dateString                               0x20008e76   Data          30  rtc.o(.bss)
    Time_Date                                0x20008e94   Data          60  rtc.o(.bss)
    net_eth0_if_control                      0x2000f0b4   Data         160  net_eth.o(.bss)
    net_eth0_arp_control                     0x2000f154   Data          24  net_arp.o(.bss)
    net_eth0_ndp_control                     0x2000f16c   Data          68  net_ndp.o(.bss)
    net_eth0_dhcp6_control                   0x2000f1cc   Data          68  net_dhcp6_client.o(.bss)
    net_http_control                         0x2000f294   Data          20  net_http_server.o(.bss)
    net_sntp_control                         0x2000f2a8   Data          44  net_sntp_client_core.o(.bss)
    net_ping_control                         0x2000f2d4   Data          44  net_ping_core.o(.bss)
    net_sys_control                          0x2000f310   Data          28  net_sys.o(.bss)
    net_dbg_buf                              0x2000f338   Data          36  net_sys.o(.bss)
    __initial_sp                             0x2000f7f8   Data           0  startup_stm32f429xx.o(STACK)



==============================================================================

Memory Map of the image

  Image Entry point : 0x080001ad

  Load Region LR_IROM1 (Base: 0x08000000, Size: 0x0002ac90, Max: 0x00200000, ABSOLUTE, COMPRESSED[0x00022654])

    Execution Region ER_IROM1 (Exec base: 0x08000000, Load base: 0x08000000, Size: 0x00022528, Max: 0x00200000, ABSOLUTE)

    Exec Addr    Load Addr    Size         Type   Attr      Idx    E Section Name        Object

    0x08000000   0x08000000   0x000001ac   Data   RO         1623    RESET               startup_stm32f429xx.o
    0x080001ac   0x080001ac   0x00000000   Code   RO         2809  * .ARM.Collect$$$$00000000  mc_w.l(entry.o)
    0x080001ac   0x080001ac   0x00000004   Code   RO         3103    .ARM.Collect$$$$00000001  mc_w.l(entry2.o)
    0x080001b0   0x080001b0   0x00000004   Code   RO         3106    .ARM.Collect$$$$00000004  mc_w.l(entry5.o)
    0x080001b4   0x080001b4   0x00000000   Code   RO         3108    .ARM.Collect$$$$00000008  mc_w.l(entry7b.o)
    0x080001b4   0x080001b4   0x00000000   Code   RO         3110    .ARM.Collect$$$$0000000A  mc_w.l(entry8b.o)
    0x080001b4   0x080001b4   0x00000008   Code   RO         3111    .ARM.Collect$$$$0000000B  mc_w.l(entry9a.o)
    0x080001bc   0x080001bc   0x00000004   Code   RO         3118    .ARM.Collect$$$$0000000E  mc_w.l(entry12b.o)
    0x080001c0   0x080001c0   0x00000000   Code   RO         3113    .ARM.Collect$$$$0000000F  mc_w.l(entry10a.o)
    0x080001c0   0x080001c0   0x00000000   Code   RO         3115    .ARM.Collect$$$$00000011  mc_w.l(entry11a.o)
    0x080001c0   0x080001c0   0x00000004   Code   RO         3104    .ARM.Collect$$$$00002712  mc_w.l(entry2.o)
    0x080001c4   0x080001c4   0x00000148   Code   RO          655    .emb_text           rtx_mempool.o
    0x0800030c   0x0800030c   0x00000148   Code   RO          686    .emb_text           rtx_msgqueue.o
    0x08000454   0x08000454   0x00000148   Code   RO          751    .emb_text           rtx_semaphore.o
    0x0800059c   0x0800059c   0x00000148   Code   RO          782    .emb_text           rtx_system.o
    0x080006e4   0x080006e4   0x00000148   Code   RO          816    .emb_text           rtx_thread.o
    0x0800082c   0x0800082c   0x00000074   Code   RO         1069    .emb_text           eventrecorder.o
    0x080008a0   0x080008a0   0x00000164   Code   RO            4    .text               main.o
    0x08000a04   0x08000a04   0x0000002c   Code   RO          192    .text               http_server.o
    0x08000a30   0x08000a30   0x00000334   Code   RO          237    .text               http_server_cgi.o
    0x08000d64   0x08000d64   0x00000078   Code   RO          277    .text               web.o
    0x08000ddc   0x08000ddc   0x000003dc   Code   RO          300    .text               lcd.o
    0x080011b8   0x080011b8   0x00000220   Code   RO          346    .text               rtc.o
    0x080013d8   0x080013d8   0x000001b0   Code   RO          377    .text               sntp.o
    0x08001588   0x08001588   0x00000094   Code   RO          403    .text               irq_armv7m.o
    0x0800161c   0x0800161c   0x00000104   Code   RO          411    .text               rtx_delay.o
    0x08001720   0x08001720   0x00000964   Code   RO          509    .text               rtx_evr.o
    0x08002084   0x08002084   0x000006d8   Code   RO          534    .text               rtx_kernel.o
    0x0800275c   0x0800275c   0x00000124   Code   RO          625    .text               rtx_memory.o
    0x08002880   0x08002880   0x00000678   Code   RO          656    .text               rtx_mempool.o
    0x08002ef8   0x08002ef8   0x000009bc   Code   RO          687    .text               rtx_msgqueue.o
    0x080038b4   0x080038b4   0x00000558   Code   RO          721    .text               rtx_mutex.o
    0x08003e0c   0x08003e0c   0x00000450   Code   RO          752    .text               rtx_semaphore.o
    0x0800425c   0x0800425c   0x00000154   Code   RO          783    .text               rtx_system.o
    0x080043b0   0x080043b0   0x00001194   Code   RO          817    .text               rtx_thread.o
    0x08005544   0x08005544   0x00000480   Code   RO          851    .text               rtx_timer.o
    0x080059c4   0x080059c4   0x000000c4   Code   RO          881    .text               os_systick.o
    0x08005a88   0x08005a88   0x00000004   Code   RO          907    .text               rtx_config.o
    0x08005a8c   0x08005a8c   0x000001ac   Code   RO          928    .text               phy_lan8742a.o
    0x08005c38   0x08005c38   0x000009f8   Code   RO          956    .text               emac_stm32f4xx.o
    0x08006630   0x08006630   0x00001288   Code   RO          995    .text               i2c_stm32f4xx.o
    0x080078b8   0x080078b8   0x00000d6c   Code   RO         1030    .text               spi_stm32f4xx.o
    0x08008624   0x08008624   0x00000538   Code   RO         1070    .text               eventrecorder.o
    0x08008b5c   0x08008b5c   0x000000f0   Code   RO         1101    .text               retarget_io.o
    0x08008c4c   0x08008c4c   0x000001c8   Code   RO         1133    .text               stm32f4xx_hal.o
    0x08008e14   0x08008e14   0x00000298   Code   RO         1211    .text               stm32f4xx_hal_cortex.o
    0x080090ac   0x080090ac   0x0000071c   Code   RO         1239    .text               stm32f4xx_hal_dma.o
    0x080097c8   0x080097c8   0x00000388   Code   RO         1288    .text               stm32f4xx_hal_gpio.o
    0x08009b50   0x08009b50   0x00000188   Code   RO         1360    .text               stm32f4xx_hal_pwr.o
    0x08009cd8   0x08009cd8   0x00000754   Code   RO         1408    .text               stm32f4xx_hal_rcc.o
    0x0800a42c   0x0800a42c   0x000005e4   Code   RO         1432    .text               stm32f4xx_hal_rcc_ex.o
    0x0800aa10   0x0800aa10   0x00000964   Code   RO         1456    .text               stm32f4xx_hal_rtc.o
    0x0800b374   0x0800b374   0x00000abc   Code   RO         1480    .text               stm32f4xx_hal_rtc_ex.o
    0x0800be30   0x0800be30   0x000031c4   Code   RO         1552    .text               stm32f4xx_hal_tim.o
    0x0800eff4   0x0800eff4   0x00001378   Code   RO         1576    .text               stm32f4xx_hal_tim_ex.o
    0x0801036c   0x0801036c   0x00000024   Code   RO         1624    .text               startup_stm32f429xx.o
    0x08010390   0x08010390   0x00000088   Code   RO         1631    .text               system_stm32f4xx_1.o
    0x08010418   0x08010418   0x0000016c   Code   RO         1660    .text               net_config.o
    0x08010584   0x08010584   0x00000152   Code   RO         1760    .text               net_debug.o
    0x080106d6   0x080106d6   0x00000062   Code   RO         2818    .text               mc_w.l(uldiv.o)
    0x08010738   0x08010738   0x00000094   Code   RO         2820    .text               mc_w.l(localtime.o)
    0x080107cc   0x080107cc   0x00000394   Code   RO         2824    .text               mc_w.l(strftime.o)
    0x08010b60   0x08010b60   0x00000024   Code   RO         2830    .text               mc_w.l(memcpya.o)
    0x08010b84   0x08010b84   0x00000024   Code   RO         2832    .text               mc_w.l(memseta.o)
    0x08010ba8   0x08010ba8   0x0000000e   Code   RO         2834    .text               mc_w.l(strlen.o)
    0x08010bb6   0x08010bb6   0x0000001c   Code   RO         2836    .text               mc_w.l(strcmp.o)
    0x08010bd2   0x08010bd2   0x0000001a   Code   RO         2838    .text               mc_w.l(memcmp.o)
    0x08010bec   0x08010bec   0x0000001e   Code   RO         3121    .text               mc_w.l(llshl.o)
    0x08010c0a   0x08010c0a   0x00000020   Code   RO         3123    .text               mc_w.l(llushr.o)
    0x08010c2a   0x08010c2a   0x00000002   PAD
    0x08010c2c   0x08010c2c   0x00000024   Code   RO         3136    .text               mc_w.l(init.o)
    0x08010c50   0x08010c50   0x0000003a   Code   RO         3149    .text               mc_w.l(__dczerorl.o)
    0x08010c8a   0x08010c8a   0x00000002   PAD
    0x08010c8c   0x08010c8c   0x00000020   Code   RO         3049    i.__0printf$8       mc_w.l(printf8.o)
    0x08010cac   0x08010cac   0x00000028   Code   RO         3051    i.__0sprintf$8      mc_w.l(printf8.o)
    0x08010cd4   0x08010cd4   0x0000000e   Code   RO         3143    i.__scatterload_copy  mc_w.l(handlers.o)
    0x08010ce2   0x08010ce2   0x00000002   Code   RO         3144    i.__scatterload_null  mc_w.l(handlers.o)
    0x08010ce4   0x08010ce4   0x0000000e   Code   RO         3145    i.__scatterload_zeroinit  mc_w.l(handlers.o)
    0x08010cf2   0x08010cf2   0x00000002   PAD
    0x08010cf4   0x08010cf4   0x00000404   Code   RO         3056    i._printf_core      mc_w.l(printf8.o)
    0x080110f8   0x080110f8   0x00000024   Code   RO         3057    i._printf_post_padding  mc_w.l(printf8.o)
    0x0801111c   0x0801111c   0x0000002e   Code   RO         3058    i._printf_pre_padding  mc_w.l(printf8.o)
    0x0801114a   0x0801114a   0x0000000a   Code   RO         3060    i._sputc            mc_w.l(printf8.o)
    0x08011154   0x08011154   0x00000054   Code   RO         2298    i.add_server_id     Net_Dbg_CM3_L.lib(net_http_server.o)
    0x080111a8   0x080111a8   0x0000005c   Code   RO         1846    i.arp_cache_alloc   Net_Dbg_CM3_L.lib(net_arp.o)
    0x08011204   0x08011204   0x00000170   Code   RO         1847    i.arp_cache_run     Net_Dbg_CM3_L.lib(net_arp.o)
    0x08011374   0x08011374   0x00000038   Code   RO         1848    i.arp_is_cacheable  Net_Dbg_CM3_L.lib(net_arp.o)
    0x080113ac   0x080113ac   0x00000088   Code   RO         1849    i.arp_probe_run     Net_Dbg_CM3_L.lib(net_arp.o)
    0x08011434   0x08011434   0x000000d8   Code   RO         1851    i.arp_proc_response  Net_Dbg_CM3_L.lib(net_arp.o)
    0x0801150c   0x0801150c   0x0000001a   Code   RO         1852    i.arp_que_free      Net_Dbg_CM3_L.lib(net_arp.o)
    0x08011526   0x08011526   0x00000002   PAD
    0x08011528   0x08011528   0x000000a0   Code   RO         1853    i.arp_send_reply    Net_Dbg_CM3_L.lib(net_arp.o)
    0x080115c8   0x080115c8   0x000000d0   Code   RO         1854    i.arp_send_request  Net_Dbg_CM3_L.lib(net_arp.o)
    0x08011698   0x08011698   0x00000068   Code   RO         1855    i.arp_sender_valid  Net_Dbg_CM3_L.lib(net_arp.o)
    0x08011700   0x08011700   0x0000006c   Code   RO         2242    i.check_client_id   Net_Dbg_CM3_L.lib(net_dhcp6_client.o)
    0x0801176c   0x0801176c   0x0000018c   Code   RO         2299    i.chk_post_req      Net_Dbg_CM3_L.lib(net_http_server.o)
    0x080118f8   0x080118f8   0x00000028   Code   RO         2723    i.crc32_8bit        Net_Dbg_CM3_L.lib(net_common.o)
    0x08011920   0x08011920   0x00000394   Code   RO         2243    i.dhcp6_client_run  Net_Dbg_CM3_L.lib(net_dhcp6_client.o)
    0x08011cb4   0x08011cb4   0x00000058   Code   RO         2244    i.dhcp6_client_start  Net_Dbg_CM3_L.lib(net_dhcp6_client.o)
    0x08011d0c   0x08011d0c   0x000004b8   Code   RO         2246    i.dhcp6_listener    Net_Dbg_CM3_L.lib(net_dhcp6_client.o)
    0x080121c4   0x080121c4   0x000001f8   Code   RO         2247    i.dhcp6_send_message  Net_Dbg_CM3_L.lib(net_dhcp6_client.o)
    0x080123bc   0x080123bc   0x0000009a   Code   RO         1790    i.eth_check_link    Net_Dbg_CM3_L.lib(net_eth.o)
    0x08012456   0x08012456   0x00000002   PAD
    0x08012458   0x08012458   0x00000020   Code   RO         1791    i.eth_if_map        Net_Dbg_CM3_L.lib(net_eth.o)
    0x08012478   0x08012478   0x00000304   Code   RO         1792    i.eth_iface_init    Net_Dbg_CM3_L.lib(net_eth.o)
    0x0801277c   0x0801277c   0x00000290   Code   RO         1793    i.eth_iface_run     Net_Dbg_CM3_L.lib(net_eth.o)
    0x08012a0c   0x08012a0c   0x00000008   Code   RO         1795    i.eth_lock          Net_Dbg_CM3_L.lib(net_eth.o)
    0x08012a14   0x08012a14   0x0000001c   Code   RO         1796    i.eth_mtu_limit     Net_Dbg_CM3_L.lib(net_eth.o)
    0x08012a30   0x08012a30   0x00000048   Code   RO         1797    i.eth_opt_len       Net_Dbg_CM3_L.lib(net_eth.o)
    0x08012a78   0x08012a78   0x00000088   Code   RO         1798    i.eth_receive       Net_Dbg_CM3_L.lib(net_eth.o)
    0x08012b00   0x08012b00   0x00000008   Code   RO         1799    i.eth_unlock        Net_Dbg_CM3_L.lib(net_eth.o)
    0x08012b08   0x08012b08   0x00000018   Code   RO         2812    i.fputs             mc_w.l(fputs.o)
    0x08012b20   0x08012b20   0x0000007c   Code   RO         2000    i.frag_map_session  Net_Dbg_CM3_L.lib(net_ip4_frag.o)
    0x08012b9c   0x08012b9c   0x00000028   Code   RO         2300    i.get_next_field    Net_Dbg_CM3_L.lib(net_http_server.o)
    0x08012bc4   0x08012bc4   0x00000032   Code   RO         2301    i.get_next_par      Net_Dbg_CM3_L.lib(net_http_server.o)
    0x08012bf6   0x08012bf6   0x0000005c   Code   RO         2248    i.get_tout          Net_Dbg_CM3_L.lib(net_dhcp6_client.o)
    0x08012c52   0x08012c52   0x00000022   Code   RO         2302    i.hex2byte          Net_Dbg_CM3_L.lib(net_http_server.o)
    0x08012c74   0x08012c74   0x0000036c   Code   RO         2303    i.http_add_header   Net_Dbg_CM3_L.lib(net_http_server.o)
    0x08012fe0   0x08012fe0   0x00000050   Code   RO         2423    i.http_auth_basic_add  Net_Dbg_CM3_L.lib(net_http_server_auth.o)
    0x08013030   0x08013030   0x00000090   Code   RO         2424    i.http_auth_basic_parse  Net_Dbg_CM3_L.lib(net_http_server_auth.o)
    0x080130c0   0x080130c0   0x00000002   Code   RO         2430    i.http_auth_dummy   Net_Dbg_CM3_L.lib(net_http_server_auth.o)
    0x080130c2   0x080130c2   0x00000002   PAD
    0x080130c4   0x080130c4   0x00000024   Code   RO         2431    i.http_auth_init    Net_Dbg_CM3_L.lib(net_http_server_auth.o)
    0x080130e8   0x080130e8   0x000001cc   Code   RO         2304    i.http_error_msg    Net_Dbg_CM3_L.lib(net_http_server.o)
    0x080132b4   0x080132b4   0x00000078   Code   RO         2305    i.http_get_ftype    Net_Dbg_CM3_L.lib(net_http_server.o)
    0x0801332c   0x0801332c   0x0000005e   Code   RO         2306    i.http_kill_session  Net_Dbg_CM3_L.lib(net_http_server.o)
    0x0801338a   0x0801338a   0x00000002   PAD
    0x0801338c   0x0801338c   0x000002a8   Code   RO         2307    i.http_listener     Net_Dbg_CM3_L.lib(net_http_server.o)
    0x08013634   0x08013634   0x00000184   Code   RO         2308    i.http_open_file    Net_Dbg_CM3_L.lib(net_http_server.o)
    0x080137b8   0x080137b8   0x0000011c   Code   RO         2309    i.http_parse_header  Net_Dbg_CM3_L.lib(net_http_server.o)
    0x080138d4   0x080138d4   0x000001a8   Code   RO         2310    i.http_proc_multipart  Net_Dbg_CM3_L.lib(net_http_server.o)
    0x08013a7c   0x08013a7c   0x00000138   Code   RO         2311    i.http_proc_post    Net_Dbg_CM3_L.lib(net_http_server.o)
    0x08013bb4   0x08013bb4   0x00000468   Code   RO         2312    i.http_server_run   Net_Dbg_CM3_L.lib(net_http_server.o)
    0x0801401c   0x0801401c   0x00000060   Code   RO         2313    i.http_server_start  Net_Dbg_CM3_L.lib(net_http_server.o)
    0x0801407c   0x0801407c   0x00000020   Code   RO         2315    i.http_strcpy       Net_Dbg_CM3_L.lib(net_http_server.o)
    0x0801409c   0x0801409c   0x000000ac   Code   RO         2316    i.http_to_utc       Net_Dbg_CM3_L.lib(net_http_server.o)
    0x08014148   0x08014148   0x0000001a   Code   RO         2724    i.i2str             Net_Dbg_CM3_L.lib(net_common.o)
    0x08014162   0x08014162   0x0000000c   Code   RO         2621    i.ip4_get_chksum    Net_Dbg_CM3_L.lib(net_ip4.o)
    0x0801416e   0x0801416e   0x00000028   Code   RO         2622    i.ip4_get_mtu       Net_Dbg_CM3_L.lib(net_ip4.o)
    0x08014196   0x08014196   0x00000040   Code   RO         2554    i.ip4_ntoa          Net_Dbg_CM3_L.lib(net_addr.o)
    0x080141d6   0x080141d6   0x00000002   PAD
    0x080141d8   0x080141d8   0x000000ca   Code   RO         2555    i.ip6_ntoa          Net_Dbg_CM3_L.lib(net_addr.o)
    0x080142a2   0x080142a2   0x00000002   PAD
    0x080142a4   0x080142a4   0x0000000c   Code   RO         2700    i.mem_lock          Net_Dbg_CM3_L.lib(net_mem.o)
    0x080142b0   0x080142b0   0x0000000c   Code   RO         2701    i.mem_unlock        Net_Dbg_CM3_L.lib(net_mem.o)
    0x080142bc   0x080142bc   0x000001a4   Code   RO         2284    i.nbns_listener     Net_Dbg_CM3_L.lib(net_nbns_client.o)
    0x08014460   0x08014460   0x00000120   Code   RO         1913    i.ndp_cache_add     Net_Dbg_CM3_L.lib(net_ndp.o)
    0x08014580   0x08014580   0x00000072   Code   RO         1914    i.ndp_cache_alloc   Net_Dbg_CM3_L.lib(net_ndp.o)
    0x080145f2   0x080145f2   0x00000002   PAD
    0x080145f4   0x080145f4   0x00000078   Code   RO         1915    i.ndp_cache_delete  Net_Dbg_CM3_L.lib(net_ndp.o)
    0x0801466c   0x0801466c   0x0000016c   Code   RO         1916    i.ndp_cache_run     Net_Dbg_CM3_L.lib(net_ndp.o)
    0x080147d8   0x080147d8   0x0000002c   Code   RO         1917    i.ndp_check_frame   Net_Dbg_CM3_L.lib(net_ndp.o)
    0x08014804   0x08014804   0x00000012   Code   RO         1918    i.ndp_next_opt      Net_Dbg_CM3_L.lib(net_ndp.o)
    0x08014816   0x08014816   0x00000002   PAD
    0x08014818   0x08014818   0x000000e4   Code   RO         1919    i.ndp_prefix_add    Net_Dbg_CM3_L.lib(net_ndp.o)
    0x080148fc   0x080148fc   0x0000009c   Code   RO         1920    i.ndp_probe_run     Net_Dbg_CM3_L.lib(net_ndp.o)
    0x08014998   0x08014998   0x000000fc   Code   RO         1922    i.ndp_proc_response  Net_Dbg_CM3_L.lib(net_ndp.o)
    0x08014a94   0x08014a94   0x0000001a   Code   RO         1923    i.ndp_que_free      Net_Dbg_CM3_L.lib(net_ndp.o)
    0x08014aae   0x08014aae   0x00000002   PAD
    0x08014ab0   0x08014ab0   0x00000038   Code   RO         1924    i.ndp_router_remove  Net_Dbg_CM3_L.lib(net_ndp.o)
    0x08014ae8   0x08014ae8   0x0000009c   Code   RO         1925    i.ndp_send_reply    Net_Dbg_CM3_L.lib(net_ndp.o)
    0x08014b84   0x08014b84   0x000000bc   Code   RO         1926    i.ndp_send_request  Net_Dbg_CM3_L.lib(net_ndp.o)
    0x08014c40   0x08014c40   0x000001a0   Code   RO         1927    i.ndp_slaac_run     Net_Dbg_CM3_L.lib(net_ndp.o)
    0x08014de0   0x08014de0   0x00000004   Code   RO         2317    i.netCGI_Charset    Net_Dbg_CM3_L.lib(net_http_server.o)
    0x08014de4   0x08014de4   0x00000004   Code   RO         2318    i.netCGI_ContentType  Net_Dbg_CM3_L.lib(net_http_server.o)
    0x08014de8   0x08014de8   0x00000004   Code   RO         2319    i.netCGI_CustomHeader  Net_Dbg_CM3_L.lib(net_http_server.o)
    0x08014dec   0x08014dec   0x0000006c   Code   RO         2320    i.netCGI_GetEnvVar  Net_Dbg_CM3_L.lib(net_http_server.o)
    0x08014e58   0x08014e58   0x00000004   Code   RO         2323    i.netCGI_Redirect   Net_Dbg_CM3_L.lib(net_http_server.o)
    0x08014e5c   0x08014e5c   0x00000004   Code   RO         2325    i.netCGX_ContentType  Net_Dbg_CM3_L.lib(net_http_server.o)
    0x08014e60   0x08014e60   0x00000064   Code   RO         2504    i.netCore_Thread    Net_Dbg_CM3_L.lib(net_sys.o)
    0x08014ec4   0x08014ec4   0x00000002   Code   RO         2251    i.netDHCP6_Notify   Net_Dbg_CM3_L.lib(net_dhcp6_client.o)
    0x08014ec6   0x08014ec6   0x00000002   Code   RO         1800    i.netETH_Notify     Net_Dbg_CM3_L.lib(net_eth.o)
    0x08014ec8   0x08014ec8   0x00000002   Code   RO         1801    i.netETH_ReceiveRaw  Net_Dbg_CM3_L.lib(net_eth.o)
    0x08014eca   0x08014eca   0x00000072   Code   RO         1803    i.netETH_Thread     Net_Dbg_CM3_L.lib(net_eth.o)
    0x08014f3c   0x08014f3c   0x00000004   Code   RO         2326    i.netHTTPs_AcceptClient  Net_Dbg_CM3_L.lib(net_http_server.o)
    0x08014f40   0x08014f40   0x00000004   Code   RO         2432    i.netHTTPs_CheckAccount  Net_Dbg_CM3_L.lib(net_http_server_auth.o)
    0x08014f44   0x08014f44   0x00000004   Code   RO         2328    i.netHTTPs_FileAccess  Net_Dbg_CM3_L.lib(net_http_server.o)
    0x08014f48   0x08014f48   0x00000088   Code   RO         2505    i.netIF_GetOption   Net_Dbg_CM3_L.lib(net_sys.o)
    0x08014fd0   0x08014fd0   0x00000084   Code   RO         2507    i.netIF_SetOption   Net_Dbg_CM3_L.lib(net_sys.o)
    0x08015054   0x08015054   0x0000001a   Code   RO         2557    i.netIP_aton        Net_Dbg_CM3_L.lib(net_addr.o)
    0x0801506e   0x0801506e   0x00000032   Code   RO         2558    i.netIP_ntoa        Net_Dbg_CM3_L.lib(net_addr.o)
    0x080150a0   0x080150a0   0x000000ac   Code   RO         2508    i.netInitialize     Net_Dbg_CM3_L.lib(net_sys.o)
    0x0801514c   0x0801514c   0x0000008c   Code   RO         2559    i.netMAC_aton       Net_Dbg_CM3_L.lib(net_addr.o)
    0x080151d8   0x080151d8   0x0000001c   Code   RO         2457    i.netSNTPc_GetTime  Net_Dbg_CM3_L.lib(net_sntp_client_core.o)
    0x080151f4   0x080151f4   0x00000004   Code   RO         2123    i.netTCP_GetLocalPort  Net_Dbg_CM3_L.lib(net_tcp.o)
    0x080151f8   0x080151f8   0x00000020   Code   RO         2125    i.netTCP_GetPeer    Net_Dbg_CM3_L.lib(net_tcp.o)
    0x08015218   0x08015218   0x00000004   Code   RO         2127    i.netTCP_GetState   Net_Dbg_CM3_L.lib(net_tcp.o)
    0x0801521c   0x0801521c   0x00000004   Code   RO         2128    i.netTCP_GetTimer   Net_Dbg_CM3_L.lib(net_tcp.o)
    0x08015220   0x08015220   0x0000007c   Code   RO         2561    i.net_addr4_aton    Net_Dbg_CM3_L.lib(net_addr.o)
    0x0801529c   0x0801529c   0x0000001e   Code   RO         2563    i.net_addr4_to_mac  Net_Dbg_CM3_L.lib(net_addr.o)
    0x080152ba   0x080152ba   0x00000002   PAD
    0x080152bc   0x080152bc   0x000000e6   Code   RO         2564    i.net_addr6_aton    Net_Dbg_CM3_L.lib(net_addr.o)
    0x080153a2   0x080153a2   0x00000028   Code   RO         2565    i.net_addr6_comp    Net_Dbg_CM3_L.lib(net_addr.o)
    0x080153ca   0x080153ca   0x00000012   Code   RO         2566    i.net_addr6_copy    Net_Dbg_CM3_L.lib(net_addr.o)
    0x080153dc   0x080153dc   0x0000004c   Code   RO         2567    i.net_addr6_create  Net_Dbg_CM3_L.lib(net_addr.o)
    0x08015428   0x08015428   0x00000028   Code   RO         2568    i.net_addr6_get_solicited  Net_Dbg_CM3_L.lib(net_addr.o)
    0x08015450   0x08015450   0x00000018   Code   RO         2569    i.net_addr6_is_linklocal  Net_Dbg_CM3_L.lib(net_addr.o)
    0x08015468   0x08015468   0x0000006e   Code   RO         2570    i.net_addr6_is_onlink  Net_Dbg_CM3_L.lib(net_addr.o)
    0x080154d6   0x080154d6   0x00000048   Code   RO         2571    i.net_addr6_is_solicited  Net_Dbg_CM3_L.lib(net_addr.o)
    0x0801551e   0x0801551e   0x00000018   Code   RO         2572    i.net_addr6_is_unspec  Net_Dbg_CM3_L.lib(net_addr.o)
    0x08015536   0x08015536   0x0000000e   Code   RO         2574    i.net_addr6_to_mac  Net_Dbg_CM3_L.lib(net_addr.o)
    0x08015544   0x08015544   0x0000002c   Code   RO         2575    i.net_addr_comp     Net_Dbg_CM3_L.lib(net_addr.o)
    0x08015570   0x08015570   0x00000026   Code   RO         2576    i.net_addr_copy     Net_Dbg_CM3_L.lib(net_addr.o)
    0x08015596   0x08015596   0x0000001a   Code   RO         2577    i.net_addr_find_route  Net_Dbg_CM3_L.lib(net_addr.o)
    0x080155b0   0x080155b0   0x00000020   Code   RO         2579    i.net_addr_get_local  Net_Dbg_CM3_L.lib(net_addr.o)
    0x080155d0   0x080155d0   0x00000022   Code   RO         2580    i.net_addr_is_unspec  Net_Dbg_CM3_L.lib(net_addr.o)
    0x080155f2   0x080155f2   0x00000002   PAD
    0x080155f4   0x080155f4   0x0000011c   Code   RO         1863    i.net_arp_cache_add  Net_Dbg_CM3_L.lib(net_arp.o)
    0x08015710   0x08015710   0x000000bc   Code   RO         1864    i.net_arp_cache_early  Net_Dbg_CM3_L.lib(net_arp.o)
    0x080157cc   0x080157cc   0x000000ec   Code   RO         1865    i.net_arp_cache_find  Net_Dbg_CM3_L.lib(net_arp.o)
    0x080158b8   0x080158b8   0x00000048   Code   RO         1866    i.net_arp_cache_init  Net_Dbg_CM3_L.lib(net_arp.o)
    0x08015900   0x08015900   0x0000001c   Code   RO         1867    i.net_arp_cache_run  Net_Dbg_CM3_L.lib(net_arp.o)
    0x0801591c   0x0801591c   0x00000078   Code   RO         1869    i.net_arp_enqueue   Net_Dbg_CM3_L.lib(net_arp.o)
    0x08015994   0x08015994   0x00000020   Code   RO         1871    i.net_arp_notify    Net_Dbg_CM3_L.lib(net_arp.o)
    0x080159b4   0x080159b4   0x00000224   Code   RO         1873    i.net_arp_process   Net_Dbg_CM3_L.lib(net_arp.o)
    0x08015bd8   0x08015bd8   0x00000042   Code   RO         2725    i.net_atoi          Net_Dbg_CM3_L.lib(net_common.o)
    0x08015c1a   0x08015c1a   0x00000002   PAD
    0x08015c1c   0x08015c1c   0x00000078   Code   RO         2791    i.net_base64_decode  Net_Dbg_CM3_L.lib(net_base64.o)
    0x08015c94   0x08015c94   0x00000030   Code   RO         2727    i.net_chksum_buf    Net_Dbg_CM3_L.lib(net_common.o)
    0x08015cc4   0x08015cc4   0x0000001e   Code   RO         2728    i.net_crc_buf       Net_Dbg_CM3_L.lib(net_common.o)
    0x08015ce2   0x08015ce2   0x00000002   PAD
    0x08015ce4   0x08015ce4   0x00000088   Code   RO         2252    i.net_dhcp6_client_init  Net_Dbg_CM3_L.lib(net_dhcp6_client.o)
    0x08015d6c   0x08015d6c   0x0000001c   Code   RO         2253    i.net_dhcp6_client_run  Net_Dbg_CM3_L.lib(net_dhcp6_client.o)
    0x08015d88   0x08015d88   0x0000000e   Code   RO         1804    i.net_eth_callback  Net_Dbg_CM3_L.lib(net_eth.o)
    0x08015d96   0x08015d96   0x00000068   Code   RO         1805    i.net_eth_config_mcast  Net_Dbg_CM3_L.lib(net_eth.o)
    0x08015dfe   0x08015dfe   0x000000ea   Code   RO         1807    i.net_eth_get_option  Net_Dbg_CM3_L.lib(net_eth.o)
    0x08015ee8   0x08015ee8   0x0000001c   Code   RO         1808    i.net_eth_iface_init  Net_Dbg_CM3_L.lib(net_eth.o)
    0x08015f04   0x08015f04   0x0000001c   Code   RO         1809    i.net_eth_iface_run  Net_Dbg_CM3_L.lib(net_eth.o)
    0x08015f20   0x08015f20   0x000000a8   Code   RO         1811    i.net_eth_output    Net_Dbg_CM3_L.lib(net_eth.o)
    0x08015fc8   0x08015fc8   0x000001e0   Code   RO         1812    i.net_eth_send_frame  Net_Dbg_CM3_L.lib(net_eth.o)
    0x080161a8   0x080161a8   0x00000270   Code   RO         1813    i.net_eth_set_option  Net_Dbg_CM3_L.lib(net_eth.o)
    0x08016418   0x08016418   0x000000e8   Code   RO         2347    i.net_http_server_init  Net_Dbg_CM3_L.lib(net_http_server.o)
    0x08016500   0x08016500   0x00000028   Code   RO         2348    i.net_http_server_run  Net_Dbg_CM3_L.lib(net_http_server.o)
    0x08016528   0x08016528   0x00000018   Code   RO         2042    i.net_icmp6_init    Net_Dbg_CM3_L.lib(net_icmp6.o)
    0x08016540   0x08016540   0x00000238   Code   RO         2043    i.net_icmp6_process  Net_Dbg_CM3_L.lib(net_icmp6.o)
    0x08016778   0x08016778   0x00000084   Code   RO         2044    i.net_icmp6_send    Net_Dbg_CM3_L.lib(net_icmp6.o)
    0x080167fc   0x080167fc   0x00000058   Code   RO         2045    i.net_icmp6_send_echo  Net_Dbg_CM3_L.lib(net_icmp6.o)
    0x08016854   0x08016854   0x00000018   Code   RO         2022    i.net_icmp_init     Net_Dbg_CM3_L.lib(net_icmp.o)
    0x0801686c   0x0801686c   0x000001c8   Code   RO         2023    i.net_icmp_process  Net_Dbg_CM3_L.lib(net_icmp.o)
    0x08016a34   0x08016a34   0x000000a0   Code   RO         2024    i.net_icmp_send_echo  Net_Dbg_CM3_L.lib(net_icmp.o)
    0x08016ad4   0x08016ad4   0x0000000c   Code   RO         2512    i.net_if_map_all    Net_Dbg_CM3_L.lib(net_sys.o)
    0x08016ae0   0x08016ae0   0x0000018c   Code   RO         2623    i.net_ip4_chk_frame  Net_Dbg_CM3_L.lib(net_ip4.o)
    0x08016c6c   0x08016c6c   0x0000002c   Code   RO         2624    i.net_ip4_chksum    Net_Dbg_CM3_L.lib(net_ip4.o)
    0x08016c98   0x08016c98   0x00000006   Code   RO         2625    i.net_ip4_chksum_buf  Net_Dbg_CM3_L.lib(net_ip4.o)
    0x08016c9e   0x08016c9e   0x00000002   PAD
    0x08016ca0   0x08016ca0   0x00000080   Code   RO         2627    i.net_ip4_find_route  Net_Dbg_CM3_L.lib(net_ip4.o)
    0x08016d20   0x08016d20   0x00000124   Code   RO         2001    i.net_ip4_frag_add  Net_Dbg_CM3_L.lib(net_ip4_frag.o)
    0x08016e44   0x08016e44   0x000000ac   Code   RO         2002    i.net_ip4_frag_get  Net_Dbg_CM3_L.lib(net_ip4_frag.o)
    0x08016ef0   0x08016ef0   0x00000010   Code   RO         2003    i.net_ip4_frag_init  Net_Dbg_CM3_L.lib(net_ip4_frag.o)
    0x08016f00   0x08016f00   0x0000003c   Code   RO         2004    i.net_ip4_frag_run  Net_Dbg_CM3_L.lib(net_ip4_frag.o)
    0x08016f3c   0x08016f3c   0x0000002c   Code   RO         2628    i.net_ip4_get_local  Net_Dbg_CM3_L.lib(net_ip4.o)
    0x08016f68   0x08016f68   0x00000024   Code   RO         2629    i.net_ip4_init      Net_Dbg_CM3_L.lib(net_ip4.o)
    0x08016f8c   0x08016f8c   0x00000020   Code   RO         2630    i.net_ip4_is_onlink  Net_Dbg_CM3_L.lib(net_ip4.o)
    0x08016fac   0x08016fac   0x00000026   Code   RO         2631    i.net_ip4_is_subcast  Net_Dbg_CM3_L.lib(net_ip4.o)
    0x08016fd2   0x08016fd2   0x0000000e   Code   RO         2632    i.net_ip4_reass_frame  Net_Dbg_CM3_L.lib(net_ip4.o)
    0x08016fe0   0x08016fe0   0x00000164   Code   RO         2633    i.net_ip4_send_frame  Net_Dbg_CM3_L.lib(net_ip4.o)
    0x08017144   0x08017144   0x0000002a   Code   RO         2635    i.net_ip4_tx_offl_hl  Net_Dbg_CM3_L.lib(net_ip4.o)
    0x0801716e   0x0801716e   0x00000002   PAD
    0x08017170   0x08017170   0x00000100   Code   RO         2661    i.net_ip6_chk_frame  Net_Dbg_CM3_L.lib(net_ip6.o)
    0x08017270   0x08017270   0x00000032   Code   RO         2662    i.net_ip6_chksum    Net_Dbg_CM3_L.lib(net_ip6.o)
    0x080172a2   0x080172a2   0x00000002   PAD
    0x080172a4   0x080172a4   0x0000007c   Code   RO         2663    i.net_ip6_collect_mcast  Net_Dbg_CM3_L.lib(net_ip6.o)
    0x08017320   0x08017320   0x00000048   Code   RO         2665    i.net_ip6_find_route  Net_Dbg_CM3_L.lib(net_ip6.o)
    0x08017368   0x08017368   0x00000054   Code   RO         2666    i.net_ip6_get_local  Net_Dbg_CM3_L.lib(net_ip6.o)
    0x080173bc   0x080173bc   0x0000001c   Code   RO         2667    i.net_ip6_init      Net_Dbg_CM3_L.lib(net_ip6.o)
    0x080173d8   0x080173d8   0x000000cc   Code   RO         2668    i.net_ip6_send_frame  Net_Dbg_CM3_L.lib(net_ip6.o)
    0x080174a4   0x080174a4   0x0000001e   Code   RO         2670    i.net_ip6_tx_offl_hl  Net_Dbg_CM3_L.lib(net_ip6.o)
    0x080174c2   0x080174c2   0x00000008   Code   RO         2729    i.net_itoa          Net_Dbg_CM3_L.lib(net_common.o)
    0x080174ca   0x080174ca   0x00000006   Code   RO         2731    i.net_itoa_n0       Net_Dbg_CM3_L.lib(net_common.o)
    0x080174d0   0x080174d0   0x00000030   Code   RO         1983    i.net_loop_iface_init  Net_Dbg_CM3_L.lib(net_loopback.o)
    0x08017500   0x08017500   0x000000bc   Code   RO         1984    i.net_loop_iface_run  Net_Dbg_CM3_L.lib(net_loopback.o)
    0x080175bc   0x080175bc   0x00000070   Code   RO         1986    i.net_loop_send_frame  Net_Dbg_CM3_L.lib(net_loopback.o)
    0x0801762c   0x0801762c   0x000000c0   Code   RO         2702    i.net_mem_alloc     Net_Dbg_CM3_L.lib(net_mem.o)
    0x080176ec   0x080176ec   0x0000001c   Code   RO         2703    i.net_mem_avail     Net_Dbg_CM3_L.lib(net_mem.o)
    0x08017708   0x08017708   0x000000a4   Code   RO         2704    i.net_mem_free      Net_Dbg_CM3_L.lib(net_mem.o)
    0x080177ac   0x080177ac   0x00000070   Code   RO         2705    i.net_mem_init      Net_Dbg_CM3_L.lib(net_mem.o)
    0x0801781c   0x0801781c   0x00000048   Code   RO         2706    i.net_mem_shrink    Net_Dbg_CM3_L.lib(net_mem.o)
    0x08017864   0x08017864   0x00000064   Code   RO         2285    i.net_nbns_client_init  Net_Dbg_CM3_L.lib(net_nbns_client.o)
    0x080178c8   0x080178c8   0x000001c4   Code   RO         1934    i.net_ndp_cache_find  Net_Dbg_CM3_L.lib(net_ndp.o)
    0x08017a8c   0x08017a8c   0x00000080   Code   RO         1935    i.net_ndp_cache_init  Net_Dbg_CM3_L.lib(net_ndp.o)
    0x08017b0c   0x08017b0c   0x00000078   Code   RO         1937    i.net_ndp_cache_refresh  Net_Dbg_CM3_L.lib(net_ndp.o)
    0x08017b84   0x08017b84   0x0000001c   Code   RO         1938    i.net_ndp_cache_run  Net_Dbg_CM3_L.lib(net_ndp.o)
    0x08017ba0   0x08017ba0   0x00000070   Code   RO         1940    i.net_ndp_enqueue   Net_Dbg_CM3_L.lib(net_ndp.o)
    0x08017c10   0x08017c10   0x00000374   Code   RO         1942    i.net_ndp_process   Net_Dbg_CM3_L.lib(net_ndp.o)
    0x08017f84   0x08017f84   0x00000038   Code   RO         2514    i.net_path          Net_Dbg_CM3_L.lib(net_sys.o)
    0x08017fbc   0x08017fbc   0x00000020   Code   RO         2485    i.net_ping_client_init  Net_Dbg_CM3_L.lib(net_ping_core.o)
    0x08017fdc   0x08017fdc   0x00000080   Code   RO         2486    i.net_ping_client_run  Net_Dbg_CM3_L.lib(net_ping_core.o)
    0x0801805c   0x0801805c   0x0000001c   Code   RO         2515    i.net_rand32        Net_Dbg_CM3_L.lib(net_sys.o)
    0x08018078   0x08018078   0x0000005c   Code   RO         2459    i.net_sntp_client_init  Net_Dbg_CM3_L.lib(net_sntp_client_core.o)
    0x080180d4   0x080180d4   0x00000058   Code   RO         2460    i.net_sntp_client_run  Net_Dbg_CM3_L.lib(net_sntp_client_core.o)
    0x0801812c   0x0801812c   0x00000148   Code   RO         2461    i.net_sntp_client_start  Net_Dbg_CM3_L.lib(net_sntp_client_core.o)
    0x08018274   0x08018274   0x0000002e   Code   RO         2732    i.net_strcasecmp    Net_Dbg_CM3_L.lib(net_common.o)
    0x080182a2   0x080182a2   0x00000016   Code   RO         2733    i.net_strchr        Net_Dbg_CM3_L.lib(net_common.o)
    0x080182b8   0x080182b8   0x0000001a   Code   RO         2734    i.net_strcmp        Net_Dbg_CM3_L.lib(net_common.o)
    0x080182d2   0x080182d2   0x00000012   Code   RO         2735    i.net_strcpy        Net_Dbg_CM3_L.lib(net_common.o)
    0x080182e4   0x080182e4   0x0000001c   Code   RO         2737    i.net_strnchr       Net_Dbg_CM3_L.lib(net_common.o)
    0x08018300   0x08018300   0x0000001a   Code   RO         2738    i.net_strncpy       Net_Dbg_CM3_L.lib(net_common.o)
    0x0801831a   0x0801831a   0x00000020   Code   RO         2739    i.net_strtoupper    Net_Dbg_CM3_L.lib(net_common.o)
    0x0801833a   0x0801833a   0x00000002   PAD
    0x0801833c   0x0801833c   0x0000000c   Code   RO         2516    i.net_sys_lock      Net_Dbg_CM3_L.lib(net_sys.o)
    0x08018348   0x08018348   0x00000016   Code   RO         2517    i.net_sys_resume    Net_Dbg_CM3_L.lib(net_sys.o)
    0x0801835e   0x0801835e   0x00000002   PAD
    0x08018360   0x08018360   0x00000014   Code   RO         2519    i.net_sys_tick      Net_Dbg_CM3_L.lib(net_sys.o)
    0x08018374   0x08018374   0x0000000c   Code   RO         2520    i.net_sys_unlock    Net_Dbg_CM3_L.lib(net_sys.o)
    0x08018380   0x08018380   0x00000020   Code   RO         2522    i.net_sys_wakeup    Net_Dbg_CM3_L.lib(net_sys.o)
    0x080183a0   0x080183a0   0x00000084   Code   RO         2135    i.net_tcp_abort     Net_Dbg_CM3_L.lib(net_tcp.o)
    0x08018424   0x08018424   0x000000e4   Code   RO         2138    i.net_tcp_close     Net_Dbg_CM3_L.lib(net_tcp.o)
    0x08018508   0x08018508   0x0000002e   Code   RO         2141    i.net_tcp_get_buf   Net_Dbg_CM3_L.lib(net_tcp.o)
    0x08018536   0x08018536   0x00000002   PAD
    0x08018538   0x08018538   0x00000034   Code   RO         2143    i.net_tcp_get_local_port  Net_Dbg_CM3_L.lib(net_tcp.o)
    0x0801856c   0x0801856c   0x00000028   Code   RO         2144    i.net_tcp_get_mss   Net_Dbg_CM3_L.lib(net_tcp.o)
    0x08018594   0x08018594   0x00000054   Code   RO         2146    i.net_tcp_get_peer  Net_Dbg_CM3_L.lib(net_tcp.o)
    0x080185e8   0x080185e8   0x00000070   Code   RO         2148    i.net_tcp_get_socket  Net_Dbg_CM3_L.lib(net_tcp.o)
    0x08018658   0x08018658   0x0000002c   Code   RO         2149    i.net_tcp_get_state  Net_Dbg_CM3_L.lib(net_tcp.o)
    0x08018684   0x08018684   0x00000034   Code   RO         2150    i.net_tcp_get_timer  Net_Dbg_CM3_L.lib(net_tcp.o)
    0x080186b8   0x080186b8   0x000000b0   Code   RO         2151    i.net_tcp_listen    Net_Dbg_CM3_L.lib(net_tcp.o)
    0x08018768   0x08018768   0x000007a8   Code   RO         2153    i.net_tcp_process   Net_Dbg_CM3_L.lib(net_tcp.o)
    0x08018f10   0x08018f10   0x0000015c   Code   RO         2157    i.net_tcp_send      Net_Dbg_CM3_L.lib(net_tcp.o)
    0x0801906c   0x0801906c   0x0000012c   Code   RO         2159    i.net_tcp_set_option  Net_Dbg_CM3_L.lib(net_tcp.o)
    0x08019198   0x08019198   0x00000028   Code   RO         2160    i.net_tcp_socket_init  Net_Dbg_CM3_L.lib(net_tcp.o)
    0x080191c0   0x080191c0   0x000003c0   Code   RO         2161    i.net_tcp_socket_run  Net_Dbg_CM3_L.lib(net_tcp.o)
    0x08019580   0x08019580   0x00000048   Code   RO         2069    i.net_udp_close     Net_Dbg_CM3_L.lib(net_udp.o)
    0x080195c8   0x080195c8   0x0000002e   Code   RO         2072    i.net_udp_get_buf   Net_Dbg_CM3_L.lib(net_udp.o)
    0x080195f6   0x080195f6   0x00000002   PAD
    0x080195f8   0x080195f8   0x00000070   Code   RO         2075    i.net_udp_get_socket  Net_Dbg_CM3_L.lib(net_udp.o)
    0x08019668   0x08019668   0x000000ac   Code   RO         2077    i.net_udp_open      Net_Dbg_CM3_L.lib(net_udp.o)
    0x08019714   0x08019714   0x00000158   Code   RO         2078    i.net_udp_process   Net_Dbg_CM3_L.lib(net_udp.o)
    0x0801986c   0x0801986c   0x00000012   Code   RO         2080    i.net_udp_send      Net_Dbg_CM3_L.lib(net_udp.o)
    0x0801987e   0x0801987e   0x00000002   PAD
    0x08019880   0x08019880   0x0000022c   Code   RO         2081    i.net_udp_send_if   Net_Dbg_CM3_L.lib(net_udp.o)
    0x08019aac   0x08019aac   0x00000024   Code   RO         2083    i.net_udp_socket_init  Net_Dbg_CM3_L.lib(net_udp.o)
    0x08019ad0   0x08019ad0   0x00000008   Code   RO         2740    i.net_ultoa         Net_Dbg_CM3_L.lib(net_common.o)
    0x08019ad8   0x08019ad8   0x00000030   Code   RO         2743    i.net_ultox         Net_Dbg_CM3_L.lib(net_common.o)
    0x08019b08   0x08019b08   0x0000004c   Code   RO         2744    i.net_xtoul         Net_Dbg_CM3_L.lib(net_common.o)
    0x08019b54   0x08019b54   0x0000001c   Code   RO         2489    i.ping_send_req     Net_Dbg_CM3_L.lib(net_ping_core.o)
    0x08019b70   0x08019b70   0x00000104   Code   RO         2255    i.proc_opt_ia_na    Net_Dbg_CM3_L.lib(net_dhcp6_client.o)
    0x08019c74   0x08019c74   0x00000058   Code   RO         2351    i.proc_req_line     Net_Dbg_CM3_L.lib(net_http_server.o)
    0x08019ccc   0x08019ccc   0x0000001a   Code   RO         2006    i.que_free_list     Net_Dbg_CM3_L.lib(net_ip4_frag.o)
    0x08019ce6   0x08019ce6   0x000000a0   Code   RO         2352    i.read_script_line  Net_Dbg_CM3_L.lib(net_http_server.o)
    0x08019d86   0x08019d86   0x00000048   Code   RO         2353    i.search_delim      Net_Dbg_CM3_L.lib(net_http_server.o)
    0x08019dce   0x08019dce   0x00000070   Code   RO         2256    i.select_server     Net_Dbg_CM3_L.lib(net_dhcp6_client.o)
    0x08019e3e   0x08019e3e   0x00000002   PAD
    0x08019e40   0x08019e40   0x000000fc   Code   RO         2463    i.sntp_listener     Net_Dbg_CM3_L.lib(net_sntp_client_core.o)
    0x08019f3c   0x08019f3c   0x0000003c   Code   RO         2464    i.sntp_send_message  Net_Dbg_CM3_L.lib(net_sntp_client_core.o)
    0x08019f78   0x08019f78   0x00000018   Code   RO         2466    i.sntp_stop         Net_Dbg_CM3_L.lib(net_sntp_client_core.o)
    0x08019f90   0x08019f90   0x00000018   Code   RO         2523    i.sys_map_if        Net_Dbg_CM3_L.lib(net_sys.o)
    0x08019fa8   0x08019fa8   0x0000004c   Code   RO         2524    i.sys_proc_tick     Net_Dbg_CM3_L.lib(net_sys.o)
    0x08019ff4   0x08019ff4   0x00000110   Code   RO         2163    i.tcp_map_socket    Net_Dbg_CM3_L.lib(net_tcp.o)
    0x0801a104   0x0801a104   0x00000084   Code   RO         2164    i.tcp_parse_opt     Net_Dbg_CM3_L.lib(net_tcp.o)
    0x0801a188   0x0801a188   0x0000011c   Code   RO         2165    i.tcp_proc_acknr    Net_Dbg_CM3_L.lib(net_tcp.o)
    0x0801a2a4   0x0801a2a4   0x000000ac   Code   RO         2166    i.tcp_proc_dupack   Net_Dbg_CM3_L.lib(net_tcp.o)
    0x0801a350   0x0801a350   0x0000001a   Code   RO         2167    i.tcp_que_free      Net_Dbg_CM3_L.lib(net_tcp.o)
    0x0801a36a   0x0801a36a   0x0000001a   Code   RO         2168    i.tcp_que_init      Net_Dbg_CM3_L.lib(net_tcp.o)
    0x0801a384   0x0801a384   0x000000ac   Code   RO         2169    i.tcp_que_resend    Net_Dbg_CM3_L.lib(net_tcp.o)
    0x0801a430   0x0801a430   0x00000090   Code   RO         2170    i.tcp_send_ctrl     Net_Dbg_CM3_L.lib(net_tcp.o)
    0x0801a4c0   0x0801a4c0   0x0000007c   Code   RO         2171    i.tcp_send_data     Net_Dbg_CM3_L.lib(net_tcp.o)
    0x0801a53c   0x0801a53c   0x00000090   Code   RO         2172    i.tcp_send_reset    Net_Dbg_CM3_L.lib(net_tcp.o)
    0x0801a5cc   0x0801a5cc   0x00000044   Code   RO         2173    i.tcp_set_cwnd      Net_Dbg_CM3_L.lib(net_tcp.o)
    0x0801a610   0x0801a610   0x00000074   Code   RO         2174    i.tcp_transit       Net_Dbg_CM3_L.lib(net_tcp.o)
    0x0801a684   0x0801a684   0x0000010c   Code   RO         2175    i.tcp_write         Net_Dbg_CM3_L.lib(net_tcp.o)
    0x0801a790   0x0801a790   0x0000002c   Code   RO         2085    i.udp_port_in_use   Net_Dbg_CM3_L.lib(net_udp.o)
    0x0801a7bc   0x0801a7bc   0x00000044   Code   RO         2745    i.ul2str            Net_Dbg_CM3_L.lib(net_common.o)
    0x0801a800   0x0801a800   0x00000124   Code   RO         2354    i.utc_to_http       Net_Dbg_CM3_L.lib(net_http_server.o)
    0x0801a924   0x0801a924   0x00000024   Data   RO          194    .constdata          http_server.o
    0x0801a948   0x0801a948   0x00000004   Data   RO          278    .constdata          web.o
    0x0801a94c   0x0801a94c   0x00006532   Data   RO          279    .constdata          web.o
    0x08020e7e   0x08020e7e   0x00000002   PAD
    0x08020e80   0x08020e80   0x000000a0   Data   RO          280    .constdata          web.o
    0x08020f20   0x08020f20   0x00000960   Data   RO          302    .constdata          lcd.o
    0x08021880   0x08021880   0x00000024   Data   RO          590    .constdata          rtx_lib.o
    0x080218a4   0x080218a4   0x00000024   Data   RO          591    .constdata          rtx_lib.o
    0x080218c8   0x080218c8   0x00000018   Data   RO          592    .constdata          rtx_lib.o
    0x080218e0   0x080218e0   0x00000004   Data   RO          594    .constdata          rtx_lib.o
    0x080218e4   0x080218e4   0x00000004   Data   RO          930    .constdata          phy_lan8742a.o
    0x080218e8   0x080218e8   0x00000020   Data   RO          931    .constdata          phy_lan8742a.o
    0x08021908   0x08021908   0x00000050   Data   RO          958    .constdata          emac_stm32f4xx.o
    0x08021958   0x08021958   0x00000044   Data   RO          959    .constdata          emac_stm32f4xx.o
    0x0802199c   0x0802199c   0x00000038   Data   RO          997    .constdata          i2c_stm32f4xx.o
    0x080219d4   0x080219d4   0x00000034   Data   RO         1033    .constdata          spi_stm32f4xx.o
    0x08021a08   0x08021a08   0x00000010   Data   RO         1034    .constdata          spi_stm32f4xx.o
    0x08021a18   0x08021a18   0x00000010   Data   RO         1035    .constdata          spi_stm32f4xx.o
    0x08021a28   0x08021a28   0x0000002c   Data   RO         1036    .constdata          spi_stm32f4xx.o
    0x08021a54   0x08021a54   0x00000018   Data   RO         1072    .constdata          eventrecorder.o
    0x08021a6c   0x08021a6c   0x00000008   Data   RO         1240    .constdata          stm32f4xx_hal_dma.o
    0x08021a74   0x08021a74   0x00000010   Data   RO         1632    .constdata          system_stm32f4xx_1.o
    0x08021a84   0x08021a84   0x00000008   Data   RO         1633    .constdata          system_stm32f4xx_1.o
    0x08021a8c   0x08021a8c   0x000000a8   Data   RO         1678    .constdata          net_config.o
    0x08021b34   0x08021b34   0x0000001c   Data   RO         1679    .constdata          net_config.o
    0x08021b50   0x08021b50   0x00000014   Data   RO         1680    .constdata          net_config.o
    0x08021b64   0x08021b64   0x0000000c   Data   RO         1681    .constdata          net_config.o
    0x08021b70   0x08021b70   0x00000028   Data   RO         1682    .constdata          net_config.o
    0x08021b98   0x08021b98   0x00000010   Data   RO         1683    .constdata          net_config.o
    0x08021ba8   0x08021ba8   0x0000000c   Data   RO         1684    .constdata          net_config.o
    0x08021bb4   0x08021bb4   0x00000014   Data   RO         1685    .constdata          net_config.o
    0x08021bc8   0x08021bc8   0x00000020   Data   RO         1686    .constdata          net_config.o
    0x08021be8   0x08021be8   0x0000002c   Data   RO         1687    .constdata          net_config.o
    0x08021c14   0x08021c14   0x00000008   Data   RO         1688    .constdata          net_config.o
    0x08021c1c   0x08021c1c   0x00000008   Data   RO         1689    .constdata          net_config.o
    0x08021c24   0x08021c24   0x00000008   Data   RO         1690    .constdata          net_config.o
    0x08021c2c   0x08021c2c   0x00000008   Data   RO         1691    .constdata          net_config.o
    0x08021c34   0x08021c34   0x00000008   Data   RO         1692    .constdata          net_config.o
    0x08021c3c   0x08021c3c   0x00000008   Data   RO         1693    .constdata          net_config.o
    0x08021c44   0x08021c44   0x00000008   Data   RO         1694    .constdata          net_config.o
    0x08021c4c   0x08021c4c   0x00000008   Data   RO         1695    .constdata          net_config.o
    0x08021c54   0x08021c54   0x00000008   Data   RO         1696    .constdata          net_config.o
    0x08021c5c   0x08021c5c   0x00000008   Data   RO         1697    .constdata          net_config.o
    0x08021c64   0x08021c64   0x00000008   Data   RO         1698    .constdata          net_config.o
    0x08021c6c   0x08021c6c   0x0000000c   Data   RO         1699    .constdata          net_config.o
    0x08021c78   0x08021c78   0x00000018   Data   RO         1700    .constdata          net_config.o
    0x08021c90   0x08021c90   0x00000034   Data   RO         1701    .constdata          net_config.o
    0x08021cc4   0x08021cc4   0x00000008   Data   RO         1702    .constdata          net_config.o
    0x08021ccc   0x08021ccc   0x00000034   Data   RO         1703    .constdata          net_config.o
    0x08021d00   0x08021d00   0x0000002c   Data   RO         1704    .constdata          net_config.o
    0x08021d2c   0x08021d2c   0x00000010   Data   RO         1706    .constdata          net_config.o
    0x08021d3c   0x08021d3c   0x00000010   Data   RO         1707    .constdata          net_config.o
    0x08021d4c   0x08021d4c   0x0000002c   Data   RO         1987    .constdata          Net_Dbg_CM3_L.lib(net_loopback.o)
    0x08021d78   0x08021d78   0x0000000c   Data   RO         1988    .constdata          Net_Dbg_CM3_L.lib(net_loopback.o)
    0x08021d84   0x08021d84   0x00000010   Data   RO         2261    .constdata          Net_Dbg_CM3_L.lib(net_dhcp6_client.o)
    0x08021d94   0x08021d94   0x00000008   Data   RO         2287    .constdata          Net_Dbg_CM3_L.lib(net_nbns_client.o)
    0x08021d9c   0x08021d9c   0x000000fa   Data   RO         2356    .constdata          Net_Dbg_CM3_L.lib(net_http_server.o)
    0x08021e96   0x08021e96   0x00000002   PAD
    0x08021e98   0x08021e98   0x00000018   Data   RO         2435    .constdata          Net_Dbg_CM3_L.lib(net_http_server_auth.o)
    0x08021eb0   0x08021eb0   0x00000012   Data   RO         2491    .constdata          Net_Dbg_CM3_L.lib(net_ping_core.o)
    0x08021ec2   0x08021ec2   0x00000010   Data   RO         2584    .constdata          Net_Dbg_CM3_L.lib(net_addr.o)
    0x08021ed2   0x08021ed2   0x00000006   Data   RO         2585    .constdata          Net_Dbg_CM3_L.lib(net_addr.o)
    0x08021ed8   0x08021ed8   0x00000004   Data   RO         2637    .constdata          Net_Dbg_CM3_L.lib(net_ip4.o)
    0x08021edc   0x08021edc   0x00000020   Data   RO         2672    .constdata          Net_Dbg_CM3_L.lib(net_ip6.o)
    0x08021efc   0x08021efc   0x00000010   Data   RO         2673    .constdata          Net_Dbg_CM3_L.lib(net_ip6.o)
    0x08021f0c   0x08021f0c   0x00000018   Data   RO         2692    .constdata          Net_Dbg_CM3_L.lib(net_http_server_err.o)
    0x08021f24   0x08021f24   0x00000010   Data   RO         2746    .constdata          Net_Dbg_CM3_L.lib(net_common.o)
    0x08021f34   0x08021f34   0x00000090   Data   RO         2793    .constdata          Net_Dbg_CM3_L.lib(net_base64.o)
    0x08021fc4   0x08021fc4   0x00000004   Data   RO         2802    .constdata          Net_Dbg_CM3_L.lib(net_version.o)
    0x08021fc8   0x08021fc8   0x0000000c   Data   RO         2822    .constdata          mc_w.l(localtime.o)
    0x08021fd4   0x08021fd4   0x00000056   Data   RO         2825    .constdata          mc_w.l(strftime.o)
    0x0802202a   0x0802202a   0x00000002   PAD
    0x0802202c   0x0802202c   0x000000da   Data   RO          240    .conststring        http_server_cgi.o
    0x08022106   0x08022106   0x00000002   PAD
    0x08022108   0x08022108   0x00000078   Data   RO         1708    .conststring        net_config.o
    0x08022180   0x08022180   0x0000000d   Data   RO         1709    .conststring        net_config.o
    0x0802218d   0x0802218d   0x00000003   PAD
    0x08022190   0x08022190   0x00000040   Data   RO         1710    .conststring        net_config.o
    0x080221d0   0x080221d0   0x0000003d   Data   RO         1711    .conststring        net_config.o
    0x0802220d   0x0802220d   0x00000003   PAD
    0x08022210   0x08022210   0x0000001d   Data   RO         1712    .conststring        net_config.o
    0x0802222d   0x0802222d   0x00000003   PAD
    0x08022230   0x08022230   0x0000000f   Data   RO         1713    .conststring        net_config.o
    0x0802223f   0x0802223f   0x00000001   PAD
    0x08022240   0x08022240   0x00000203   Data   RO         2693    .conststring        Net_Dbg_CM3_L.lib(net_http_server_err.o)
    0x08022443   0x08022443   0x00000001   PAD
    0x08022444   0x08022444   0x0000000b   Data   RO          535    .conststrlit        rtx_kernel.o
    0x0802244f   0x0802244f   0x00000001   PAD
    0x08022450   0x08022450   0x000000a8   Data   RO          595    .rodata             rtx_lib.o
    0x080224f8   0x080224f8   0x00000030   Data   RO         3142    Region$$Table       anon$$obj.o


    Execution Region RW_IRAM2 (Exec base: 0x10000000, Load base: 0x08022654, Size: 0x000004a4, Max: 0x00010000, ABSOLUTE)

    Exec Addr    Load Addr    Size         Type   Attr      Idx    E Section Name        Object

    0x10000000        -       0x000004a4   Zero   RW         1071    .bss.noinit         eventrecorder.o


    Execution Region RW_IRAM1 (Exec base: 0x20000000, Load base: 0x08022528, Size: 0x0000f7f8, Max: 0x00030000, ABSOLUTE, COMPRESSED[0x0000012c])

    Exec Addr    Load Addr    Size         Type   Attr      Idx    E Section Name        Object

    0x20000000   COMPRESSED   0x00008000   Data   RW          582    .bss.os             rtx_lib.o
    0x20008000   COMPRESSED   0x00000040   Data   RW          583    .bss.os             rtx_lib.o
    0x20008040   COMPRESSED   0x00000001   Data   RW          882    .bss.os             os_systick.o
    0x20008041   COMPRESSED   0x00000003   PAD
    0x20008044   COMPRESSED   0x00000034   Data   RW          584    .bss.os.msgqueue.cb  rtx_lib.o
    0x20008078   COMPRESSED   0x00000050   Data   RW          585    .bss.os.msgqueue.mem  rtx_lib.o
    0x200080c8   COMPRESSED   0x0000001c   Data   RW         1672    .bss.os.mutex.cb    net_config.o
    0x200080e4   COMPRESSED   0x0000001c   Data   RW         1673    .bss.os.mutex.cb    net_config.o
    0x20008100   COMPRESSED   0x00000010   Data   RW         1674    .bss.os.semaphore.cb  net_config.o
    0x20008110   COMPRESSED   0x00000044   Data   RW          586    .bss.os.thread.cb   rtx_lib.o
    0x20008154   COMPRESSED   0x00000044   Data   RW          587    .bss.os.thread.cb   rtx_lib.o
    0x20008198   COMPRESSED   0x00000044   Data   RW         1675    .bss.os.thread.cb   net_config.o
    0x200081dc   COMPRESSED   0x00000044   Data   RW         1676    .bss.os.thread.cb   net_config.o
    0x20008220   COMPRESSED   0x00000200   Data   RW          588    .bss.os.thread.idle.stack  rtx_lib.o
    0x20008420   COMPRESSED   0x00000200   Data   RW          589    .bss.os.thread.timer.stack  rtx_lib.o
    0x20008620   COMPRESSED   0x00000020   Data   RW         1677    .bss.os.timer.cb    net_config.o
    0x20008640   COMPRESSED   0x00000004   Data   RW            5    .data               main.o
    0x20008644   COMPRESSED   0x00000001   Data   RW          196    .data               http_server.o
    0x20008645   COMPRESSED   0x00000003   PAD
    0x20008648   COMPRESSED   0x00000004   Data   RW          197    .data               http_server.o
    0x2000864c   COMPRESSED   0x00000001   Data   RW          241    .data               http_server_cgi.o
    0x2000864d   COMPRESSED   0x00000003   PAD
    0x20008650   COMPRESSED   0x00000008   Data   RW          303    .data               lcd.o
    0x20008658   COMPRESSED   0x00000004   Data   RW          348    .data               rtc.o
    0x2000865c   COMPRESSED   0x00000010   Data   RW          379    .data               sntp.o
    0x2000866c   COMPRESSED   0x00000004   Data   RW         1102    .data               retarget_io.o
    0x20008670   COMPRESSED   0x0000000c   Data   RW         1134    .data               stm32f4xx_hal.o
    0x2000867c   COMPRESSED   0x00000004   Data   RW         1634    .data               system_stm32f4xx_1.o
    0x20008680   COMPRESSED   0x00000004   Data   RW         1714    .data               net_config.o
    0x20008684   COMPRESSED   0x00000006   Data   RW         1715    .data               net_config.o
    0x2000868a   COMPRESSED   0x00000004   Data   RW         1716    .data               net_config.o
    0x2000868e   COMPRESSED   0x00000002   PAD
    0x20008690   COMPRESSED   0x00000004   Data   RW         1989    .data               Net_Dbg_CM3_L.lib(net_loopback.o)
    0x20008694   COMPRESSED   0x00000004   Data   RW         2007    .data               Net_Dbg_CM3_L.lib(net_ip4_frag.o)
    0x20008698   COMPRESSED   0x00000001   Data   RW         2025    .data               Net_Dbg_CM3_L.lib(net_icmp.o)
    0x20008699   COMPRESSED   0x00000001   Data   RW         2046    .data               Net_Dbg_CM3_L.lib(net_icmp6.o)
    0x2000869a   COMPRESSED   0x00000002   Data   RW         2087    .data               Net_Dbg_CM3_L.lib(net_udp.o)
    0x2000869c   COMPRESSED   0x00000004   Data   RW         2178    .data               Net_Dbg_CM3_L.lib(net_tcp.o)
    0x200086a0   COMPRESSED   0x00000002   Data   RW         2262    .data               Net_Dbg_CM3_L.lib(net_dhcp6_client.o)
    0x200086a2   COMPRESSED   0x00000001   Data   RW         2288    .data               Net_Dbg_CM3_L.lib(net_nbns_client.o)
    0x200086a3   COMPRESSED   0x00000001   PAD
    0x200086a4   COMPRESSED   0x0000000c   Data   RW         2357    .data               Net_Dbg_CM3_L.lib(net_http_server.o)
    0x200086b0   COMPRESSED   0x00000008   Data   RW         2638    .data               Net_Dbg_CM3_L.lib(net_ip4.o)
    0x200086b8   COMPRESSED   0x00000004   Data   RW         2674    .data               Net_Dbg_CM3_L.lib(net_ip6.o)
    0x200086bc   COMPRESSED   0x00000004   Data   RW         2816    .data               mc_w.l(stdout.o)
    0x200086c0   COMPRESSED   0x00000004   Data   RW         2817    .data               mc_w.l(stderr.o)
    0x200086c4   COMPRESSED   0x000000a4   Data   RW          536    .data.os            rtx_kernel.o
    0x20008768        -       0x00000400   Zero   RW          193    .bss                http_server.o
    0x20008b68        -       0x00000038   Zero   RW          239    .bss                http_server_cgi.o
    0x20008ba0        -       0x0000025c   Zero   RW          301    .bss                lcd.o
    0x20008dfc        -       0x000000d4   Zero   RW          347    .bss                rtc.o
    0x20008ed0        -       0x0000000c   Zero   RW          929    .bss                phy_lan8742a.o
    0x20008edc        -       0x000024cc   Zero   RW          957    .bss                emac_stm32f4xx.o
    0x2000b3a8        -       0x00000028   Zero   RW          996    .bss                i2c_stm32f4xx.o
    0x2000b3d0        -       0x00000010   Zero   RW         1031    .bss                spi_stm32f4xx.o
    0x2000b3e0        -       0x0000001c   Zero   RW         1032    .bss                spi_stm32f4xx.o
    0x2000b3fc   COMPRESSED   0x00000004   PAD
    0x2000b400        -       0x00000400   Zero   RW         1661    .bss                net_config.o
    0x2000b800        -       0x00000400   Zero   RW         1662    .bss                net_config.o
    0x2000bc00        -       0x00002ee0   Zero   RW         1663    .bss                net_config.o
    0x2000eae0        -       0x000000c8   Zero   RW         1664    .bss                net_config.o
    0x2000eba8        -       0x00000018   Zero   RW         1665    .bss                net_config.o
    0x2000ebc0        -       0x000000a0   Zero   RW         1666    .bss                net_config.o
    0x2000ec60        -       0x00000064   Zero   RW         1667    .bss                net_config.o
    0x2000ecc4        -       0x00000028   Zero   RW         1668    .bss                net_config.o
    0x2000ecec        -       0x00000050   Zero   RW         1669    .bss                net_config.o
    0x2000ed3c        -       0x00000228   Zero   RW         1670    .bss                net_config.o
    0x2000ef64        -       0x00000150   Zero   RW         1671    .bss                net_config.o
    0x2000f0b4        -       0x000000a0   Zero   RW         1814    .bss                Net_Dbg_CM3_L.lib(net_eth.o)
    0x2000f154        -       0x00000018   Zero   RW         1874    .bss                Net_Dbg_CM3_L.lib(net_arp.o)
    0x2000f16c        -       0x00000044   Zero   RW         1943    .bss                Net_Dbg_CM3_L.lib(net_ndp.o)
    0x2000f1b0        -       0x0000001c   Zero   RW         2086    .bss                Net_Dbg_CM3_L.lib(net_udp.o)
    0x2000f1cc        -       0x00000044   Zero   RW         2257    .bss                Net_Dbg_CM3_L.lib(net_dhcp6_client.o)
    0x2000f210        -       0x00000098   Zero   RW         2355    .bss                Net_Dbg_CM3_L.lib(net_http_server.o)
    0x2000f2a8        -       0x0000002c   Zero   RW         2467    .bss                Net_Dbg_CM3_L.lib(net_sntp_client_core.o)
    0x2000f2d4        -       0x0000002c   Zero   RW         2490    .bss                Net_Dbg_CM3_L.lib(net_ping_core.o)
    0x2000f300        -       0x00000038   Zero   RW         2525    .bss                Net_Dbg_CM3_L.lib(net_sys.o)
    0x2000f338        -       0x00000024   Zero   RW         2526    .bss                Net_Dbg_CM3_L.lib(net_sys.o)
    0x2000f35c        -       0x0000005c   Zero   RW         2583    .bss                Net_Dbg_CM3_L.lib(net_addr.o)
    0x2000f3b8        -       0x00000014   Zero   RW         2708    .bss                Net_Dbg_CM3_L.lib(net_mem.o)
    0x2000f3cc        -       0x0000002c   Zero   RW         2821    .bss                mc_w.l(localtime.o)
    0x2000f3f8        -       0x00000400   Zero   RW         1621    STACK               startup_stm32f429xx.o


==============================================================================

Image component sizes


      Code (inc. data)   RO Data    RW Data    ZI Data      Debug   Object Name

      2552        158        148          0       9420      47618   emac_stm32f4xx.o
      1452         40         24          0       1188      17460   eventrecorder.o
        44          4         36          5       1024       1921   http_server.o
       820         88        218          1         56       7277   http_server_cgi.o
      4744         98         56          0         40      17998   i2c_stm32f4xx.o
       148          8          0          0          0        612   irq_armv7m.o
       988         36       2400          8        604       9437   lcd.o
       356         28          0          4          0     809239   main.o
       364         24       1006        254      15540      32619   net_config.o
       338          0          0          0          0        822   net_debug.o
       196         12          0          1          0       1992   os_systick.o
       428         10         36          0         12       6922   phy_lan8742a.o
       240         60          0          4          0       4087   retarget_io.o
       544        116          0          4        212       2758   rtc.o
         4          0          0          0          0        567   rtx_config.o
       260         14          0          0          0      17878   rtx_delay.o
      2404         88          0          0          0      45314   rtx_evr.o
      1752         98         11        164          0      28052   rtx_kernel.o
         0          0        268      34124          0       9214   rtx_lib.o
       292          0          0          0          0       3791   rtx_memory.o
      1984         48          0          0          0      15156   rtx_mempool.o
      2820         58          0          0          0      23676   rtx_msgqueue.o
      1368         30          0          0          0      10126   rtx_mutex.o
      1432         34          0          0          0      11884   rtx_semaphore.o
       668         18          0          0          0       8465   rtx_system.o
      4828        124          0          0          0      33211   rtx_thread.o
      1152         34          0          0          0      10233   rtx_timer.o
       432        170          0         16          0       2303   sntp.o
      3436        100        128          0         44      45063   spi_stm32f4xx.o
        36          8        428          0       1024        804   startup_stm32f429xx.o
       456         38          0         12          0      11391   stm32f4xx_hal.o
       664         10          0          0          0      36074   stm32f4xx_hal_cortex.o
      1820         28          8          0          0       7709   stm32f4xx_hal_dma.o
       904         54          0          0          0       3779   stm32f4xx_hal_gpio.o
       392         20          0          0          0       3715   stm32f4xx_hal_pwr.o
      1876         66          0          0          0       6115   stm32f4xx_hal_rcc.o
      1508         80          0          0          0       4645   stm32f4xx_hal_rcc_ex.o
      2404         26          0          0          0       9629   stm32f4xx_hal_rtc.o
      2748         20          0          0          0      13849   stm32f4xx_hal_rtc_ex.o
     12740        296          0          0          0      45954   stm32f4xx_hal_tim.o
      4984        154          0          0          0      18131   stm32f4xx_hal_tim_ex.o
       136         16         24          4          0       1633   system_stm32f4xx_1.o
       120         10      26070          0          0       1716   web.o

    ----------------------------------------------------------------------
     66834       2324      30924      34612      29168    1390839   Object Totals
         0          0         48          0          0          0   (incl. Generated)
         0          0         15         11          4          0   (incl. Padding)

    ----------------------------------------------------------------------

      Code (inc. data)   RO Data    RW Data    ZI Data      Debug   Library Member Name

      1458         18         22          0         92       1624   net_addr.o
      2874        144          0          0         24       1548   net_arp.o
       120          6        144          0          0         84   net_base64.o
       622         10         16          0          0       1340   net_common.o
      3454        144         16          2         68        944   net_dhcp6_client.o
      3664        138          0          0        160       1600   net_eth.o
      6690       1238        250         12        152       2568   net_http_server.o
       266         66         24          0          0        368   net_http_server_auth.o
         0          0        539          0          0          0   net_http_server_err.o
       640         48          0          1          0        236   net_icmp.o
       812         60          0          1          0        332   net_icmp6.o
      1188         82          4          8          0        956   net_ip4.o
       690         30          0          4          0        476   net_ip4_frag.o
       848         72         48          4          0        644   net_ip6.o
       348         28         56          4          0        256   net_loopback.o
       592         64          0          0         20        564   net_mem.o
       520         44          8          1          0        188   net_nbns_client.o
      4150        176          0          0         68       1848   net_ndp.o
       188         32         18          0         44        220   net_ping_core.o
       872         70          0          0         44        584   net_sntp_client_core.o
       834         84          0          0         92       1012   net_sys.o
      6566        282          0          4          0       2728   net_tcp.o
      1400         80          0          2         28        772   net_udp.o
         0          0          4          0          0          0   net_version.o
        58          0          0          0          0          0   __dczerorl.o
         0          0          0          0          0          0   entry.o
         0          0          0          0          0          0   entry10a.o
         0          0          0          0          0          0   entry11a.o
         4          0          0          0          0          0   entry12b.o
         8          4          0          0          0          0   entry2.o
         4          0          0          0          0          0   entry5.o
         0          0          0          0          0          0   entry7b.o
         0          0          0          0          0          0   entry8b.o
         8          4          0          0          0          0   entry9a.o
        24          0          0          0          0         80   fputs.o
        30          0          0          0          0          0   handlers.o
        36          8          0          0          0         68   init.o
        30          0          0          0          0         68   llshl.o
        32          0          0          0          0         68   llushr.o
       148         10         12          0         44         76   localtime.o
        26          0          0          0          0         80   memcmp.o
        36          0          0          0          0         68   memcpya.o
        36          0          0          0          0        108   memseta.o
      1192         60          0          0          0        504   printf8.o
         0          0          0          4          0          0   stderr.o
         0          0          0          4          0          0   stdout.o
        28          0          0          0          0         76   strcmp.o
       916        264         86          0          0        144   strftime.o
        14          0          0          0          0         68   strlen.o
        98          0          0          0          0         92   uldiv.o

    ----------------------------------------------------------------------
     41574       3266       1252         52        836      22392   Library Totals
        50          0          5          1          0          0   (incl. Padding)

    ----------------------------------------------------------------------

      Code (inc. data)   RO Data    RW Data    ZI Data      Debug   Library Name

     38796       2916       1149         43        792      20892   Net_Dbg_CM3_L.lib
      2728        350         98          8         44       1500   mc_w.l

    ----------------------------------------------------------------------
     41574       3266       1252         52        836      22392   Library Totals

    ----------------------------------------------------------------------

==============================================================================


      Code (inc. data)   RO Data    RW Data    ZI Data      Debug   

    108408       5590      32176      34664      30004    1395367   Grand Totals
    108408       5590      32176        300      30004    1395367   ELF Image Totals (compressed)
    108408       5590      32176        300          0          0   ROM Totals

==============================================================================

    Total RO  Size (Code + RO Data)               140584 ( 137.29kB)
    Total RW  Size (RW Data + ZI Data)             64668 (  63.15kB)
    Total ROM Size (Code + RO Data + RW Data)     140884 ( 137.58kB)

==============================================================================

